<!doctype html public "-//w3c//dtd html 4.0 transitional//en">
<html><head>
<title>Static Call Graph - [.\Objects\5080_basic_function.axf]</title></head>
<body><HR>
<H1>Static Call Graph for image .\Objects\5080_basic_function.axf</H1><HR>
<BR><P>#&#060CALLGRAPH&#062# ARM Linker, 6180002: Last Updated: Tue Nov  8 19:28:50 2022
<BR><P>
<H3>Maximum Stack Usage =        424 bytes + Unknown(Cycles, Untraceable Function Pointers)</H3><H3>
Call chain for Maximum Stack Depth:</H3>
PbapGoepClientCallback &rArr; GOEP_Connect &rArr; ClientBuildHeaders &rArr; OBEXH_BuildUnicode &rArr; OBEXH_BuildByteSeq &rArr; ObIsHeaderSpaceAvail
<P>
<H3>
Mutually Recursive functions
</H3> <LI><a href="#[72]">USB_IRQHandler</a>&nbsp;&nbsp;&nbsp;&rArr;&nbsp;&nbsp;&nbsp;<a href="#[72]">USB_IRQHandler</a><BR>
 <LI><a href="#[1b6]">ObParserTxBuffAvail</a>&nbsp;&nbsp;&nbsp;&rArr;&nbsp;&nbsp;&nbsp;<a href="#[1bd]">ObParserSendPacket</a><BR>
</UL>
<P>
<H3>
Function Pointers
</H3><UL>
 <LI><a href="#[8e]">AvdtpSigParseCapabilityRsp_imp</a> from protocol_patch.o(i.AvdtpSigParseCapabilityRsp_imp) referenced from fpb_patch.o(.data)
 <LI><a href="#[61]">BTSTACK_DisconnectReq</a> from obxbtstk.o(i.BTSTACK_DisconnectReq) referenced from obxbtstk.o(.constdata)
 <LI><a href="#[64]">BTSTACK_GetTpConnInfo</a> from obxbtstk.o(i.BTSTACK_GetTpConnInfo) referenced from obxbtstk.o(.constdata)
 <LI><a href="#[62]">BTSTACK_MaxTxSize</a> from obxbtstk.o(i.BTSTACK_MaxTxSize) referenced from obxbtstk.o(.constdata)
 <LI><a href="#[63]">BTSTACK_SendTxBuffer</a> from obxbtstk.o(i.BTSTACK_SendTxBuffer) referenced from obxbtstk.o(.constdata)
 <LI><a href="#[5]">BtClientCallBack</a> from obxbtstk.o(i.BtClientCallBack) referenced from obxbtstk.o(i.BTSTACK_ClientInit)
 <LI><a href="#[3]">BtClientCmgrCallback</a> from obxbtstk.o(i.BtClientCmgrCallback) referenced from obxbtstk.o(i.BTSTACK_ClientInit)
 <LI><a href="#[4]">BtClientGeneralCallback</a> from obxbtstk.o(i.BtClientGeneralCallback) referenced from obxbtstk.o(i.BTSTACK_ClientInit)
 <LI><a href="#[69]">BusFault_Handler</a> from syscall.txt(ABSOLUTE) referenced from app_boot_vectors.o(RESET)
 <LI><a href="#[6c]">DebugMon_Handler</a> from syscall.txt(ABSOLUTE) referenced from app_boot_vectors.o(RESET)
 <LI><a href="#[7]">GoepClntCallback</a> from goep.o(i.GoepClntCallback) referenced from goep.o(i.GOEP_RegisterClnt)
 <LI><a href="#[6]">GoepSecCallback</a> from goep.o(i.GoepSecCallback) referenced from goep.o(i.GOEP_RegisterClientSecurityRecord)
 <LI><a href="#[6]">GoepSecCallback</a> from goep.o(i.GoepSecCallback) referenced from goep.o(i.GOEP_RegisterClnt)
 <LI><a href="#[6]">GoepSecCallback</a> from goep.o(i.GoepSecCallback) referenced from goep.o(i.GoepClientSecAccessRequest)
 <LI><a href="#[67]">HardFault_Handler_Ram</a> from app_boot_vectors.o(.text) referenced from app_boot_vectors.o(RESET)
 <LI><a href="#[11]">HfRfCallback_imp</a> from app_bt_new.o(i.HfRfCallback_imp) referenced from app_bt_new.o(i.app_bt_init_imp)
 <LI><a href="#[11]">HfRfCallback_imp</a> from app_bt_new.o(i.HfRfCallback_imp) referenced from app_bt_new.o(i.bt_set_a2dp_type)
 <LI><a href="#[8b]">HfStateConnPending_imp</a> from protocol_patch.o(i.HfStateConnPending_imp) referenced from fpb_patch.o(.data)
 <LI><a href="#[a]">HidCmgrCallback</a> from syscall.txt(ABSOLUTE) referenced from hid_app.o(i.HID_Register_app)
 <LI><a href="#[9]">HidL2Callback</a> from syscall.txt(ABSOLUTE) referenced from hid_app.o(i.HID_Register_app)
 <LI><a href="#[87]">L2CAP_HciReceive_imp</a> from protocol_patch.o(i.L2CAP_HciReceive_imp) referenced from fpb_patch.o(.data)
 <LI><a href="#[8]">L2Cap_SecAccessRsp</a> from syscall.txt(ABSOLUTE) referenced from hid_app.o(i.HID_Register_app)
 <LI><a href="#[68]">MemManage_Handler</a> from syscall.txt(ABSOLUTE) referenced from app_boot_vectors.o(RESET)
 <LI><a href="#[66]">NMI_Handler</a> from syscall.txt(ABSOLUTE) referenced from app_boot_vectors.o(RESET)
 <LI><a href="#[81]">NVIC_EnableIRQ_imp</a> from patch.o(ram_code) referenced from patch.o(.data)
 <LI><a href="#[b]">ObClientEventInd</a> from obclient.o(i.ObClientEventInd) referenced from obclient.o(i.OBEX_ClientInit)
 <LI><a href="#[3f]">PBAPOBS_GetObjectLen</a> from pbapobs.o(i.PBAPOBS_GetObjectLen) referenced from pbap.o(.constdata)
 <LI><a href="#[3d]">PBAPOBS_Read</a> from pbapobs.o(i.PBAPOBS_Read) referenced from pbap.o(.constdata)
 <LI><a href="#[40]">PBAPOBS_ReadFlex</a> from pbapobs.o(i.PBAPOBS_ReadFlex) referenced from pbap.o(.constdata)
 <LI><a href="#[3e]">PBAPOBS_Write</a> from pbapobs.o(i.PBAPOBS_Write) referenced from pbap.o(.constdata)
 <LI><a href="#[c]">PbapGoepClientCallback</a> from pbap.o(i.PbapGoepClientCallback) referenced from pbap.o(i.PBAP_RegisterClnt)
 <LI><a href="#[6d]">PendSV_Handler</a> from syscall.txt(ABSOLUTE) referenced from app_boot_vectors.o(RESET)
 <LI><a href="#[5b]">ProcessGeneral</a> from observer.o(i.ProcessGeneral) referenced from obxalloc.o(.constdata)
 <LI><a href="#[5d]">ProcessGet</a> from observer.o(i.ProcessGet) referenced from obxalloc.o(.constdata)
 <LI><a href="#[60]">ProcessGetEvents</a> from obclient.o(i.ProcessGetEvents) referenced from obxalloc.o(.constdata)
 <LI><a href="#[5c]">ProcessPut</a> from observer.o(i.ProcessPut) referenced from obxalloc.o(.constdata)
 <LI><a href="#[5f]">ProcessPutEvents</a> from obclient.o(i.ProcessPutEvents) referenced from obxalloc.o(.constdata)
 <LI><a href="#[5e]">ProcessSimpleOpEvents</a> from obclient.o(i.ProcessSimpleOpEvents) referenced from obxalloc.o(.constdata)
 <LI><a href="#[65]">Reset_Handler</a> from syscall.txt(ABSOLUTE) referenced from app_boot_vectors.o(RESET)
 <LI><a href="#[83]">RfAdvanceIncomingToOpenState_imp</a> from protocol_patch.o(i.RfAdvanceIncomingToOpenState_imp) referenced from fpb_patch.o(.data)
 <LI><a href="#[6b]">SVC_Handler</a> from app_boot_vectors.o(.text) referenced from app_boot_vectors.o(RESET)
 <LI><a href="#[82]">SecProcessSecurityToken_imp</a> from protocol_patch.o(i.SecProcessSecurityToken_imp) referenced from fpb_patch.o(.data)
 <LI><a href="#[6e]">SysTick_Handler</a> from syscall.txt(ABSOLUTE) referenced from app_boot_vectors.o(RESET)
 <LI><a href="#[72]">USB_IRQHandler</a> from app_boot_vectors.o(.text) referenced from app_boot_vectors.o(RESET)
 <LI><a href="#[6a]">UsageFault_Handler</a> from syscall.txt(ABSOLUTE) referenced from app_boot_vectors.o(RESET)
 <LI><a href="#[1]">__2printf</a> from syscall.txt(ABSOLUTE) referenced from hardfault.o(.text.HardFault_Handler_C)
 <LI><a href="#[12]">a2dp_callback_imp</a> from app_bt_new.o(i.a2dp_callback_imp) referenced from app_bt_new.o(i.app_bt_init_imp)
 <LI><a href="#[12]">a2dp_callback_imp</a> from app_bt_new.o(i.a2dp_callback_imp) referenced from app_bt_new.o(i.bt_set_a2dp_type)
 <LI><a href="#[7d]">app_at_uart_recv</a> from app_at.o(ram_code) referenced 2 times from app_at.o(ram_code)
 <LI><a href="#[2f]">app_button_pressed_handler_imp</a> from patch.o(i.app_button_pressed_handler_imp) referenced from patch.o(i.ke_handler_search_get_imp)
 <LI><a href="#[4a]">app_get_current_rssi_rsp</a> from app_ble_task_new.o(i.app_get_current_rssi_rsp) referenced from app_ble_task_new.o(.constdata)
 <LI><a href="#[30]">app_msg_calibration_end_handler_imp</a> from patch.o(ram_code) referenced from patch.o(i.ke_handler_search_get_imp)
 <LI><a href="#[3c]">app_otas_add_otass</a> from syscall.txt(ABSOLUTE) referenced from app_ble_new.o(.constdata)
 <LI><a href="#[55]">app_sec_msg_dflt_handler</a> from app_sec.o(i.app_sec_msg_dflt_handler) referenced from app_sec.o(.constdata)
 <LI><a href="#[21]">appm_adv_recv_gapm_cmp</a> from app_ble_new.o(i.appm_adv_recv_gapm_cmp) referenced from app_ble_new.o(i.appm_set_advertising_data)
 <LI><a href="#[21]">appm_adv_recv_gapm_cmp</a> from app_ble_new.o(i.appm_adv_recv_gapm_cmp) referenced from app_ble_new.o(i.appm_set_per_adv_data)
 <LI><a href="#[21]">appm_adv_recv_gapm_cmp</a> from app_ble_new.o(i.appm_adv_recv_gapm_cmp) referenced from app_ble_new.o(i.appm_set_scan_response_data)
 <LI><a href="#[21]">appm_adv_recv_gapm_cmp</a> from app_ble_new.o(i.appm_adv_recv_gapm_cmp) referenced from gap_api.o(i.gap_start_advertising)
 <LI><a href="#[21]">appm_adv_recv_gapm_cmp</a> from app_ble_new.o(i.appm_adv_recv_gapm_cmp) referenced from gap_api.o(i.gap_stop_advertising)
 <LI><a href="#[2e]">appm_ble_update_conn_param_handler_imp</a> from patch.o(i.appm_ble_update_conn_param_handler_imp) referenced from patch.o(i.ke_handler_search_get_imp)
 <LI><a href="#[41]">appm_msg_handler</a> from app_ble_task_new.o(i.appm_msg_handler) referenced from app_ble_task_new.o(.constdata)
 <LI><a href="#[38]">audio_codec_buildin_sbc_imp</a> from audio_codec_new.o(i.audio_codec_buildin_sbc_imp) referenced from patch.o(i.ke_handler_search_get_imp)
 <LI><a href="#[1b]">audio_codec_init_imp</a> from audio_codec_new.o(ram_code) referenced from patch.o(i.app_entry_sub)
 <LI><a href="#[35]">audio_codec_mic_loop_handler_imp</a> from audio_codec_new.o(i.audio_codec_mic_loop_handler_imp) referenced from patch.o(i.ke_handler_search_get_imp)
 <LI><a href="#[36]">audio_codec_mic_only_handler_imp</a> from audio_codec_new.o(i.audio_codec_mic_only_handler_imp) referenced from patch.o(i.ke_handler_search_get_imp)
 <LI><a href="#[37]">audio_codec_native_playback_handler_imp</a> from audio_codec_new.o(i.audio_codec_native_playback_handler_imp) referenced from patch.o(i.ke_handler_search_get_imp)
 <LI><a href="#[31]">audio_codec_off_handler_imp</a> from audio_codec_new.o(i.audio_codec_off_handler_imp) referenced from patch.o(i.ke_handler_search_get_imp)
 <LI><a href="#[32]">audio_codec_sbc_handler_imp</a> from audio_codec_new.o(i.audio_codec_sbc_handler_imp) referenced from patch.o(i.ke_handler_search_get_imp)
 <LI><a href="#[34]">audio_codec_sco_handler_imp</a> from audio_codec_new.o(i.audio_codec_sco_handler_imp) referenced from patch.o(i.ke_handler_search_get_imp)
 <LI><a href="#[33]">audio_codec_tone_handler_imp</a> from audio_codec_new.o(i.audio_codec_tone_handler_imp) referenced from patch.o(i.ke_handler_search_get_imp)
 <LI><a href="#[14]">avctp_callback_imp</a> from app_bt_new.o(i.avctp_callback_imp) referenced from app_bt_new.o(i.app_bt_init_imp)
 <LI><a href="#[14]">avctp_callback_imp</a> from app_bt_new.o(i.avctp_callback_imp) referenced from app_bt_new.o(i.bt_set_a2dp_type)
 <LI><a href="#[d]">avdev_callback_imp</a> from app_bt_new.o(i.avdev_callback_imp) referenced from a2dp_api.o(i.a2dp_open_stream)
 <LI><a href="#[d]">avdev_callback_imp</a> from app_bt_new.o(i.avdev_callback_imp) referenced from app_bt_new.o(i.a2dp_start_discover)
 <LI><a href="#[d]">avdev_callback_imp</a> from app_bt_new.o(i.avdev_callback_imp) referenced from app_bt_new.o(i.app_bt_init_imp)
 <LI><a href="#[d]">avdev_callback_imp</a> from app_bt_new.o(i.avdev_callback_imp) referenced 5 times from app_bt_new.o(i.avdev_callback_imp)
 <LI><a href="#[13]">avrcp_callback_imp</a> from app_bt_new.o(i.avrcp_callback_imp) referenced from app_bt_new.o(i.app_bt_init_imp)
 <LI><a href="#[13]">avrcp_callback_imp</a> from app_bt_new.o(i.avrcp_callback_imp) referenced from app_bt_new.o(i.bt_set_a2dp_type)
 <LI><a href="#[22]">ble_bond_addr_resolve_cb</a> from user_bond_manage.o(i.ble_bond_addr_resolve_cb) referenced from user_bond_manage.o(i.ble_bond_check)
 <LI><a href="#[2d]">bt_dev0_enter_sniff_handler</a> from patch.o(i.bt_dev0_enter_sniff_handler) referenced from patch.o(i.ke_handler_search_get_imp)
 <LI><a href="#[7c]">cdc_isr_imp</a> from audio_codec_new.o(i.cdc_isr_imp) referenced from app_boot_vectors.o(RESET)
 <LI><a href="#[76]">exti_isr_ram</a> from app_boot_vectors.o(.text) referenced from app_boot_vectors.o(RESET)
 <LI><a href="#[58]">gapc_bond_ind_handler</a> from app_sec.o(i.gapc_bond_ind_handler) referenced from app_sec.o(.constdata)
 <LI><a href="#[57]">gapc_bond_req_ind_handler</a> from app_sec.o(i.gapc_bond_req_ind_handler) referenced from app_sec.o(.constdata)
 <LI><a href="#[4f]">gapc_cmp_evt_handler</a> from app_ble_task_new.o(i.gapc_cmp_evt_handler) referenced from app_ble_task_new.o(.constdata)
 <LI><a href="#[4d]">gapc_connection_req_ind_handler</a> from app_ble_task_new.o(i.gapc_connection_req_ind_handler) referenced from app_ble_task_new.o(.constdata)
 <LI><a href="#[50]">gapc_disconnect_ind_handler</a> from app_ble_task_new.o(i.gapc_disconnect_ind_handler) referenced from app_ble_task_new.o(.constdata)
 <LI><a href="#[5a]">gapc_encrypt_ind_handler</a> from app_sec.o(i.gapc_encrypt_ind_handler) referenced from app_sec.o(.constdata)
 <LI><a href="#[59]">gapc_encrypt_req_ind_handler</a> from app_sec.o(i.gapc_encrypt_req_ind_handler) referenced from app_sec.o(.constdata)
 <LI><a href="#[4b]">gapc_get_dev_info_req_ind_handler</a> from app_ble_task_new.o(i.gapc_get_dev_info_req_ind_handler) referenced from app_ble_task_new.o(.constdata)
 <LI><a href="#[28]">gapc_hci_handler_imp</a> from patch.o(i.gapc_hci_handler_imp) referenced from patch.o(i.ke_handler_search_get_imp)
 <LI><a href="#[4e]">gapc_param_update_req_ind_handler</a> from app_ble_task_new.o(i.gapc_param_update_req_ind_handler) referenced from app_ble_task_new.o(.constdata)
 <LI><a href="#[52]">gapc_peer_features_ind_handler</a> from app_ble_task_new.o(i.gapc_peer_features_ind_handler) referenced from app_ble_task_new.o(.constdata)
 <LI><a href="#[51]">gapc_peer_ver_ind_handler</a> from app_ble_task_new.o(i.gapc_peer_ver_ind_handler) referenced from app_ble_task_new.o(.constdata)
 <LI><a href="#[56]">gapc_security_ind_handler</a> from app_sec.o(i.gapc_security_ind_handler) referenced from app_sec.o(.constdata)
 <LI><a href="#[4c]">gapc_set_dev_info_req_ind_handler</a> from app_ble_task_new.o(i.gapc_set_dev_info_req_ind_handler) referenced from app_ble_task_new.o(.constdata)
 <LI><a href="#[43]">gapm_activity_created_ind_handler</a> from app_ble_task_new.o(i.gapm_activity_created_ind_handler) referenced from app_ble_task_new.o(.constdata)
 <LI><a href="#[44]">gapm_activity_stopped_ind_handler</a> from app_ble_task_new.o(i.gapm_activity_stopped_ind_handler) referenced from app_ble_task_new.o(.constdata)
 <LI><a href="#[49]">gapm_addr_solved_ind_handler</a> from app_ble_task_new.o(i.gapm_addr_solved_ind_handler) referenced from app_ble_task_new.o(.constdata)
 <LI><a href="#[45]">gapm_cmp_evt_handler</a> from app_ble_task_new.o(i.gapm_cmp_evt_handler) referenced from app_ble_task_new.o(.constdata)
 <LI><a href="#[53]">gapm_enc_block_ind_handler</a> from app_ble_task_new.o(i.gapm_enc_block_ind_handler) referenced from app_ble_task_new.o(.constdata)
 <LI><a href="#[47]">gapm_ext_adv_report_ind_handler</a> from app_ble_task_new.o(i.gapm_ext_adv_report_ind_handler) referenced from app_ble_task_new.o(.constdata)
 <LI><a href="#[46]">gapm_gen_rand_nb_ind_handler</a> from app_ble_task_new.o(i.gapm_gen_rand_nb_ind_handler) referenced from app_ble_task_new.o(.constdata)
 <LI><a href="#[42]">gapm_profile_added_ind_handler</a> from app_ble_task_new.o(i.gapm_profile_added_ind_handler) referenced from app_ble_task_new.o(.constdata)
 <LI><a href="#[48]">gapm_sync_established_ind_handler</a> from app_ble_task_new.o(i.gapm_sync_established_ind_handler) referenced from app_ble_task_new.o(.constdata)
 <LI><a href="#[24]">gatt_msg_default_handler</a> from gatt_api.o(i.gatt_msg_default_handler) referenced from gatt_api.o(i.gatt_service_init)
 <LI><a href="#[92]">gatt_service_connection_cleanup</a> from gatt_api.o(i.gatt_service_connection_cleanup) referenced from gatt_api.o(.data)
 <LI><a href="#[91]">gatt_service_connection_created</a> from gatt_api.o(i.gatt_service_connection_created) referenced from gatt_api.o(.data)
 <LI><a href="#[90]">gatt_service_destroy</a> from gatt_api.o(i.gatt_service_destroy) referenced from gatt_api.o(.data)
 <LI><a href="#[8f]">gatt_service_init</a> from gatt_api.o(i.gatt_service_init) referenced from gatt_api.o(.data)
 <LI><a href="#[54]">gattc_event_ind_handler</a> from app_ble_task_new.o(i.gattc_event_ind_handler) referenced from app_ble_task_new.o(.constdata)
 <LI><a href="#[27]">hci_acl_data_handler_imp</a> from patch.o(i.hci_acl_data_handler_imp) referenced from patch.o(i.ke_handler_search_get_imp)
 <LI><a href="#[26]">hci_event_handler_imp</a> from patch.o(i.hci_event_handler_imp) referenced from patch.o(i.ke_handler_search_get_imp)
 <LI><a href="#[25]">hci_host_tx_cmd_handler_imp</a> from patch.o(i.hci_host_tx_cmd_handler_imp) referenced from patch.o(i.ke_handler_search_get_imp)
 <LI><a href="#[2a]">hci_host_tx_data_handler_imp</a> from protocol_patch.o(i.hci_host_tx_data_handler_imp) referenced from patch.o(i.ke_handler_search_get_imp)
 <LI><a href="#[29]">hci_nb_cmp_pkts_evt_handler</a> from patch.o(i.hci_nb_cmp_pkts_evt_handler) referenced from patch.o(i.ke_handler_search_get_imp)
 <LI><a href="#[2b]">hci_rfcomm_close_to_handler</a> from protocol_patch.o(i.hci_rfcomm_close_to_handler) referenced from patch.o(i.ke_handler_search_get_imp)
 <LI><a href="#[2c]">hci_rfcomm_open_to_handler</a> from protocol_patch.o(i.hci_rfcomm_open_to_handler) referenced from patch.o(i.ke_handler_search_get_imp)
 <LI><a href="#[8a]">hfHandleNegotiateComplete_imp</a> from protocol_patch.o(i.hfHandleNegotiateComplete_imp) referenced from fpb_patch.o(.data)
 <LI><a href="#[10]">hf_callback_imp</a> from app_bt_new.o(i.hf_callback_imp) referenced from app_bt_new.o(i.app_bt_init_imp)
 <LI><a href="#[10]">hf_callback_imp</a> from app_bt_new.o(i.hf_callback_imp) referenced from app_bt_new.o(i.bt_set_a2dp_type)
 <LI><a href="#[16]">hid_callback_imp</a> from app_bt_new.o(i.hid_callback_imp) referenced from app_bt_new.o(i.app_bt_init_imp)
 <LI><a href="#[77]">i2s_isr_ram</a> from app_boot_vectors.o(.text) referenced from app_boot_vectors.o(RESET)
 <LI><a href="#[79]">ipc_isr_ram</a> from driver_ipc.o(ram_code) referenced from app_boot_vectors.o(RESET)
 <LI><a href="#[18]">ke_handler_search_get_imp</a> from patch.o(i.ke_handler_search_get_imp) referenced from patch.o(i.app_entry_sub)
 <LI><a href="#[39]">lc_lmp_rx_handler_imp</a> from protocol_patch.o(i.lc_lmp_rx_handler_imp) referenced from patch.o(i.ke_handler_search_get_imp)
 <LI><a href="#[3a]">lc_op_detach_ind_handler_imp</a> from protocol_patch.o(i.lc_op_detach_ind_handler_imp) referenced from patch.o(i.ke_handler_search_get_imp)
 <LI><a href="#[1f]">ld_acl_rx_sync_end_imp</a> from patch.o(i.ld_acl_rx_sync_end_imp) referenced from patch.o(i.app_entry_sub)
 <LI><a href="#[84]">ld_acl_start_imp</a> from protocol_patch.o(i.ld_acl_start_imp) referenced from fpb_patch.o(.data)
 <LI><a href="#[88]">llc_rem_dl_upd_proc_imp</a> from protocol_patch.o(i.llc_rem_dl_upd_proc_imp) referenced from fpb_patch.o(.data)
 <LI><a href="#[89]">lld_con_frm_cbk_imp</a> from protocol_patch.o(ram_code) referenced from fpb_patch.o(.data)
 <LI><a href="#[8d]">lld_con_sched_imp</a> from protocol_patch.o(i.lld_con_sched_imp) referenced from fpb_patch.o(.data)
 <LI><a href="#[85]">lm_get_sync_offset_imp</a> from protocol_patch.o(i.lm_get_sync_offset_imp) referenced from fpb_patch.o(.data)
 <LI><a href="#[1d]">low_power_restore_entry_patch</a> from patch.o(ram_code) referenced from patch.o(i.app_entry_sub)
 <LI><a href="#[1e]">low_power_save_entry_patch</a> from patch.o(ram_code) referenced from patch.o(i.app_entry_sub)
 <LI><a href="#[f]">me_callback_imp</a> from app_bt_new.o(i.me_callback_imp) referenced from app_bt_new.o(i.app_bt_init_imp)
 <LI><a href="#[23]">os_default_task_func</a> from os_task.o(i.os_default_task_func) referenced from os_task.o(i.from_task_func_to_msg_handle)
 <LI><a href="#[17]">pmu_init_imp</a> from pmu_patch.o(i.pmu_init_imp) referenced from patch.o(i.app_entry_sub)
 <LI><a href="#[78]">pmu_isr_imp</a> from pmu_patch.o(ram_code) referenced from app_boot_vectors.o(RESET)
 <LI><a href="#[8c]">prf_itf_get_imp</a> from protocol_patch.o(i.prf_itf_get_imp) referenced from fpb_patch.o(.data)
 <LI><a href="#[0]">prv_call_svc_pc</a> from syscall.txt(ABSOLUTE) referenced from app_boot_vectors.o(.text)
 <LI><a href="#[19]">rf_init_imp</a> from rf_patch.o(ram_code) referenced from patch.o(i.app_entry_sub)
 <LI><a href="#[71]">rwble_isr_imp</a> from rf_patch.o(ram_code) referenced from app_boot_vectors.o(RESET)
 <LI><a href="#[70]">rwbt_isr_imp</a> from rf_patch.o(ram_code) referenced from app_boot_vectors.o(RESET)
 <LI><a href="#[6f]">rwip_isr_imp</a> from rf_patch.o(ram_code) referenced from app_boot_vectors.o(RESET)
 <LI><a href="#[80]">rwip_param_dummy_del</a> from patch.o(i.rwip_param_dummy_del) referenced from patch.o(ram_code)
 <LI><a href="#[7e]">rwip_param_dummy_get</a> from patch.o(i.rwip_param_dummy_get) referenced from patch.o(ram_code)
 <LI><a href="#[7f]">rwip_param_dummy_set</a> from patch.o(i.rwip_param_dummy_set) referenced from patch.o(ram_code)
 <LI><a href="#[1a]">sbc_init_imp</a> from audio_codec_new.o(ram_code) referenced from patch.o(i.app_entry_sub)
 <LI><a href="#[7b]">sbc_isr_imp</a> from audio_codec_new.o(ram_code) referenced from app_boot_vectors.o(RESET)
 <LI><a href="#[86]">sch_arb_prog_timer_imp</a> from protocol_patch.o(ram_code) referenced from fpb_patch.o(.data)
 <LI><a href="#[e]">security_event_handler_imp</a> from app_bt_new.o(i.security_event_handler_imp) referenced from app_bt_new.o(i.app_bt_init_imp)
 <LI><a href="#[15]">spp_callback_imp</a> from app_bt_new.o(i.spp_callback_imp) referenced from app_bt_new.o(i.app_bt_init_imp)
 <LI><a href="#[3b]">spp_rfcomm_callback_imp</a> from protocol_patch.o(i.spp_rfcomm_callback_imp) referenced from protocol_patch.o(i.spp_register_imp)
 <LI><a href="#[7a]">ssp_isr</a> from app_boot_vectors.o(.text) referenced from app_boot_vectors.o(RESET)
 <LI><a href="#[1c]">svc_exception_handler_imp</a> from fpb_patch.o(ram_code) referenced from patch.o(i.app_entry_sub)
 <LI><a href="#[73]">timer0_isr_ram</a> from driver_timer.o(ram_code) referenced from app_boot_vectors.o(RESET)
 <LI><a href="#[74]">timer1_isr_ram</a> from driver_timer.o(ram_code) referenced from app_boot_vectors.o(RESET)
 <LI><a href="#[75]">uart_isr_ram</a> from app_at.o(ram_code) referenced from app_boot_vectors.o(RESET)
 <LI><a href="#[20]">user_app_bt_profile_init_end</a> from patch.o(i.user_app_bt_profile_init_end) referenced from patch.o(i.app_entry_sub)
 <LI><a href="#[2]">user_task_func</a> from user_task.o(.text.user_task_func) referenced from user_task.o(.text.user_task_init)
</UL>
<P>
<H3>
Global Symbols
</H3>
<P><STRONG><a name="[cf]"></a>fr_mul_64</STRONG> (Thumb, 0 bytes, Stack size 0 bytes, syscall.txt(ABSOLUTE))
<BR><BR>[Called By]<UL><LI><a href="#[30]">&gt;&gt;</a>&nbsp;&nbsp;&nbsp;app_msg_calibration_end_handler_imp (via Veneer)
</UL>

<P><STRONG><a name="[10d]"></a>vPortSVCHandler</STRONG> (Thumb, 0 bytes, Stack size 0 bytes, syscall.txt(ABSOLUTE))
<BR><BR>[Called By]<UL><LI><a href="#[6b]">&gt;&gt;</a>&nbsp;&nbsp;&nbsp;SVC_Handler (via Veneer)
</UL>

<P><STRONG><a name="[0]"></a>prv_call_svc_pc</STRONG> (Thumb, 0 bytes, Stack size 0 bytes, syscall.txt(ABSOLUTE), UNUSED)
<BR>[Address Reference Count : 1]<UL><LI> app_boot_vectors.o(.text)
</UL>
<P><STRONG><a name="[6d]"></a>PendSV_Handler</STRONG> (Thumb, 0 bytes, Stack size 0 bytes, syscall.txt(ABSOLUTE), UNUSED)
<BR>[Address Reference Count : 1]<UL><LI> app_boot_vectors.o(RESET)
</UL>
<P><STRONG><a name="[65]"></a>Reset_Handler</STRONG> (Thumb, 0 bytes, Stack size 0 bytes, syscall.txt(ABSOLUTE), UNUSED)
<BR>[Address Reference Count : 1]<UL><LI> app_boot_vectors.o(RESET)
</UL>
<P><STRONG><a name="[66]"></a>NMI_Handler</STRONG> (Thumb, 0 bytes, Stack size 0 bytes, syscall.txt(ABSOLUTE), UNUSED)
<BR>[Address Reference Count : 1]<UL><LI> app_boot_vectors.o(RESET)
</UL>
<P><STRONG><a name="[68]"></a>MemManage_Handler</STRONG> (Thumb, 0 bytes, Stack size 0 bytes, syscall.txt(ABSOLUTE), UNUSED)
<BR>[Address Reference Count : 1]<UL><LI> app_boot_vectors.o(RESET)
</UL>
<P><STRONG><a name="[69]"></a>BusFault_Handler</STRONG> (Thumb, 0 bytes, Stack size 0 bytes, syscall.txt(ABSOLUTE), UNUSED)
<BR>[Address Reference Count : 1]<UL><LI> app_boot_vectors.o(RESET)
</UL>
<P><STRONG><a name="[6a]"></a>UsageFault_Handler</STRONG> (Thumb, 0 bytes, Stack size 0 bytes, syscall.txt(ABSOLUTE), UNUSED)
<BR>[Address Reference Count : 1]<UL><LI> app_boot_vectors.o(RESET)
</UL>
<P><STRONG><a name="[6c]"></a>DebugMon_Handler</STRONG> (Thumb, 0 bytes, Stack size 0 bytes, syscall.txt(ABSOLUTE), UNUSED)
<BR>[Address Reference Count : 1]<UL><LI> app_boot_vectors.o(RESET)
</UL>
<P><STRONG><a name="[b1]"></a>CPU_SR_Save</STRONG> (Thumb, 0 bytes, Stack size 0 bytes, syscall.txt(ABSOLUTE))
<BR><BR>[Called By]<UL><LI><a href="#[b9]">&gt;&gt;</a>&nbsp;&nbsp;&nbsp;ipc_msg_flush (via Veneer)
<LI><a href="#[b6]">&gt;&gt;</a>&nbsp;&nbsp;&nbsp;ipc_msg_with_payload_send (via Veneer)
<LI><a href="#[b0]">&gt;&gt;</a>&nbsp;&nbsp;&nbsp;ipc_msg_send (via Veneer)
<LI><a href="#[bd]">&gt;&gt;</a>&nbsp;&nbsp;&nbsp;ipc_msg_sent (via Veneer)
<LI><a href="#[6f]">&gt;&gt;</a>&nbsp;&nbsp;&nbsp;rwip_isr_imp (via Veneer)
<LI><a href="#[13e]">&gt;&gt;</a>&nbsp;&nbsp;&nbsp;system_sleep_disable (via Veneer)
<LI><a href="#[98]">&gt;&gt;</a>&nbsp;&nbsp;&nbsp;frspim_wr (via Veneer)
<LI><a href="#[96]">&gt;&gt;</a>&nbsp;&nbsp;&nbsp;frspim_rd (via Veneer)
<LI><a href="#[30]">&gt;&gt;</a>&nbsp;&nbsp;&nbsp;app_msg_calibration_end_handler_imp (via Veneer)
<LI><a href="#[ce]">&gt;&gt;</a>&nbsp;&nbsp;&nbsp;flash_erase (via Veneer)
<LI><a href="#[c9]">&gt;&gt;</a>&nbsp;&nbsp;&nbsp;flash_write (via Veneer)
<LI><a href="#[d9]">&gt;&gt;</a>&nbsp;&nbsp;&nbsp;main_loop (via Veneer)
<LI><a href="#[27]">&gt;&gt;</a>&nbsp;&nbsp;&nbsp;hci_acl_data_handler_imp (via Veneer)
<LI><a href="#[1a]">&gt;&gt;</a>&nbsp;&nbsp;&nbsp;sbc_init_imp (via Veneer)
<LI><a href="#[22b]">&gt;&gt;</a>&nbsp;&nbsp;&nbsp;audio_codec_clear_state_imp (via Veneer)
<LI><a href="#[38]">&gt;&gt;</a>&nbsp;&nbsp;&nbsp;audio_codec_buildin_sbc_imp (via Veneer)
<LI><a href="#[12]">&gt;&gt;</a>&nbsp;&nbsp;&nbsp;a2dp_callback_imp (via Veneer)
<LI><a href="#[210]">&gt;&gt;</a>&nbsp;&nbsp;&nbsp;check_timer_handle (via Veneer)
<LI><a href="#[107]">&gt;&gt;</a>&nbsp;&nbsp;&nbsp;flash_OTP_erase (via Veneer)
<LI><a href="#[106]">&gt;&gt;</a>&nbsp;&nbsp;&nbsp;flash_OTP_read (via Veneer)
<LI><a href="#[104]">&gt;&gt;</a>&nbsp;&nbsp;&nbsp;flash_OTP_write (via Veneer)
<LI><a href="#[27f]">&gt;&gt;</a>&nbsp;&nbsp;&nbsp;hci_stack_tx_data_dispatch_imp (via Veneer)
</UL>

<P><STRONG><a name="[b5]"></a>CPU_SR_Restore</STRONG> (Thumb, 0 bytes, Stack size 0 bytes, syscall.txt(ABSOLUTE))
<BR><BR>[Called By]<UL><LI><a href="#[b9]">&gt;&gt;</a>&nbsp;&nbsp;&nbsp;ipc_msg_flush (via Veneer)
<LI><a href="#[b6]">&gt;&gt;</a>&nbsp;&nbsp;&nbsp;ipc_msg_with_payload_send (via Veneer)
<LI><a href="#[b0]">&gt;&gt;</a>&nbsp;&nbsp;&nbsp;ipc_msg_send (via Veneer)
<LI><a href="#[bd]">&gt;&gt;</a>&nbsp;&nbsp;&nbsp;ipc_msg_sent (via Veneer)
<LI><a href="#[6f]">&gt;&gt;</a>&nbsp;&nbsp;&nbsp;rwip_isr_imp (via Veneer)
<LI><a href="#[13e]">&gt;&gt;</a>&nbsp;&nbsp;&nbsp;system_sleep_disable (via Veneer)
<LI><a href="#[98]">&gt;&gt;</a>&nbsp;&nbsp;&nbsp;frspim_wr (via Veneer)
<LI><a href="#[96]">&gt;&gt;</a>&nbsp;&nbsp;&nbsp;frspim_rd (via Veneer)
<LI><a href="#[30]">&gt;&gt;</a>&nbsp;&nbsp;&nbsp;app_msg_calibration_end_handler_imp (via Veneer)
<LI><a href="#[ce]">&gt;&gt;</a>&nbsp;&nbsp;&nbsp;flash_erase (via Veneer)
<LI><a href="#[c9]">&gt;&gt;</a>&nbsp;&nbsp;&nbsp;flash_write (via Veneer)
<LI><a href="#[d9]">&gt;&gt;</a>&nbsp;&nbsp;&nbsp;main_loop (via Veneer)
<LI><a href="#[27]">&gt;&gt;</a>&nbsp;&nbsp;&nbsp;hci_acl_data_handler_imp (via Veneer)
<LI><a href="#[1a]">&gt;&gt;</a>&nbsp;&nbsp;&nbsp;sbc_init_imp (via Veneer)
<LI><a href="#[22b]">&gt;&gt;</a>&nbsp;&nbsp;&nbsp;audio_codec_clear_state_imp (via Veneer)
<LI><a href="#[38]">&gt;&gt;</a>&nbsp;&nbsp;&nbsp;audio_codec_buildin_sbc_imp (via Veneer)
<LI><a href="#[12]">&gt;&gt;</a>&nbsp;&nbsp;&nbsp;a2dp_callback_imp (via Veneer)
<LI><a href="#[210]">&gt;&gt;</a>&nbsp;&nbsp;&nbsp;check_timer_handle (via Veneer)
<LI><a href="#[107]">&gt;&gt;</a>&nbsp;&nbsp;&nbsp;flash_OTP_erase (via Veneer)
<LI><a href="#[106]">&gt;&gt;</a>&nbsp;&nbsp;&nbsp;flash_OTP_read (via Veneer)
<LI><a href="#[104]">&gt;&gt;</a>&nbsp;&nbsp;&nbsp;flash_OTP_write (via Veneer)
<LI><a href="#[27f]">&gt;&gt;</a>&nbsp;&nbsp;&nbsp;hci_stack_tx_data_dispatch_imp (via Veneer)
</UL>

<P><STRONG><a name="[dd]"></a>GLOBAL_INT_STOP</STRONG> (Thumb, 0 bytes, Stack size 0 bytes, syscall.txt(ABSOLUTE))
<BR><BR>[Called By]<UL><LI><a href="#[d9]">&gt;&gt;</a>&nbsp;&nbsp;&nbsp;main_loop (via Veneer)
</UL>

<P><STRONG><a name="[de]"></a>GLOBAL_INT_START</STRONG> (Thumb, 0 bytes, Stack size 0 bytes, syscall.txt(ABSOLUTE))
<BR><BR>[Called By]<UL><LI><a href="#[d9]">&gt;&gt;</a>&nbsp;&nbsp;&nbsp;main_loop (via Veneer)
</UL>

<P><STRONG><a name="[14a]"></a>rand</STRONG> (Thumb, 0 bytes, Stack size 0 bytes, syscall.txt(ABSOLUTE))
<BR><BR>[Called By]<UL><LI><a href="#[94]">&gt;&gt;</a>&nbsp;&nbsp;&nbsp;app_entry_sub (via Veneer)
<LI><a href="#[145]">&gt;&gt;</a>&nbsp;&nbsp;&nbsp;A2DP_Register_imp (via Veneer)
<LI><a href="#[57]">&gt;&gt;</a>&nbsp;&nbsp;&nbsp;gapc_bond_req_ind_handler (via Veneer)
</UL>

<P><STRONG><a name="[1fe]"></a>srand</STRONG> (Thumb, 0 bytes, Stack size 0 bytes, syscall.txt(ABSOLUTE))
<BR><BR>[Called By]<UL><LI><a href="#[94]">&gt;&gt;</a>&nbsp;&nbsp;&nbsp;app_entry_sub (via Veneer)
</UL>

<P><STRONG><a name="[b8]"></a>__aeabi_memcpy</STRONG> (Thumb, 0 bytes, Stack size 0 bytes, syscall.txt(ABSOLUTE))
<BR><BR>[Called By]<UL><LI><a href="#[b6]">&gt;&gt;</a>&nbsp;&nbsp;&nbsp;ipc_msg_with_payload_send (via Veneer)
<LI><a href="#[bd]">&gt;&gt;</a>&nbsp;&nbsp;&nbsp;ipc_msg_sent (via Veneer)
<LI><a href="#[9d]">&gt;&gt;</a>&nbsp;&nbsp;&nbsp;os_msg_post (via Veneer)
<LI><a href="#[127]">&gt;&gt;</a>&nbsp;&nbsp;&nbsp;spp_send_data (via Veneer)
<LI><a href="#[119]">&gt;&gt;</a>&nbsp;&nbsp;&nbsp;bt_set_a2dp_type (via Veneer)
<LI><a href="#[116]">&gt;&gt;</a>&nbsp;&nbsp;&nbsp;app_at_cmd_recv_handler (via Veneer)
<LI><a href="#[13b]">&gt;&gt;</a>&nbsp;&nbsp;&nbsp;user_custom_parameters (via Veneer)
<LI><a href="#[94]">&gt;&gt;</a>&nbsp;&nbsp;&nbsp;app_entry_sub (via Veneer)
<LI><a href="#[7e]">&gt;&gt;</a>&nbsp;&nbsp;&nbsp;rwip_param_dummy_get (via Veneer)
<LI><a href="#[19c]">&gt;&gt;</a>&nbsp;&nbsp;&nbsp;HidRegisterSdp_app (via Veneer)
<LI><a href="#[214]">&gt;&gt;</a>&nbsp;&nbsp;&nbsp;appm_set_scan_response_data (via Veneer)
<LI><a href="#[215]">&gt;&gt;</a>&nbsp;&nbsp;&nbsp;appm_set_per_adv_data (via Veneer)
<LI><a href="#[213]">&gt;&gt;</a>&nbsp;&nbsp;&nbsp;appm_set_advertising_data (via Veneer)
<LI><a href="#[12]">&gt;&gt;</a>&nbsp;&nbsp;&nbsp;a2dp_callback_imp (via Veneer)
<LI><a href="#[158]">&gt;&gt;</a>&nbsp;&nbsp;&nbsp;AvrcpHandleAdvRsp_imp (via Veneer)
<LI><a href="#[1f0]">&gt;&gt;</a>&nbsp;&nbsp;&nbsp;app_bt_init_imp (via Veneer)
<LI><a href="#[1da]">&gt;&gt;</a>&nbsp;&nbsp;&nbsp;SecHandleLinkKeyNotify_imp (via Veneer)
<LI><a href="#[8f]">&gt;&gt;</a>&nbsp;&nbsp;&nbsp;gatt_service_init (via Veneer)
<LI><a href="#[243]">&gt;&gt;</a>&nbsp;&nbsp;&nbsp;ble_sec_resolve_address (via Veneer)
<LI><a href="#[240]">&gt;&gt;</a>&nbsp;&nbsp;&nbsp;ble_sec_init (via Veneer)
<LI><a href="#[59]">&gt;&gt;</a>&nbsp;&nbsp;&nbsp;gapc_encrypt_req_ind_handler (via Veneer)
<LI><a href="#[57]">&gt;&gt;</a>&nbsp;&nbsp;&nbsp;gapc_bond_req_ind_handler (via Veneer)
<LI><a href="#[58]">&gt;&gt;</a>&nbsp;&nbsp;&nbsp;gapc_bond_ind_handler (via Veneer)
<LI><a href="#[1fc]">&gt;&gt;</a>&nbsp;&nbsp;&nbsp;app_connection_success_ind_func (via Veneer)
<LI><a href="#[1fa]">&gt;&gt;</a>&nbsp;&nbsp;&nbsp;app_connection_req_ind_func (via Veneer)
<LI><a href="#[242]">&gt;&gt;</a>&nbsp;&nbsp;&nbsp;ble_bond_check (via Veneer)
<LI><a href="#[45]">&gt;&gt;</a>&nbsp;&nbsp;&nbsp;gapm_cmp_evt_handler (via Veneer)
<LI><a href="#[27f]">&gt;&gt;</a>&nbsp;&nbsp;&nbsp;hci_stack_tx_data_dispatch_imp (via Veneer)
<LI><a href="#[17f]">&gt;&gt;</a>&nbsp;&nbsp;&nbsp;DDB_AddRecord_imp (via Veneer)
<LI><a href="#[87]">&gt;&gt;</a>&nbsp;&nbsp;&nbsp;L2CAP_HciReceive_imp (via Veneer)
<LI><a href="#[8e]">&gt;&gt;</a>&nbsp;&nbsp;&nbsp;AvdtpSigParseCapabilityRsp_imp (via Veneer)
<LI><a href="#[c]">&gt;&gt;</a>&nbsp;&nbsp;&nbsp;PbapGoepClientCallback (via Veneer)
<LI><a href="#[183]">&gt;&gt;</a>&nbsp;&nbsp;&nbsp;OBEX_ClientBuildProtocolHeader (via Veneer)
<LI><a href="#[17c]">&gt;&gt;</a>&nbsp;&nbsp;&nbsp;OBEXH_BuildByteSeq (via Veneer)
<LI><a href="#[253]">&gt;&gt;</a>&nbsp;&nbsp;&nbsp;gap_get_dev_name (via Veneer)
<LI><a href="#[154]">&gt;&gt;</a>&nbsp;&nbsp;&nbsp;AssociateConn (via Veneer)
<LI><a href="#[1c4]">&gt;&gt;</a>&nbsp;&nbsp;&nbsp;ObServerReadHeaderBlock (via Veneer)
<LI><a href="#[1bc]">&gt;&gt;</a>&nbsp;&nbsp;&nbsp;ObClientReadHeaderBlock (via Veneer)
<LI><a href="#[229]">&gt;&gt;</a>&nbsp;&nbsp;&nbsp;attm_svc_create_db_ext (via Veneer)
</UL>

<P><STRONG><a name="[c1]"></a>__aeabi_memcpy4</STRONG> (Thumb, 0 bytes, Stack size 0 bytes, syscall.txt(ABSOLUTE))
<BR><BR>[Called By]<UL><LI><a href="#[c0]">&gt;&gt;</a>&nbsp;&nbsp;&nbsp;digital_codec_init_imp (via Veneer)
<LI><a href="#[19c]">&gt;&gt;</a>&nbsp;&nbsp;&nbsp;HidRegisterSdp_app (via Veneer)
<LI><a href="#[147]">&gt;&gt;</a>&nbsp;&nbsp;&nbsp;A2dpRegisterSdpService_imp (via Veneer)
<LI><a href="#[d]">&gt;&gt;</a>&nbsp;&nbsp;&nbsp;avdev_callback_imp (via Veneer)
<LI><a href="#[87]">&gt;&gt;</a>&nbsp;&nbsp;&nbsp;L2CAP_HciReceive_imp (via Veneer)
<LI><a href="#[1ca]">&gt;&gt;</a>&nbsp;&nbsp;&nbsp;PceAddServiceRecord (via Veneer)
<LI><a href="#[193]">&gt;&gt;</a>&nbsp;&nbsp;&nbsp;NotifyCurrClient (via Veneer)
<LI><a href="#[196]">&gt;&gt;</a>&nbsp;&nbsp;&nbsp;NotifyAllClients (via Veneer)
</UL>

<P><STRONG><a name="[1cc]"></a>__aeabi_memclr</STRONG> (Thumb, 0 bytes, Stack size 0 bytes, syscall.txt(ABSOLUTE))
<BR><BR>[Called By]<UL><LI><a href="#[94]">&gt;&gt;</a>&nbsp;&nbsp;&nbsp;app_entry_sub (via Veneer)
<LI><a href="#[209]">&gt;&gt;</a>&nbsp;&nbsp;&nbsp;ble_gap_set_dev_config (via Veneer)
<LI><a href="#[270]">&gt;&gt;</a>&nbsp;&nbsp;&nbsp;os_zalloc (via Veneer)
<LI><a href="#[206]">&gt;&gt;</a>&nbsp;&nbsp;&nbsp;appm_ble_init_imp (via Veneer)
<LI><a href="#[240]">&gt;&gt;</a>&nbsp;&nbsp;&nbsp;ble_sec_init (via Veneer)
<LI><a href="#[57]">&gt;&gt;</a>&nbsp;&nbsp;&nbsp;gapc_bond_req_ind_handler (via Veneer)
<LI><a href="#[25f]">&gt;&gt;</a>&nbsp;&nbsp;&nbsp;gatt_clear_remote_svc (via Veneer)
<LI><a href="#[c]">&gt;&gt;</a>&nbsp;&nbsp;&nbsp;PbapGoepClientCallback (via Veneer)
</UL>

<P><STRONG><a name="[131]"></a>__aeabi_memclr4</STRONG> (Thumb, 0 bytes, Stack size 0 bytes, syscall.txt(ABSOLUTE))
<BR><BR>[Called By]<UL><LI><a href="#[11f]">&gt;&gt;</a>&nbsp;&nbsp;&nbsp;bt_reconnect (via Veneer)
<LI><a href="#[18]">&gt;&gt;</a>&nbsp;&nbsp;&nbsp;ke_handler_search_get_imp (via Veneer)
<LI><a href="#[94]">&gt;&gt;</a>&nbsp;&nbsp;&nbsp;app_entry_sub (via Veneer)
<LI><a href="#[1c9]">&gt;&gt;</a>&nbsp;&nbsp;&nbsp;PBAP_RegisterClnt (via Veneer)
<LI><a href="#[19a]">&gt;&gt;</a>&nbsp;&nbsp;&nbsp;HID_Register_app (via Veneer)
<LI><a href="#[145]">&gt;&gt;</a>&nbsp;&nbsp;&nbsp;A2DP_Register_imp (via Veneer)
<LI><a href="#[206]">&gt;&gt;</a>&nbsp;&nbsp;&nbsp;appm_ble_init_imp (via Veneer)
<LI><a href="#[1f0]">&gt;&gt;</a>&nbsp;&nbsp;&nbsp;app_bt_init_imp (via Veneer)
<LI><a href="#[1cb]">&gt;&gt;</a>&nbsp;&nbsp;&nbsp;PBA_ClientInit (via Veneer)
<LI><a href="#[1c8]">&gt;&gt;</a>&nbsp;&nbsp;&nbsp;PBAP_Init (via Veneer)
<LI><a href="#[1b0]">&gt;&gt;</a>&nbsp;&nbsp;&nbsp;OBEX_Init (via Veneer)
<LI><a href="#[188]">&gt;&gt;</a>&nbsp;&nbsp;&nbsp;GOEP_Init (via Veneer)
<LI><a href="#[269]">&gt;&gt;</a>&nbsp;&nbsp;&nbsp;gatt_msg_default_handler_imp (via Veneer)
<LI><a href="#[84]">&gt;&gt;</a>&nbsp;&nbsp;&nbsp;ld_acl_start_imp (via Veneer)
<LI><a href="#[c]">&gt;&gt;</a>&nbsp;&nbsp;&nbsp;PbapGoepClientCallback (via Veneer)
<LI><a href="#[18e]">&gt;&gt;</a>&nbsp;&nbsp;&nbsp;OBEX_ClientInit (via Veneer)
<LI><a href="#[18b]">&gt;&gt;</a>&nbsp;&nbsp;&nbsp;GOEP_RegisterClnt (via Veneer)
<LI><a href="#[191]">&gt;&gt;</a>&nbsp;&nbsp;&nbsp;GoepClientProcessHeaders (via Veneer)
<LI><a href="#[164]">&gt;&gt;</a>&nbsp;&nbsp;&nbsp;BTSTACK_ClientInit (via Veneer)
</UL>

<P><STRONG><a name="[23f]"></a>memcmp</STRONG> (Thumb, 0 bytes, Stack size 0 bytes, syscall.txt(ABSOLUTE))
<BR><BR>[Called By]<UL><LI><a href="#[22]">&gt;&gt;</a>&nbsp;&nbsp;&nbsp;ble_bond_addr_resolve_cb (via Veneer)
<LI><a href="#[244]">&gt;&gt;</a>&nbsp;&nbsp;&nbsp;ble_sec_check_ediv_rand (via Veneer)
<LI><a href="#[242]">&gt;&gt;</a>&nbsp;&nbsp;&nbsp;ble_bond_check (via Veneer)
</UL>

<P><STRONG><a name="[1e1]"></a>A2DP_GetRemoteDevice</STRONG> (Thumb, 0 bytes, Stack size 0 bytes, syscall.txt(ABSOLUTE))
<BR><BR>[Called By]<UL><LI><a href="#[12]">&gt;&gt;</a>&nbsp;&nbsp;&nbsp;a2dp_callback_imp (via Veneer)
</UL>

<P><STRONG><a name="[1e5]"></a>A2dpCloseStream</STRONG> (Thumb, 0 bytes, Stack size 0 bytes, syscall.txt(ABSOLUTE))
<BR><BR>[Called By]<UL><LI><a href="#[12e]">&gt;&gt;</a>&nbsp;&nbsp;&nbsp;a2dp_close_stream (via Veneer)
</UL>

<P><STRONG><a name="[14d]"></a>A2dpRegisterSdpService</STRONG> (Thumb, 0 bytes, Stack size 0 bytes, syscall.txt(ABSOLUTE))
<BR><BR>[Called By]<UL><LI><a href="#[147]">&gt;&gt;</a>&nbsp;&nbsp;&nbsp;A2dpRegisterSdpService_imp (via Veneer)
</UL>

<P><STRONG><a name="[239]"></a>A2dpSetStreamConfig</STRONG> (Thumb, 0 bytes, Stack size 0 bytes, syscall.txt(ABSOLUTE))
<BR><BR>[Called By]<UL><LI><a href="#[d]">&gt;&gt;</a>&nbsp;&nbsp;&nbsp;avdev_callback_imp (via Veneer)
</UL>

<P><STRONG><a name="[23a]"></a>AVCTP_RemoteDevice</STRONG> (Thumb, 0 bytes, Stack size 0 bytes, syscall.txt(ABSOLUTE))
<BR><BR>[Called By]<UL><LI><a href="#[13]">&gt;&gt;</a>&nbsp;&nbsp;&nbsp;avrcp_callback_imp (via Veneer)
</UL>

<P><STRONG><a name="[1e6]"></a>AVDEV_CreateACLLink</STRONG> (Thumb, 0 bytes, Stack size 0 bytes, syscall.txt(ABSOLUTE))
<BR><BR>[Called By]<UL><LI><a href="#[123]">&gt;&gt;</a>&nbsp;&nbsp;&nbsp;a2dp_open_stream (via Veneer)
</UL>

<P><STRONG><a name="[1e7]"></a>AVDEV_CreateSignalLink</STRONG> (Thumb, 0 bytes, Stack size 0 bytes, syscall.txt(ABSOLUTE))
<BR><BR>[Called By]<UL><LI><a href="#[123]">&gt;&gt;</a>&nbsp;&nbsp;&nbsp;a2dp_open_stream (via Veneer)
</UL>

<P><STRONG><a name="[237]"></a>AVDEV_SignalConnectRsp</STRONG> (Thumb, 0 bytes, Stack size 0 bytes, syscall.txt(ABSOLUTE))
<BR><BR>[Called By]<UL><LI><a href="#[d]">&gt;&gt;</a>&nbsp;&nbsp;&nbsp;avdev_callback_imp (via Veneer)
</UL>

<P><STRONG><a name="[1ea]"></a>AVDTP_StartStream</STRONG> (Thumb, 0 bytes, Stack size 0 bytes, syscall.txt(ABSOLUTE))
<BR><BR>[Called By]<UL><LI><a href="#[124]">&gt;&gt;</a>&nbsp;&nbsp;&nbsp;a2dp_start_stream (via Veneer)
</UL>

<P><STRONG><a name="[1eb]"></a>AVDTP_SuspendStream</STRONG> (Thumb, 0 bytes, Stack size 0 bytes, syscall.txt(ABSOLUTE))
<BR><BR>[Called By]<UL><LI><a href="#[11a]">&gt;&gt;</a>&nbsp;&nbsp;&nbsp;a2dp_suspend_stream (via Veneer)
</UL>

<P><STRONG><a name="[249]"></a>AVRCP_Deregister</STRONG> (Thumb, 0 bytes, Stack size 0 bytes, syscall.txt(ABSOLUTE))
<BR><BR>[Called By]<UL><LI><a href="#[119]">&gt;&gt;</a>&nbsp;&nbsp;&nbsp;bt_set_a2dp_type (via Veneer)
</UL>

<P><STRONG><a name="[23d]"></a>AVRCP_Disconnect</STRONG> (Thumb, 0 bytes, Stack size 0 bytes, syscall.txt(ABSOLUTE))
<BR><BR>[Called By]<UL><LI><a href="#[12d]">&gt;&gt;</a>&nbsp;&nbsp;&nbsp;avrcp_disconnect (via Veneer)
</UL>

<P><STRONG><a name="[1f8]"></a>AVRCP_RegisterSec</STRONG> (Thumb, 0 bytes, Stack size 0 bytes, syscall.txt(ABSOLUTE))
<BR><BR>[Called By]<UL><LI><a href="#[119]">&gt;&gt;</a>&nbsp;&nbsp;&nbsp;bt_set_a2dp_type (via Veneer)
<LI><a href="#[1f0]">&gt;&gt;</a>&nbsp;&nbsp;&nbsp;app_bt_init_imp (via Veneer)
</UL>

<P><STRONG><a name="[23e]"></a>AVRCP_TgSetAbsoluteVolume</STRONG> (Thumb, 0 bytes, Stack size 0 bytes, syscall.txt(ABSOLUTE))
<BR><BR>[Called By]<UL><LI><a href="#[133]">&gt;&gt;</a>&nbsp;&nbsp;&nbsp;avrcp_tg_set_absolute_volume (via Veneer)
</UL>

<P><STRONG><a name="[1a1]"></a>AtSendCommand</STRONG> (Thumb, 0 bytes, Stack size 0 bytes, syscall.txt(ABSOLUTE))
<BR><BR>[Called By]<UL><LI><a href="#[8a]">&gt;&gt;</a>&nbsp;&nbsp;&nbsp;hfHandleNegotiateComplete_imp (via Veneer)
<LI><a href="#[8b]">&gt;&gt;</a>&nbsp;&nbsp;&nbsp;HfStateConnPending_imp (via Veneer)
</UL>

<P><STRONG><a name="[151]"></a>AvrcpHandlePanelInput</STRONG> (Thumb, 0 bytes, Stack size 0 bytes, syscall.txt(ABSOLUTE))
<BR><BR>[Called By]<UL><LI><a href="#[150]">&gt;&gt;</a>&nbsp;&nbsp;&nbsp;AVRCP_SetPanelKey_imp (via Veneer)
<LI><a href="#[14]">&gt;&gt;</a>&nbsp;&nbsp;&nbsp;avctp_callback_imp (via Veneer)
</UL>

<P><STRONG><a name="[15f]"></a>AvrcpHandlePanelRsp</STRONG> (Thumb, 0 bytes, Stack size 0 bytes, syscall.txt(ABSOLUTE))
<BR><BR>[Called By]<UL><LI><a href="#[15e]">&gt;&gt;</a>&nbsp;&nbsp;&nbsp;AvrcpHandlePanelRsp_imp (via Veneer)
</UL>

<P><STRONG><a name="[159]"></a>BEtoHost16</STRONG> (Thumb, 0 bytes, Stack size 0 bytes, syscall.txt(ABSOLUTE))
<BR><BR>[Called By]<UL><LI><a href="#[158]">&gt;&gt;</a>&nbsp;&nbsp;&nbsp;AvrcpHandleAdvRsp_imp (via Veneer)
<LI><a href="#[15b]">&gt;&gt;</a>&nbsp;&nbsp;&nbsp;AvrcpHandleGetElementAttrRsp (via Veneer)
<LI><a href="#[c]">&gt;&gt;</a>&nbsp;&nbsp;&nbsp;PbapGoepClientCallback (via Veneer)
<LI><a href="#[1b5]">&gt;&gt;</a>&nbsp;&nbsp;&nbsp;ObParseRx (via Veneer)
</UL>

<P><STRONG><a name="[153]"></a>BEtoHost32</STRONG> (Thumb, 0 bytes, Stack size 0 bytes, syscall.txt(ABSOLUTE))
<BR><BR>[Called By]<UL><LI><a href="#[15c]">&gt;&gt;</a>&nbsp;&nbsp;&nbsp;AvrcpHandleGetPlayStatusRsp (via Veneer)
<LI><a href="#[15b]">&gt;&gt;</a>&nbsp;&nbsp;&nbsp;AvrcpHandleGetElementAttrRsp (via Veneer)
<LI><a href="#[178]">&gt;&gt;</a>&nbsp;&nbsp;&nbsp;ClientBuildHeaders (via Veneer)
<LI><a href="#[152]">&gt;&gt;</a>&nbsp;&nbsp;&nbsp;AppCallback (via Veneer)
<LI><a href="#[b]">&gt;&gt;</a>&nbsp;&nbsp;&nbsp;ObClientEventInd (via Veneer)
</UL>

<P><STRONG><a name="[162]"></a>CMGR_IsLinkUp</STRONG> (Thumb, 0 bytes, Stack size 0 bytes, syscall.txt(ABSOLUTE))
<BR><BR>[Called By]<UL><LI><a href="#[8a]">&gt;&gt;</a>&nbsp;&nbsp;&nbsp;hfHandleNegotiateComplete_imp (via Veneer)
<LI><a href="#[160]">&gt;&gt;</a>&nbsp;&nbsp;&nbsp;BTSTACK_ClientDisconnect (via Veneer)
<LI><a href="#[172]">&gt;&gt;</a>&nbsp;&nbsp;&nbsp;BtStartServiceQuery (via Veneer)
<LI><a href="#[163]">&gt;&gt;</a>&nbsp;&nbsp;&nbsp;BtDisconnectClientLink (via Veneer)
<LI><a href="#[4]">&gt;&gt;</a>&nbsp;&nbsp;&nbsp;BtClientGeneralCallback (via Veneer)
<LI><a href="#[5]">&gt;&gt;</a>&nbsp;&nbsp;&nbsp;BtClientCallBack (via Veneer)
</UL>

<P><STRONG><a name="[165]"></a>CMGR_RegisterHandler</STRONG> (Thumb, 0 bytes, Stack size 0 bytes, syscall.txt(ABSOLUTE))
<BR><BR>[Called By]<UL><LI><a href="#[19a]">&gt;&gt;</a>&nbsp;&nbsp;&nbsp;HID_Register_app (via Veneer)
<LI><a href="#[164]">&gt;&gt;</a>&nbsp;&nbsp;&nbsp;BTSTACK_ClientInit (via Veneer)
</UL>

<P><STRONG><a name="[175]"></a>CMGR_RemoveDataLink</STRONG> (Thumb, 0 bytes, Stack size 0 bytes, syscall.txt(ABSOLUTE))
<BR><BR>[Called By]<UL><LI><a href="#[163]">&gt;&gt;</a>&nbsp;&nbsp;&nbsp;BtDisconnectClientLink (via Veneer)
</UL>

<P><STRONG><a name="[180]"></a>DDB_find_max_prior</STRONG> (Thumb, 0 bytes, Stack size 0 bytes, syscall.txt(ABSOLUTE))
<BR><BR>[Called By]<UL><LI><a href="#[17f]">&gt;&gt;</a>&nbsp;&nbsp;&nbsp;DDB_AddRecord_imp (via Veneer)
</UL>

<P><STRONG><a name="[181]"></a>DS_DeleteDevice</STRONG> (Thumb, 0 bytes, Stack size 0 bytes, syscall.txt(ABSOLUTE))
<BR><BR>[Called By]<UL><LI><a href="#[f]">&gt;&gt;</a>&nbsp;&nbsp;&nbsp;me_callback_imp (via Veneer)
<LI><a href="#[17f]">&gt;&gt;</a>&nbsp;&nbsp;&nbsp;DDB_AddRecord_imp (via Veneer)
</UL>

<P><STRONG><a name="[1d2]"></a>DS_FindDevice</STRONG> (Thumb, 0 bytes, Stack size 0 bytes, syscall.txt(ABSOLUTE))
<BR><BR>[Called By]<UL><LI><a href="#[1d1]">&gt;&gt;</a>&nbsp;&nbsp;&nbsp;SEC_AddDeviceRecord_imp (via Veneer)
</UL>

<P><STRONG><a name="[201]"></a>EVM_Init</STRONG> (Thumb, 0 bytes, Stack size 0 bytes, syscall.txt(ABSOLUTE))
<BR><BR>[Called By]<UL><LI><a href="#[94]">&gt;&gt;</a>&nbsp;&nbsp;&nbsp;app_entry_sub (via Veneer)
</UL>

<P><STRONG><a name="[15d]"></a>EvmCancelTimer</STRONG> (Thumb, 0 bytes, Stack size 0 bytes, syscall.txt(ABSOLUTE))
<BR><BR>[Called By]<UL><LI><a href="#[15a]">&gt;&gt;</a>&nbsp;&nbsp;&nbsp;AvrcpHandleAdvancedResponse_imp (via Veneer)
</UL>

<P><STRONG><a name="[202]"></a>EvmInitTimer</STRONG> (Thumb, 0 bytes, Stack size 0 bytes, syscall.txt(ABSOLUTE))
<BR><BR>[Called By]<UL><LI><a href="#[94]">&gt;&gt;</a>&nbsp;&nbsp;&nbsp;app_entry_sub (via Veneer)
</UL>

<P><STRONG><a name="[285]"></a>HF_AnswerCall</STRONG> (Thumb, 0 bytes, Stack size 0 bytes, syscall.txt(ABSOLUTE))
<BR><BR>[Called By]<UL><LI><a href="#[128]">&gt;&gt;</a>&nbsp;&nbsp;&nbsp;hf_answer_call (via Veneer)
</UL>

<P><STRONG><a name="[289]"></a>HF_CreateServiceLink</STRONG> (Thumb, 0 bytes, Stack size 0 bytes, syscall.txt(ABSOLUTE))
<BR><BR>[Called By]<UL><LI><a href="#[137]">&gt;&gt;</a>&nbsp;&nbsp;&nbsp;hf_connect (via Veneer)
</UL>

<P><STRONG><a name="[24d]"></a>HF_Deregister</STRONG> (Thumb, 0 bytes, Stack size 0 bytes, syscall.txt(ABSOLUTE))
<BR><BR>[Called By]<UL><LI><a href="#[119]">&gt;&gt;</a>&nbsp;&nbsp;&nbsp;bt_set_a2dp_type (via Veneer)
</UL>

<P><STRONG><a name="[28b]"></a>HF_DisconnectAudioLink</STRONG> (Thumb, 0 bytes, Stack size 0 bytes, syscall.txt(ABSOLUTE))
<BR><BR>[Called By]<UL><LI><a href="#[12a]">&gt;&gt;</a>&nbsp;&nbsp;&nbsp;hf_disconnect_audio_link (via Veneer)
</UL>

<P><STRONG><a name="[28a]"></a>HF_DisconnectServiceLink</STRONG> (Thumb, 0 bytes, Stack size 0 bytes, syscall.txt(ABSOLUTE))
<BR><BR>[Called By]<UL><LI><a href="#[12c]">&gt;&gt;</a>&nbsp;&nbsp;&nbsp;hf_disconnect (via Veneer)
</UL>

<P><STRONG><a name="[28c]"></a>HF_EnableVoiceRecognition</STRONG> (Thumb, 0 bytes, Stack size 0 bytes, syscall.txt(ABSOLUTE))
<BR><BR>[Called By]<UL><LI><a href="#[125]">&gt;&gt;</a>&nbsp;&nbsp;&nbsp;hf_enable_voice_recognition (via Veneer)
</UL>

<P><STRONG><a name="[286]"></a>HF_GetRemoteBDAddr</STRONG> (Thumb, 0 bytes, Stack size 0 bytes, syscall.txt(ABSOLUTE))
<BR><BR>[Called By]<UL><LI><a href="#[10]">&gt;&gt;</a>&nbsp;&nbsp;&nbsp;hf_callback_imp (via Veneer)
</UL>

<P><STRONG><a name="[28d]"></a>HF_Hangup</STRONG> (Thumb, 0 bytes, Stack size 0 bytes, syscall.txt(ABSOLUTE))
<BR><BR>[Called By]<UL><LI><a href="#[129]">&gt;&gt;</a>&nbsp;&nbsp;&nbsp;hf_hang_up (via Veneer)
</UL>

<P><STRONG><a name="[204]"></a>HF_Init</STRONG> (Thumb, 0 bytes, Stack size 0 bytes, syscall.txt(ABSOLUTE))
<BR><BR>[Called By]<UL><LI><a href="#[94]">&gt;&gt;</a>&nbsp;&nbsp;&nbsp;app_entry_sub (via Veneer)
</UL>

<P><STRONG><a name="[28e]"></a>HF_Redial</STRONG> (Thumb, 0 bytes, Stack size 0 bytes, syscall.txt(ABSOLUTE))
<BR><BR>[Called By]<UL><LI><a href="#[122]">&gt;&gt;</a>&nbsp;&nbsp;&nbsp;hf_redial (via Veneer)
</UL>

<P><STRONG><a name="[1f7]"></a>HF_RegisterSec</STRONG> (Thumb, 0 bytes, Stack size 0 bytes, syscall.txt(ABSOLUTE))
<BR><BR>[Called By]<UL><LI><a href="#[119]">&gt;&gt;</a>&nbsp;&nbsp;&nbsp;bt_set_a2dp_type (via Veneer)
<LI><a href="#[1f0]">&gt;&gt;</a>&nbsp;&nbsp;&nbsp;app_bt_init_imp (via Veneer)
</UL>

<P><STRONG><a name="[28f]"></a>HF_ReportSpeakerVolume</STRONG> (Thumb, 0 bytes, Stack size 0 bytes, syscall.txt(ABSOLUTE))
<BR><BR>[Called By]<UL><LI><a href="#[132]">&gt;&gt;</a>&nbsp;&nbsp;&nbsp;hf_report_speaker_volume (via Veneer)
</UL>

<P><STRONG><a name="[1a0]"></a>HfAppCallback</STRONG> (Thumb, 0 bytes, Stack size 0 bytes, syscall.txt(ABSOLUTE))
<BR><BR>[Called By]<UL><LI><a href="#[8a]">&gt;&gt;</a>&nbsp;&nbsp;&nbsp;hfHandleNegotiateComplete_imp (via Veneer)
<LI><a href="#[8b]">&gt;&gt;</a>&nbsp;&nbsp;&nbsp;HfStateConnPending_imp (via Veneer)
</UL>

<P><STRONG><a name="[19e]"></a>HfFindChannel</STRONG> (Thumb, 0 bytes, Stack size 0 bytes, syscall.txt(ABSOLUTE))
<BR><BR>[Called By]<UL><LI><a href="#[11]">&gt;&gt;</a>&nbsp;&nbsp;&nbsp;HfRfCallback_imp (via Veneer)
</UL>

<P><STRONG><a name="[19f]"></a>HfRfCallback</STRONG> (Thumb, 0 bytes, Stack size 0 bytes, syscall.txt(ABSOLUTE))
<BR><BR>[Called By]<UL><LI><a href="#[11]">&gt;&gt;</a>&nbsp;&nbsp;&nbsp;HfRfCallback_imp (via Veneer)
</UL>

<P><STRONG><a name="[284]"></a>HfStartServiceQuery</STRONG> (Thumb, 0 bytes, Stack size 0 bytes, syscall.txt(ABSOLUTE))
<BR><BR>[Called By]<UL><LI><a href="#[283]">&gt;&gt;</a>&nbsp;&nbsp;&nbsp;hfHandleNegotiateIndFail (via Veneer)
</UL>

<P><STRONG><a name="[a]"></a>HidCmgrCallback</STRONG> (Thumb, 0 bytes, Stack size 0 bytes, syscall.txt(ABSOLUTE), UNUSED)
<BR>[Address Reference Count : 1]<UL><LI> hid_app.o(i.HID_Register_app)
</UL>
<P><STRONG><a name="[9]"></a>HidL2Callback</STRONG> (Thumb, 0 bytes, Stack size 0 bytes, syscall.txt(ABSOLUTE), UNUSED)
<BR>[Address Reference Count : 1]<UL><LI> hid_app.o(i.HID_Register_app)
</UL>
<P><STRONG><a name="[142]"></a>IsNodeOnList</STRONG> (Thumb, 0 bytes, Stack size 0 bytes, syscall.txt(ABSOLUTE))
<BR><BR>[Called By]<UL><LI><a href="#[14e]">&gt;&gt;</a>&nbsp;&nbsp;&nbsp;AVRCP_CtGetMediaInfo (via Veneer)
<LI><a href="#[19a]">&gt;&gt;</a>&nbsp;&nbsp;&nbsp;HID_Register_app (via Veneer)
<LI><a href="#[145]">&gt;&gt;</a>&nbsp;&nbsp;&nbsp;A2DP_Register_imp (via Veneer)
<LI><a href="#[141]">&gt;&gt;</a>&nbsp;&nbsp;&nbsp;A2DP_Deregister_imp (via Veneer)
<LI><a href="#[1b1]">&gt;&gt;</a>&nbsp;&nbsp;&nbsp;OBSTACK_VerifyServerAppHandle (via Veneer)
<LI><a href="#[1ab]">&gt;&gt;</a>&nbsp;&nbsp;&nbsp;OBSTACK_VerifyClientAppHandle (via Veneer)
</UL>

<P><STRONG><a name="[19b]"></a>L2CAP_RegisterPsm</STRONG> (Thumb, 0 bytes, Stack size 0 bytes, syscall.txt(ABSOLUTE))
<BR><BR>[Called By]<UL><LI><a href="#[19a]">&gt;&gt;</a>&nbsp;&nbsp;&nbsp;HID_Register_app (via Veneer)
</UL>

<P><STRONG><a name="[2be]"></a>L2Cap_FreeChannel</STRONG> (Thumb, 0 bytes, Stack size 0 bytes, syscall.txt(ABSOLUTE))
<BR><BR>[Called By]<UL><LI><a href="#[f]">&gt;&gt;</a>&nbsp;&nbsp;&nbsp;me_callback_imp (via Veneer)
</UL>

<P><STRONG><a name="[1a4]"></a>L2Cap_GetValidChannel</STRONG> (Thumb, 0 bytes, Stack size 0 bytes, syscall.txt(ABSOLUTE))
<BR><BR>[Called By]<UL><LI><a href="#[87]">&gt;&gt;</a>&nbsp;&nbsp;&nbsp;L2CAP_HciReceive_imp (via Veneer)
</UL>

<P><STRONG><a name="[1a5]"></a>L2Cap_NotifyPsm</STRONG> (Thumb, 0 bytes, Stack size 0 bytes, syscall.txt(ABSOLUTE))
<BR><BR>[Called By]<UL><LI><a href="#[87]">&gt;&gt;</a>&nbsp;&nbsp;&nbsp;L2CAP_HciReceive_imp (via Veneer)
</UL>

<P><STRONG><a name="[1a7]"></a>L2Cap_ProcessReq</STRONG> (Thumb, 0 bytes, Stack size 0 bytes, syscall.txt(ABSOLUTE))
<BR><BR>[Called By]<UL><LI><a href="#[87]">&gt;&gt;</a>&nbsp;&nbsp;&nbsp;L2CAP_HciReceive_imp (via Veneer)
</UL>

<P><STRONG><a name="[1a6]"></a>L2Cap_ProcessRsp</STRONG> (Thumb, 0 bytes, Stack size 0 bytes, syscall.txt(ABSOLUTE))
<BR><BR>[Called By]<UL><LI><a href="#[87]">&gt;&gt;</a>&nbsp;&nbsp;&nbsp;L2CAP_HciReceive_imp (via Veneer)
</UL>

<P><STRONG><a name="[8]"></a>L2Cap_SecAccessRsp</STRONG> (Thumb, 0 bytes, Stack size 0 bytes, syscall.txt(ABSOLUTE), UNUSED)
<BR>[Address Reference Count : 1]<UL><LI> hid_app.o(i.HID_Register_app)
</UL>
<P><STRONG><a name="[1a3]"></a>LEtoHost16</STRONG> (Thumb, 0 bytes, Stack size 0 bytes, syscall.txt(ABSOLUTE))
<BR><BR>[Called By]<UL><LI><a href="#[87]">&gt;&gt;</a>&nbsp;&nbsp;&nbsp;L2CAP_HciReceive_imp
</UL>

<P><STRONG><a name="[1d5]"></a>LEtoHost32</STRONG> (Thumb, 0 bytes, Stack size 0 bytes, syscall.txt(ABSOLUTE))
<BR><BR>[Called By]<UL><LI><a href="#[1d3]">&gt;&gt;</a>&nbsp;&nbsp;&nbsp;SecHandleConfirmReq_imp
</UL>

<P><STRONG><a name="[2bb]"></a>LM_GetFeature</STRONG> (Thumb, 0 bytes, Stack size 0 bytes, syscall.txt(ABSOLUTE))
<BR><BR>[Called By]<UL><LI><a href="#[294]">&gt;&gt;</a>&nbsp;&nbsp;&nbsp;lmp_reats_res_ext_handler_imp
</UL>

<P><STRONG><a name="[275]"></a>ME_Callback</STRONG> (Thumb, 0 bytes, Stack size 0 bytes, syscall.txt(ABSOLUTE))
<BR><BR>[Called By]<UL><LI><a href="#[27]">&gt;&gt;</a>&nbsp;&nbsp;&nbsp;hci_acl_data_handler_imp
<LI><a href="#[27f]">&gt;&gt;</a>&nbsp;&nbsp;&nbsp;hci_stack_tx_data_dispatch_imp
</UL>

<P><STRONG><a name="[246]"></a>ME_CancelInquiry</STRONG> (Thumb, 0 bytes, Stack size 0 bytes, syscall.txt(ABSOLUTE))
<BR><BR>[Called By]<UL><LI><a href="#[11b]">&gt;&gt;</a>&nbsp;&nbsp;&nbsp;bt_cancel_inquiry
</UL>

<P><STRONG><a name="[1d4]"></a>ME_FindRemoteDeviceP</STRONG> (Thumb, 0 bytes, Stack size 0 bytes, syscall.txt(ABSOLUTE))
<BR><BR>[Called By]<UL><LI><a href="#[2d]">&gt;&gt;</a>&nbsp;&nbsp;&nbsp;bt_dev0_enter_sniff_handler
<LI><a href="#[1da]">&gt;&gt;</a>&nbsp;&nbsp;&nbsp;SecHandleLinkKeyNotify_imp
<LI><a href="#[1d3]">&gt;&gt;</a>&nbsp;&nbsp;&nbsp;SecHandleConfirmReq_imp
<LI><a href="#[1d6]">&gt;&gt;</a>&nbsp;&nbsp;&nbsp;SecHandleUserIoReq_imp
</UL>

<P><STRONG><a name="[1e2]"></a>ME_GetBdAddr</STRONG> (Thumb, 0 bytes, Stack size 0 bytes, syscall.txt(ABSOLUTE))
<BR><BR>[Called By]<UL><LI><a href="#[10]">&gt;&gt;</a>&nbsp;&nbsp;&nbsp;hf_callback_imp
<LI><a href="#[13]">&gt;&gt;</a>&nbsp;&nbsp;&nbsp;avrcp_callback_imp
<LI><a href="#[12]">&gt;&gt;</a>&nbsp;&nbsp;&nbsp;a2dp_callback_imp
</UL>

<P><STRONG><a name="[24f]"></a>ME_Inquiry</STRONG> (Thumb, 0 bytes, Stack size 0 bytes, syscall.txt(ABSOLUTE))
<BR><BR>[Called By]<UL><LI><a href="#[117]">&gt;&gt;</a>&nbsp;&nbsp;&nbsp;bt_start_inquiry
</UL>

<P><STRONG><a name="[166]"></a>ME_RegisterGlobalHandler</STRONG> (Thumb, 0 bytes, Stack size 0 bytes, syscall.txt(ABSOLUTE))
<BR><BR>[Called By]<UL><LI><a href="#[1f0]">&gt;&gt;</a>&nbsp;&nbsp;&nbsp;app_bt_init_imp
<LI><a href="#[164]">&gt;&gt;</a>&nbsp;&nbsp;&nbsp;BTSTACK_ClientInit
</UL>

<P><STRONG><a name="[24e]"></a>ME_SetAccessibleModeNC</STRONG> (Thumb, 0 bytes, Stack size 0 bytes, syscall.txt(ABSOLUTE))
<BR><BR>[Called By]<UL><LI><a href="#[11c]">&gt;&gt;</a>&nbsp;&nbsp;&nbsp;bt_set_accessible_mode_nc
</UL>

<P><STRONG><a name="[1f3]"></a>ME_SetDefaultLinkPolicy</STRONG> (Thumb, 0 bytes, Stack size 0 bytes, syscall.txt(ABSOLUTE))
<BR><BR>[Called By]<UL><LI><a href="#[1f0]">&gt;&gt;</a>&nbsp;&nbsp;&nbsp;app_bt_init_imp
</UL>

<P><STRONG><a name="[1f6]"></a>ME_SetEventMask</STRONG> (Thumb, 0 bytes, Stack size 0 bytes, syscall.txt(ABSOLUTE))
<BR><BR>[Called By]<UL><LI><a href="#[1f0]">&gt;&gt;</a>&nbsp;&nbsp;&nbsp;app_bt_init_imp
</UL>

<P><STRONG><a name="[247]"></a>ME_StartSniff</STRONG> (Thumb, 0 bytes, Stack size 0 bytes, syscall.txt(ABSOLUTE))
<BR><BR>[Called By]<UL><LI><a href="#[11d]">&gt;&gt;</a>&nbsp;&nbsp;&nbsp;bt_start_sniff
<LI><a href="#[2d]">&gt;&gt;</a>&nbsp;&nbsp;&nbsp;bt_dev0_enter_sniff_handler
</UL>

<P><STRONG><a name="[1de]"></a>MeDevEventHandler</STRONG> (Thumb, 0 bytes, Stack size 0 bytes, syscall.txt(ABSOLUTE))
<BR><BR>[Called By]<UL><LI><a href="#[1d6]">&gt;&gt;</a>&nbsp;&nbsp;&nbsp;SecHandleUserIoReq_imp
</UL>

<P><STRONG><a name="[1db]"></a>MeDisconnectLink</STRONG> (Thumb, 0 bytes, Stack size 0 bytes, syscall.txt(ABSOLUTE))
<BR><BR>[Called By]<UL><LI><a href="#[1d6]">&gt;&gt;</a>&nbsp;&nbsp;&nbsp;SecHandleUserIoReq_imp
</UL>

<P><STRONG><a name="[27c]"></a>MeHandleEvents</STRONG> (Thumb, 0 bytes, Stack size 0 bytes, syscall.txt(ABSOLUTE))
<BR><BR>[Called By]<UL><LI><a href="#[26]">&gt;&gt;</a>&nbsp;&nbsp;&nbsp;hci_event_handler_imp
</UL>

<P><STRONG><a name="[1a2]"></a>MeMapHciToRemoteDevice</STRONG> (Thumb, 0 bytes, Stack size 0 bytes, syscall.txt(ABSOLUTE))
<BR><BR>[Called By]<UL><LI><a href="#[87]">&gt;&gt;</a>&nbsp;&nbsp;&nbsp;L2CAP_HciReceive_imp
</UL>

<P><STRONG><a name="[1d9]"></a>MeStartOperation</STRONG> (Thumb, 0 bytes, Stack size 0 bytes, syscall.txt(ABSOLUTE))
<BR><BR>[Called By]<UL><LI><a href="#[1d3]">&gt;&gt;</a>&nbsp;&nbsp;&nbsp;SecHandleConfirmReq_imp
<LI><a href="#[1d6]">&gt;&gt;</a>&nbsp;&nbsp;&nbsp;SecHandleUserIoReq_imp
</UL>

<P><STRONG><a name="[155]"></a>OS_MemCmp</STRONG> (Thumb, 0 bytes, Stack size 0 bytes, syscall.txt(ABSOLUTE))
<BR><BR>[Called By]<UL><LI><a href="#[15e]">&gt;&gt;</a>&nbsp;&nbsp;&nbsp;AvrcpHandlePanelRsp_imp
<LI><a href="#[154]">&gt;&gt;</a>&nbsp;&nbsp;&nbsp;AssociateConn
</UL>

<P><STRONG><a name="[16f]"></a>RF_AdvanceCredit</STRONG> (Thumb, 0 bytes, Stack size 0 bytes, syscall.txt(ABSOLUTE))
<BR><BR>[Called By]<UL><LI><a href="#[5]">&gt;&gt;</a>&nbsp;&nbsp;&nbsp;BtClientCallBack
</UL>

<P><STRONG><a name="[161]"></a>RF_CloseChannel</STRONG> (Thumb, 0 bytes, Stack size 0 bytes, syscall.txt(ABSOLUTE))
<BR><BR>[Called By]<UL><LI><a href="#[283]">&gt;&gt;</a>&nbsp;&nbsp;&nbsp;hfHandleNegotiateIndFail
<LI><a href="#[8a]">&gt;&gt;</a>&nbsp;&nbsp;&nbsp;hfHandleNegotiateComplete_imp
<LI><a href="#[8b]">&gt;&gt;</a>&nbsp;&nbsp;&nbsp;HfStateConnPending_imp
<LI><a href="#[160]">&gt;&gt;</a>&nbsp;&nbsp;&nbsp;BTSTACK_ClientDisconnect
<LI><a href="#[5]">&gt;&gt;</a>&nbsp;&nbsp;&nbsp;BtClientCallBack
<LI><a href="#[61]">&gt;&gt;</a>&nbsp;&nbsp;&nbsp;BTSTACK_DisconnectReq
</UL>

<P><STRONG><a name="[167]"></a>RF_FrameSize</STRONG> (Thumb, 0 bytes, Stack size 0 bytes, syscall.txt(ABSOLUTE))
<BR><BR>[Called By]<UL><LI><a href="#[62]">&gt;&gt;</a>&nbsp;&nbsp;&nbsp;BTSTACK_MaxTxSize
<LI><a href="#[64]">&gt;&gt;</a>&nbsp;&nbsp;&nbsp;BTSTACK_GetTpConnInfo
</UL>

<P><STRONG><a name="[16d]"></a>RF_OpenClientChannel</STRONG> (Thumb, 0 bytes, Stack size 0 bytes, syscall.txt(ABSOLUTE))
<BR><BR>[Called By]<UL><LI><a href="#[4]">&gt;&gt;</a>&nbsp;&nbsp;&nbsp;BtClientGeneralCallback
<LI><a href="#[5]">&gt;&gt;</a>&nbsp;&nbsp;&nbsp;BtClientCallBack
</UL>

<P><STRONG><a name="[168]"></a>RF_RemoteDevice</STRONG> (Thumb, 0 bytes, Stack size 0 bytes, syscall.txt(ABSOLUTE))
<BR><BR>[Called By]<UL><LI><a href="#[11]">&gt;&gt;</a>&nbsp;&nbsp;&nbsp;HfRfCallback_imp
<LI><a href="#[64]">&gt;&gt;</a>&nbsp;&nbsp;&nbsp;BTSTACK_GetTpConnInfo
</UL>

<P><STRONG><a name="[169]"></a>RF_SendData</STRONG> (Thumb, 0 bytes, Stack size 0 bytes, syscall.txt(ABSOLUTE))
<BR><BR>[Called By]<UL><LI><a href="#[63]">&gt;&gt;</a>&nbsp;&nbsp;&nbsp;BTSTACK_SendTxBuffer
</UL>

<P><STRONG><a name="[144]"></a>RemoveEntryList</STRONG> (Thumb, 0 bytes, Stack size 0 bytes, syscall.txt(ABSOLUTE))
<BR><BR>[Called By]<UL><LI><a href="#[141]">&gt;&gt;</a>&nbsp;&nbsp;&nbsp;A2DP_Deregister_imp
</UL>

<P><STRONG><a name="[1cf]"></a>RfAppCallback</STRONG> (Thumb, 0 bytes, Stack size 0 bytes, syscall.txt(ABSOLUTE))
<BR><BR>[Called By]<UL><LI><a href="#[1cd]">&gt;&gt;</a>&nbsp;&nbsp;&nbsp;RfAdvanceToOpenTimeoutHandler_imp
</UL>

<P><STRONG><a name="[1d0]"></a>RfFreeDLC</STRONG> (Thumb, 0 bytes, Stack size 0 bytes, syscall.txt(ABSOLUTE))
<BR><BR>[Called By]<UL><LI><a href="#[2b]">&gt;&gt;</a>&nbsp;&nbsp;&nbsp;hci_rfcomm_close_to_handler
<LI><a href="#[1cd]">&gt;&gt;</a>&nbsp;&nbsp;&nbsp;RfAdvanceToOpenTimeoutHandler_imp
</UL>

<P><STRONG><a name="[1ce]"></a>RfSendModemStatus</STRONG> (Thumb, 0 bytes, Stack size 0 bytes, syscall.txt(ABSOLUTE))
<BR><BR>[Called By]<UL><LI><a href="#[1cd]">&gt;&gt;</a>&nbsp;&nbsp;&nbsp;RfAdvanceToOpenTimeoutHandler_imp
</UL>

<P><STRONG><a name="[14c]"></a>SDP_AddRecord</STRONG> (Thumb, 0 bytes, Stack size 0 bytes, syscall.txt(ABSOLUTE))
<BR><BR>[Called By]<UL><LI><a href="#[19c]">&gt;&gt;</a>&nbsp;&nbsp;&nbsp;HidRegisterSdp_app
<LI><a href="#[147]">&gt;&gt;</a>&nbsp;&nbsp;&nbsp;A2dpRegisterSdpService_imp
<LI><a href="#[1ca]">&gt;&gt;</a>&nbsp;&nbsp;&nbsp;PceAddServiceRecord
</UL>

<P><STRONG><a name="[177]"></a>SDP_ParseAttributes</STRONG> (Thumb, 0 bytes, Stack size 0 bytes, syscall.txt(ABSOLUTE))
<BR><BR>[Called By]<UL><LI><a href="#[174]">&gt;&gt;</a>&nbsp;&nbsp;&nbsp;BtVerifySdpQueryRsp
</UL>

<P><STRONG><a name="[176]"></a>SDP_Query</STRONG> (Thumb, 0 bytes, Stack size 0 bytes, syscall.txt(ABSOLUTE))
<BR><BR>[Called By]<UL><LI><a href="#[172]">&gt;&gt;</a>&nbsp;&nbsp;&nbsp;BtStartServiceQuery
</UL>

<P><STRONG><a name="[143]"></a>SDP_RemoveRecord</STRONG> (Thumb, 0 bytes, Stack size 0 bytes, syscall.txt(ABSOLUTE))
<BR><BR>[Called By]<UL><LI><a href="#[141]">&gt;&gt;</a>&nbsp;&nbsp;&nbsp;A2DP_Deregister_imp
</UL>

<P><STRONG><a name="[195]"></a>SEC_AccessRequest</STRONG> (Thumb, 0 bytes, Stack size 0 bytes, syscall.txt(ABSOLUTE))
<BR><BR>[Called By]<UL><LI><a href="#[185]">&gt;&gt;</a>&nbsp;&nbsp;&nbsp;GoepClientSecAccessRequest
</UL>

<P><STRONG><a name="[2c6]"></a>SEC_AuthorizeServiceB</STRONG> (Thumb, 0 bytes, Stack size 0 bytes, syscall.txt(ABSOLUTE))
<BR><BR>[Called By]<UL><LI><a href="#[e]">&gt;&gt;</a>&nbsp;&nbsp;&nbsp;security_event_handler_imp
</UL>

<P><STRONG><a name="[197]"></a>SEC_CancelAccessRequest</STRONG> (Thumb, 0 bytes, Stack size 0 bytes, syscall.txt(ABSOLUTE))
<BR><BR>[Called By]<UL><LI><a href="#[7]">&gt;&gt;</a>&nbsp;&nbsp;&nbsp;GoepClntCallback
</UL>

<P><STRONG><a name="[18a]"></a>SEC_Register</STRONG> (Thumb, 0 bytes, Stack size 0 bytes, syscall.txt(ABSOLUTE))
<BR><BR>[Called By]<UL><LI><a href="#[19a]">&gt;&gt;</a>&nbsp;&nbsp;&nbsp;HID_Register_app
<LI><a href="#[18b]">&gt;&gt;</a>&nbsp;&nbsp;&nbsp;GOEP_RegisterClnt
<LI><a href="#[189]">&gt;&gt;</a>&nbsp;&nbsp;&nbsp;GOEP_RegisterClientSecurityRecord
</UL>

<P><STRONG><a name="[1f2]"></a>SEC_RegisterAuthorizeHandler</STRONG> (Thumb, 0 bytes, Stack size 0 bytes, syscall.txt(ABSOLUTE))
<BR><BR>[Called By]<UL><LI><a href="#[1f0]">&gt;&gt;</a>&nbsp;&nbsp;&nbsp;app_bt_init_imp
</UL>

<P><STRONG><a name="[1f1]"></a>SEC_RegisterPairingHandler</STRONG> (Thumb, 0 bytes, Stack size 0 bytes, syscall.txt(ABSOLUTE))
<BR><BR>[Called By]<UL><LI><a href="#[1f0]">&gt;&gt;</a>&nbsp;&nbsp;&nbsp;app_bt_init_imp
</UL>

<P><STRONG><a name="[1f4]"></a>SEC_SetBondingMode</STRONG> (Thumb, 0 bytes, Stack size 0 bytes, syscall.txt(ABSOLUTE))
<BR><BR>[Called By]<UL><LI><a href="#[1f0]">&gt;&gt;</a>&nbsp;&nbsp;&nbsp;app_bt_init_imp
</UL>

<P><STRONG><a name="[1f5]"></a>SEC_SetIoCapabilities</STRONG> (Thumb, 0 bytes, Stack size 0 bytes, syscall.txt(ABSOLUTE))
<BR><BR>[Called By]<UL><LI><a href="#[1f0]">&gt;&gt;</a>&nbsp;&nbsp;&nbsp;app_bt_init_imp
</UL>

<P><STRONG><a name="[2c5]"></a>SEC_SetPin</STRONG> (Thumb, 0 bytes, Stack size 0 bytes, syscall.txt(ABSOLUTE))
<BR><BR>[Called By]<UL><LI><a href="#[e]">&gt;&gt;</a>&nbsp;&nbsp;&nbsp;security_event_handler_imp
</UL>

<P><STRONG><a name="[19d]"></a>SEC_Unregister</STRONG> (Thumb, 0 bytes, Stack size 0 bytes, syscall.txt(ABSOLUTE))
<BR><BR>[Called By]<UL><LI><a href="#[19a]">&gt;&gt;</a>&nbsp;&nbsp;&nbsp;HID_Register_app
</UL>

<P><STRONG><a name="[2c8]"></a>SEC_UserConfirm</STRONG> (Thumb, 0 bytes, Stack size 0 bytes, syscall.txt(ABSOLUTE))
<BR><BR>[Called By]<UL><LI><a href="#[e]">&gt;&gt;</a>&nbsp;&nbsp;&nbsp;security_event_handler_imp
</UL>

<P><STRONG><a name="[1df]"></a>SecAddAuthenticateOpToQueue</STRONG> (Thumb, 0 bytes, Stack size 0 bytes, syscall.txt(ABSOLUTE))
<BR><BR>[Called By]<UL><LI><a href="#[82]">&gt;&gt;</a>&nbsp;&nbsp;&nbsp;SecProcessSecurityToken_imp
</UL>

<P><STRONG><a name="[1d7]"></a>SecBtGetFreeSecurityOp</STRONG> (Thumb, 0 bytes, Stack size 0 bytes, syscall.txt(ABSOLUTE))
<BR><BR>[Called By]<UL><LI><a href="#[1d3]">&gt;&gt;</a>&nbsp;&nbsp;&nbsp;SecHandleConfirmReq_imp
<LI><a href="#[1d6]">&gt;&gt;</a>&nbsp;&nbsp;&nbsp;SecHandleUserIoReq_imp
<LI><a href="#[82]">&gt;&gt;</a>&nbsp;&nbsp;&nbsp;SecProcessSecurityToken_imp
</UL>

<P><STRONG><a name="[1dc]"></a>SecGetPinLen</STRONG> (Thumb, 0 bytes, Stack size 0 bytes, syscall.txt(ABSOLUTE))
<BR><BR>[Called By]<UL><LI><a href="#[1d6]">&gt;&gt;</a>&nbsp;&nbsp;&nbsp;SecHandleUserIoReq_imp
</UL>

<P><STRONG><a name="[1e0]"></a>SecIsCurrentSecurityGoodEnough</STRONG> (Thumb, 0 bytes, Stack size 0 bytes, syscall.txt(ABSOLUTE))
<BR><BR>[Called By]<UL><LI><a href="#[82]">&gt;&gt;</a>&nbsp;&nbsp;&nbsp;SecProcessSecurityToken_imp
</UL>

<P><STRONG><a name="[1bf]"></a>StoreBE16</STRONG> (Thumb, 0 bytes, Stack size 0 bytes, syscall.txt(ABSOLUTE))
<BR><BR>[Called By]<UL><LI><a href="#[1bd]">&gt;&gt;</a>&nbsp;&nbsp;&nbsp;ObParserSendPacket
</UL>

<P><STRONG><a name="[14f]"></a>StoreBE32</STRONG> (Thumb, 0 bytes, Stack size 0 bytes, syscall.txt(ABSOLUTE))
<BR><BR>[Called By]<UL><LI><a href="#[14e]">&gt;&gt;</a>&nbsp;&nbsp;&nbsp;AVRCP_CtGetMediaInfo
<LI><a href="#[183]">&gt;&gt;</a>&nbsp;&nbsp;&nbsp;OBEX_ClientBuildProtocolHeader
<LI><a href="#[17e]">&gt;&gt;</a>&nbsp;&nbsp;&nbsp;OBEXH_Build4Byte
</UL>

<P><STRONG><a name="[27d]"></a>StoreLE16</STRONG> (Thumb, 0 bytes, Stack size 0 bytes, syscall.txt(ABSOLUTE))
<BR><BR>[Called By]<UL><LI><a href="#[25]">&gt;&gt;</a>&nbsp;&nbsp;&nbsp;hci_host_tx_cmd_handler_imp
<LI><a href="#[27f]">&gt;&gt;</a>&nbsp;&nbsp;&nbsp;hci_stack_tx_data_dispatch_imp
</UL>

<P><STRONG><a name="[6e]"></a>SysTick_Handler</STRONG> (Thumb, 0 bytes, Stack size 0 bytes, syscall.txt(ABSOLUTE), UNUSED)
<BR>[Address Reference Count : 1]<UL><LI> app_boot_vectors.o(RESET)
</UL>
<P><STRONG><a name="[1d8]"></a>_InsertHeadList</STRONG> (Thumb, 0 bytes, Stack size 0 bytes, syscall.txt(ABSOLUTE))
<BR><BR>[Called By]<UL><LI><a href="#[1d3]">&gt;&gt;</a>&nbsp;&nbsp;&nbsp;SecHandleConfirmReq_imp
<LI><a href="#[1d6]">&gt;&gt;</a>&nbsp;&nbsp;&nbsp;SecHandleUserIoReq_imp
<LI><a href="#[82]">&gt;&gt;</a>&nbsp;&nbsp;&nbsp;SecProcessSecurityToken_imp
</UL>

<P><STRONG><a name="[148]"></a>_InsertTailList</STRONG> (Thumb, 0 bytes, Stack size 0 bytes, syscall.txt(ABSOLUTE))
<BR><BR>[Called By]<UL><LI><a href="#[19a]">&gt;&gt;</a>&nbsp;&nbsp;&nbsp;HID_Register_app
<LI><a href="#[145]">&gt;&gt;</a>&nbsp;&nbsp;&nbsp;A2DP_Register_imp
<LI><a href="#[1b0]">&gt;&gt;</a>&nbsp;&nbsp;&nbsp;OBEX_Init
<LI><a href="#[82]">&gt;&gt;</a>&nbsp;&nbsp;&nbsp;SecProcessSecurityToken_imp
<LI><a href="#[1c6]">&gt;&gt;</a>&nbsp;&nbsp;&nbsp;PBAPOBS_Init
<LI><a href="#[1c5]">&gt;&gt;</a>&nbsp;&nbsp;&nbsp;PBAPOBS_Close
<LI><a href="#[1ac]">&gt;&gt;</a>&nbsp;&nbsp;&nbsp;OBSTACK_ClientInit
<LI><a href="#[170]">&gt;&gt;</a>&nbsp;&nbsp;&nbsp;OBPROT_TxDone
<LI><a href="#[16a]">&gt;&gt;</a>&nbsp;&nbsp;&nbsp;OBPROT_ReturnTxBuffer
</UL>

<P><STRONG><a name="[146]"></a>_OS_LockStack</STRONG> (Thumb, 0 bytes, Stack size 0 bytes, syscall.txt(ABSOLUTE))
<BR><BR>[Called By]<UL><LI><a href="#[19a]">&gt;&gt;</a>&nbsp;&nbsp;&nbsp;HID_Register_app
<LI><a href="#[145]">&gt;&gt;</a>&nbsp;&nbsp;&nbsp;A2DP_Register_imp
<LI><a href="#[1b0]">&gt;&gt;</a>&nbsp;&nbsp;&nbsp;OBEX_Init
<LI><a href="#[1d1]">&gt;&gt;</a>&nbsp;&nbsp;&nbsp;SEC_AddDeviceRecord_imp
<LI><a href="#[16b]">&gt;&gt;</a>&nbsp;&nbsp;&nbsp;OS_LockObex
</UL>

<P><STRONG><a name="[14b]"></a>_OS_UnlockStack</STRONG> (Thumb, 0 bytes, Stack size 0 bytes, syscall.txt(ABSOLUTE))
<BR><BR>[Called By]<UL><LI><a href="#[19a]">&gt;&gt;</a>&nbsp;&nbsp;&nbsp;HID_Register_app
<LI><a href="#[145]">&gt;&gt;</a>&nbsp;&nbsp;&nbsp;A2DP_Register_imp
<LI><a href="#[1b0]">&gt;&gt;</a>&nbsp;&nbsp;&nbsp;OBEX_Init
<LI><a href="#[1d1]">&gt;&gt;</a>&nbsp;&nbsp;&nbsp;SEC_AddDeviceRecord_imp
<LI><a href="#[171]">&gt;&gt;</a>&nbsp;&nbsp;&nbsp;OS_UnlockObex
</UL>

<P><STRONG><a name="[1b9]"></a>_RemoveHeadList</STRONG> (Thumb, 0 bytes, Stack size 0 bytes, syscall.txt(ABSOLUTE))
<BR><BR>[Called By]<UL><LI><a href="#[f]">&gt;&gt;</a>&nbsp;&nbsp;&nbsp;me_callback_imp
<LI><a href="#[1b8]">&gt;&gt;</a>&nbsp;&nbsp;&nbsp;OBSTACK_GetTxBuffer
</UL>

<P><STRONG><a name="[1]"></a>__2printf</STRONG> (Thumb, 0 bytes, Stack size 0 bytes, syscall.txt(ABSOLUTE))
<BR><BR>[Called By]<UL><LI><a href="#[10c]">&gt;&gt;</a>&nbsp;&nbsp;&nbsp;HardFault_Handler_C
<LI><a href="#[9d]">&gt;&gt;</a>&nbsp;&nbsp;&nbsp;os_msg_post
<LI><a href="#[116]">&gt;&gt;</a>&nbsp;&nbsp;&nbsp;app_at_cmd_recv_handler
<LI><a href="#[13f]">&gt;&gt;</a>&nbsp;&nbsp;&nbsp;user_entry_before_stack_init
<LI><a href="#[13b]">&gt;&gt;</a>&nbsp;&nbsp;&nbsp;user_custom_parameters
<LI><a href="#[f7]">&gt;&gt;</a>&nbsp;&nbsp;&nbsp;bt_notify_error_func
<LI><a href="#[26b]">&gt;&gt;</a>&nbsp;&nbsp;&nbsp;gatt_store_peer_prf_info
<LI><a href="#[8f]">&gt;&gt;</a>&nbsp;&nbsp;&nbsp;gatt_service_init
<LI><a href="#[4f]">&gt;&gt;</a>&nbsp;&nbsp;&nbsp;gapc_cmp_evt_handler
<LI><a href="#[87]">&gt;&gt;</a>&nbsp;&nbsp;&nbsp;L2CAP_HciReceive_imp
</UL>
<BR>[Address Reference Count : 1]<UL><LI> hardfault.o(.text.HardFault_Handler_C)
</UL>
<P><STRONG><a name="[e9]"></a>app_boot_host_comm</STRONG> (Thumb, 0 bytes, Stack size 0 bytes, syscall.txt(ABSOLUTE), UNUSED)
<BR><BR>[Called By]<UL><LI><a href="#[e7]">&gt;&gt;</a>&nbsp;&nbsp;&nbsp;retry_handshake (via Veneer)
</UL>

<P><STRONG><a name="[203]"></a>app_bt_profile_init</STRONG> (Thumb, 0 bytes, Stack size 0 bytes, syscall.txt(ABSOLUTE))
<BR><BR>[Called By]<UL><LI><a href="#[94]">&gt;&gt;</a>&nbsp;&nbsp;&nbsp;app_entry_sub
</UL>

<P><STRONG><a name="[eb]"></a>app_calibration_end</STRONG> (Thumb, 0 bytes, Stack size 0 bytes, syscall.txt(ABSOLUTE))
<BR><BR>[Called By]<UL><LI><a href="#[78]">&gt;&gt;</a>&nbsp;&nbsp;&nbsp;pmu_isr_imp (via Veneer)
</UL>

<P><STRONG><a name="[e4]"></a>app_ipc_init</STRONG> (Thumb, 0 bytes, Stack size 0 bytes, syscall.txt(ABSOLUTE))
<BR><BR>[Called By]<UL><LI><a href="#[1d]">&gt;&gt;</a>&nbsp;&nbsp;&nbsp;low_power_restore_entry_patch (via Veneer)
<LI><a href="#[94]">&gt;&gt;</a>&nbsp;&nbsp;&nbsp;app_entry_sub
</UL>

<P><STRONG><a name="[3c]"></a>app_otas_add_otass</STRONG> (Thumb, 0 bytes, Stack size 0 bytes, syscall.txt(ABSOLUTE), UNUSED)
<BR>[Address Reference Count : 1]<UL><LI> app_ble_new.o(.constdata)
</UL>
<P><STRONG><a name="[1fb]"></a>app_otas_enable_prf</STRONG> (Thumb, 0 bytes, Stack size 0 bytes, syscall.txt(ABSOLUTE))
<BR><BR>[Called By]<UL><LI><a href="#[1fa]">&gt;&gt;</a>&nbsp;&nbsp;&nbsp;app_connection_req_ind_func
</UL>

<P><STRONG><a name="[205]"></a>app_task_init</STRONG> (Thumb, 0 bytes, Stack size 0 bytes, syscall.txt(ABSOLUTE))
<BR><BR>[Called By]<UL><LI><a href="#[94]">&gt;&gt;</a>&nbsp;&nbsp;&nbsp;app_entry_sub
</UL>

<P><STRONG><a name="[272]"></a>attm_att_set_value</STRONG> (Thumb, 0 bytes, Stack size 0 bytes, syscall.txt(ABSOLUTE))
<BR><BR>[Called By]<UL><LI><a href="#[8f]">&gt;&gt;</a>&nbsp;&nbsp;&nbsp;gatt_service_init
</UL>

<P><STRONG><a name="[271]"></a>attm_svc_create_db</STRONG> (Thumb, 0 bytes, Stack size 0 bytes, syscall.txt(ABSOLUTE))
<BR><BR>[Called By]<UL><LI><a href="#[8f]">&gt;&gt;</a>&nbsp;&nbsp;&nbsp;gatt_service_init
</UL>

<P><STRONG><a name="[2c2]"></a>attm_uuid_comp</STRONG> (Thumb, 0 bytes, Stack size 0 bytes, syscall.txt(ABSOLUTE))
<BR><BR>[Called By]<UL><LI><a href="#[273]">&gt;&gt;</a>&nbsp;&nbsp;&nbsp;prf_extract_svc_info_uuid_128
</UL>

<P><STRONG><a name="[22a]"></a>attmdb_add_service</STRONG> (Thumb, 0 bytes, Stack size 0 bytes, syscall.txt(ABSOLUTE))
<BR><BR>[Called By]<UL><LI><a href="#[229]">&gt;&gt;</a>&nbsp;&nbsp;&nbsp;attm_svc_create_db_ext
</UL>

<P><STRONG><a name="[c8]"></a>audio_codec_play_tone</STRONG> (Thumb, 0 bytes, Stack size 0 bytes, syscall.txt(ABSOLUTE))
<BR><BR>[Called By]<UL><LI><a href="#[7b]">&gt;&gt;</a>&nbsp;&nbsp;&nbsp;sbc_isr_imp (via Veneer)
</UL>

<P><STRONG><a name="[236]"></a>audio_prepare_tone</STRONG> (Thumb, 0 bytes, Stack size 0 bytes, syscall.txt(ABSOLUTE))
<BR><BR>[Called By]<UL><LI><a href="#[33]">&gt;&gt;</a>&nbsp;&nbsp;&nbsp;audio_codec_tone_handler_imp
</UL>

<P><STRONG><a name="[23b]"></a>bt_avrcp_free</STRONG> (Thumb, 0 bytes, Stack size 0 bytes, syscall.txt(ABSOLUTE))
<BR><BR>[Called By]<UL><LI><a href="#[133]">&gt;&gt;</a>&nbsp;&nbsp;&nbsp;avrcp_tg_set_absolute_volume
<LI><a href="#[126]">&gt;&gt;</a>&nbsp;&nbsp;&nbsp;avrcp_ct_get_media_info
<LI><a href="#[13]">&gt;&gt;</a>&nbsp;&nbsp;&nbsp;avrcp_callback_imp
</UL>

<P><STRONG><a name="[23c]"></a>bt_avrcp_malloc_cmd</STRONG> (Thumb, 0 bytes, Stack size 0 bytes, syscall.txt(ABSOLUTE))
<BR><BR>[Called By]<UL><LI><a href="#[133]">&gt;&gt;</a>&nbsp;&nbsp;&nbsp;avrcp_tg_set_absolute_volume
<LI><a href="#[126]">&gt;&gt;</a>&nbsp;&nbsp;&nbsp;avrcp_ct_get_media_info
</UL>

<P><STRONG><a name="[276]"></a>bt_util_buf_acl_rx_free</STRONG> (Thumb, 0 bytes, Stack size 0 bytes, syscall.txt(ABSOLUTE))
<BR><BR>[Called By]<UL><LI><a href="#[27]">&gt;&gt;</a>&nbsp;&nbsp;&nbsp;hci_acl_data_handler_imp
</UL>

<P><STRONG><a name="[281]"></a>bt_util_buf_acl_tx_alloc</STRONG> (Thumb, 0 bytes, Stack size 0 bytes, syscall.txt(ABSOLUTE))
<BR><BR>[Called By]<UL><LI><a href="#[27f]">&gt;&gt;</a>&nbsp;&nbsp;&nbsp;hci_stack_tx_data_dispatch_imp
</UL>

<P><STRONG><a name="[97]"></a>button_toggle_detected</STRONG> (Thumb, 0 bytes, Stack size 0 bytes, syscall.txt(ABSOLUTE))
<BR><BR>[Called By]<UL><LI><a href="#[95]">&gt;&gt;</a>&nbsp;&nbsp;&nbsp;pmu_gpio_isr_ram (via Veneer)
</UL>

<P><STRONG><a name="[113]"></a>co_ascii_strn2val</STRONG> (Thumb, 0 bytes, Stack size 0 bytes, syscall.txt(ABSOLUTE))
<BR><BR>[Called By]<UL><LI><a href="#[116]">&gt;&gt;</a>&nbsp;&nbsp;&nbsp;app_at_cmd_recv_handler
<LI><a href="#[112]">&gt;&gt;</a>&nbsp;&nbsp;&nbsp;OUTLINED_FUNCTION_1
</UL>

<P><STRONG><a name="[1e9]"></a>co_list_init</STRONG> (Thumb, 0 bytes, Stack size 0 bytes, syscall.txt(ABSOLUTE))
<BR><BR>[Called By]<UL><LI><a href="#[d]">&gt;&gt;</a>&nbsp;&nbsp;&nbsp;avdev_callback_imp
<LI><a href="#[206]">&gt;&gt;</a>&nbsp;&nbsp;&nbsp;appm_ble_init_imp
<LI><a href="#[1e8]">&gt;&gt;</a>&nbsp;&nbsp;&nbsp;a2dp_start_discover
<LI><a href="#[84]">&gt;&gt;</a>&nbsp;&nbsp;&nbsp;ld_acl_start_imp
</UL>

<P><STRONG><a name="[ba]"></a>co_list_pop_front</STRONG> (Thumb, 0 bytes, Stack size 0 bytes, syscall.txt(ABSOLUTE))
<BR><BR>[Called By]<UL><LI><a href="#[b9]">&gt;&gt;</a>&nbsp;&nbsp;&nbsp;ipc_msg_flush (via Veneer)
<LI><a href="#[bd]">&gt;&gt;</a>&nbsp;&nbsp;&nbsp;ipc_msg_sent (via Veneer)
<LI><a href="#[7b]">&gt;&gt;</a>&nbsp;&nbsp;&nbsp;sbc_isr_imp (via Veneer)
<LI><a href="#[1a]">&gt;&gt;</a>&nbsp;&nbsp;&nbsp;sbc_init_imp (via Veneer)
<LI><a href="#[22b]">&gt;&gt;</a>&nbsp;&nbsp;&nbsp;audio_codec_clear_state_imp
<LI><a href="#[220]">&gt;&gt;</a>&nbsp;&nbsp;&nbsp;appm_exc_activity_cmp
<LI><a href="#[ef]">&gt;&gt;</a>&nbsp;&nbsp;&nbsp;sch_arb_event_start_isr_imp (via Veneer)
<LI><a href="#[d]">&gt;&gt;</a>&nbsp;&nbsp;&nbsp;avdev_callback_imp
<LI><a href="#[1ef]">&gt;&gt;</a>&nbsp;&nbsp;&nbsp;app_avdev_find_prefer_codec
</UL>

<P><STRONG><a name="[1e4]"></a>co_list_pop_subfront</STRONG> (Thumb, 0 bytes, Stack size 0 bytes, syscall.txt(ABSOLUTE))
<BR><BR>[Called By]<UL><LI><a href="#[12]">&gt;&gt;</a>&nbsp;&nbsp;&nbsp;a2dp_callback_imp
</UL>

<P><STRONG><a name="[b4]"></a>co_list_push_back</STRONG> (Thumb, 0 bytes, Stack size 0 bytes, syscall.txt(ABSOLUTE))
<BR><BR>[Called By]<UL><LI><a href="#[b6]">&gt;&gt;</a>&nbsp;&nbsp;&nbsp;ipc_msg_with_payload_send (via Veneer)
<LI><a href="#[b0]">&gt;&gt;</a>&nbsp;&nbsp;&nbsp;ipc_msg_send (via Veneer)
<LI><a href="#[38]">&gt;&gt;</a>&nbsp;&nbsp;&nbsp;audio_codec_buildin_sbc_imp
<LI><a href="#[221]">&gt;&gt;</a>&nbsp;&nbsp;&nbsp;appm_execute_activity_cmd
<LI><a href="#[ef]">&gt;&gt;</a>&nbsp;&nbsp;&nbsp;sch_arb_event_start_isr_imp (via Veneer)
<LI><a href="#[d]">&gt;&gt;</a>&nbsp;&nbsp;&nbsp;avdev_callback_imp
<LI><a href="#[12]">&gt;&gt;</a>&nbsp;&nbsp;&nbsp;a2dp_callback_imp
</UL>

<P><STRONG><a name="[27b]"></a>co_list_size</STRONG> (Thumb, 0 bytes, Stack size 0 bytes, syscall.txt(ABSOLUTE))
<BR><BR>[Called By]<UL><LI><a href="#[263]">&gt;&gt;</a>&nbsp;&nbsp;&nbsp;hci_disc_cmp_evt_handler_imp
</UL>

<P><STRONG><a name="[1e3]"></a>find_device</STRONG> (Thumb, 0 bytes, Stack size 0 bytes, syscall.txt(ABSOLUTE))
<BR><BR>[Called By]<UL><LI><a href="#[10]">&gt;&gt;</a>&nbsp;&nbsp;&nbsp;hf_callback_imp
<LI><a href="#[13]">&gt;&gt;</a>&nbsp;&nbsp;&nbsp;avrcp_callback_imp
<LI><a href="#[d]">&gt;&gt;</a>&nbsp;&nbsp;&nbsp;avdev_callback_imp
<LI><a href="#[12]">&gt;&gt;</a>&nbsp;&nbsp;&nbsp;a2dp_callback_imp
</UL>

<P><STRONG><a name="[10f]"></a>fputc</STRONG> (Thumb, 0 bytes, Stack size 0 bytes, syscall.txt(ABSOLUTE))
<BR><BR>[Called By]<UL><LI><a href="#[aa]">&gt;&gt;</a>&nbsp;&nbsp;&nbsp;puts
<LI><a href="#[10e]">&gt;&gt;</a>&nbsp;&nbsp;&nbsp;putchar
</UL>

<P><STRONG><a name="[d0]"></a>fr_div_64</STRONG> (Thumb, 0 bytes, Stack size 0 bytes, syscall.txt(ABSOLUTE))
<BR><BR>[Called By]<UL><LI><a href="#[30]">&gt;&gt;</a>&nbsp;&nbsp;&nbsp;app_msg_calibration_end_handler_imp (via Veneer)
</UL>

<P><STRONG><a name="[256]"></a>gapc_get_bdaddr</STRONG> (Thumb, 0 bytes, Stack size 0 bytes, syscall.txt(ABSOLUTE))
<BR><BR>[Called By]<UL><LI><a href="#[58]">&gt;&gt;</a>&nbsp;&nbsp;&nbsp;gapc_bond_ind_handler
</UL>

<P><STRONG><a name="[277]"></a>gapc_get_dest_task</STRONG> (Thumb, 0 bytes, Stack size 0 bytes, syscall.txt(ABSOLUTE))
<BR><BR>[Called By]<UL><LI><a href="#[263]">&gt;&gt;</a>&nbsp;&nbsp;&nbsp;hci_disc_cmp_evt_handler_imp
</UL>

<P><STRONG><a name="[278]"></a>gapc_send_disconect_ind</STRONG> (Thumb, 0 bytes, Stack size 0 bytes, syscall.txt(ABSOLUTE))
<BR><BR>[Called By]<UL><LI><a href="#[263]">&gt;&gt;</a>&nbsp;&nbsp;&nbsp;hci_disc_cmp_evt_handler_imp
</UL>

<P><STRONG><a name="[279]"></a>gapc_send_error_evt</STRONG> (Thumb, 0 bytes, Stack size 0 bytes, syscall.txt(ABSOLUTE))
<BR><BR>[Called By]<UL><LI><a href="#[263]">&gt;&gt;</a>&nbsp;&nbsp;&nbsp;hci_disc_cmp_evt_handler_imp
</UL>

<P><STRONG><a name="[27a]"></a>gapm_con_cleanup</STRONG> (Thumb, 0 bytes, Stack size 0 bytes, syscall.txt(ABSOLUTE))
<BR><BR>[Called By]<UL><LI><a href="#[263]">&gt;&gt;</a>&nbsp;&nbsp;&nbsp;hci_disc_cmp_evt_handler_imp
</UL>

<P><STRONG><a name="[288]"></a>get_hf_free_channel_index</STRONG> (Thumb, 0 bytes, Stack size 0 bytes, syscall.txt(ABSOLUTE))
<BR><BR>[Called By]<UL><LI><a href="#[137]">&gt;&gt;</a>&nbsp;&nbsp;&nbsp;hf_connect
</UL>

<P><STRONG><a name="[282]"></a>hci_acl_tx_data_received</STRONG> (Thumb, 0 bytes, Stack size 0 bytes, syscall.txt(ABSOLUTE))
<BR><BR>[Called By]<UL><LI><a href="#[27f]">&gt;&gt;</a>&nbsp;&nbsp;&nbsp;hci_stack_tx_data_dispatch_imp
</UL>

<P><STRONG><a name="[27e]"></a>hci_cmd_received</STRONG> (Thumb, 0 bytes, Stack size 0 bytes, syscall.txt(ABSOLUTE))
<BR><BR>[Called By]<UL><LI><a href="#[25]">&gt;&gt;</a>&nbsp;&nbsp;&nbsp;hci_host_tx_cmd_handler_imp
</UL>

<P><STRONG><a name="[2b6]"></a>hci_send_2_host</STRONG> (Thumb, 0 bytes, Stack size 0 bytes, syscall.txt(ABSOLUTE))
<BR><BR>[Called By]<UL><LI><a href="#[294]">&gt;&gt;</a>&nbsp;&nbsp;&nbsp;lmp_reats_res_ext_handler_imp
</UL>

<P><STRONG><a name="[e1]"></a>intc_init</STRONG> (Thumb, 0 bytes, Stack size 0 bytes, syscall.txt(ABSOLUTE))
<BR><BR>[Called By]<UL><LI><a href="#[1d]">&gt;&gt;</a>&nbsp;&nbsp;&nbsp;low_power_restore_entry_patch (via Veneer)
</UL>

<P><STRONG><a name="[b2]"></a>ipc_alloc_channel</STRONG> (Thumb, 0 bytes, Stack size 0 bytes, syscall.txt(ABSOLUTE))
<BR><BR>[Called By]<UL><LI><a href="#[b6]">&gt;&gt;</a>&nbsp;&nbsp;&nbsp;ipc_msg_with_payload_send (via Veneer)
<LI><a href="#[b0]">&gt;&gt;</a>&nbsp;&nbsp;&nbsp;ipc_msg_send (via Veneer)
<LI><a href="#[bd]">&gt;&gt;</a>&nbsp;&nbsp;&nbsp;ipc_msg_sent (via Veneer)
<LI><a href="#[12]">&gt;&gt;</a>&nbsp;&nbsp;&nbsp;a2dp_callback_imp
</UL>

<P><STRONG><a name="[bc]"></a>ipc_free_channel</STRONG> (Thumb, 0 bytes, Stack size 0 bytes, syscall.txt(ABSOLUTE))
<BR><BR>[Called By]<UL><LI><a href="#[79]">&gt;&gt;</a>&nbsp;&nbsp;&nbsp;ipc_isr_ram (via Veneer)
</UL>

<P><STRONG><a name="[b7]"></a>ipc_get_buffer_offset</STRONG> (Thumb, 0 bytes, Stack size 0 bytes, syscall.txt(ABSOLUTE))
<BR><BR>[Called By]<UL><LI><a href="#[b6]">&gt;&gt;</a>&nbsp;&nbsp;&nbsp;ipc_msg_with_payload_send (via Veneer)
<LI><a href="#[bd]">&gt;&gt;</a>&nbsp;&nbsp;&nbsp;ipc_msg_sent (via Veneer)
<LI><a href="#[12]">&gt;&gt;</a>&nbsp;&nbsp;&nbsp;a2dp_callback_imp
</UL>

<P><STRONG><a name="[b3]"></a>ipc_insert_msg</STRONG> (Thumb, 0 bytes, Stack size 0 bytes, syscall.txt(ABSOLUTE))
<BR><BR>[Called By]<UL><LI><a href="#[b6]">&gt;&gt;</a>&nbsp;&nbsp;&nbsp;ipc_msg_with_payload_send (via Veneer)
<LI><a href="#[b0]">&gt;&gt;</a>&nbsp;&nbsp;&nbsp;ipc_msg_send (via Veneer)
<LI><a href="#[bd]">&gt;&gt;</a>&nbsp;&nbsp;&nbsp;ipc_msg_sent (via Veneer)
<LI><a href="#[12]">&gt;&gt;</a>&nbsp;&nbsp;&nbsp;a2dp_callback_imp
</UL>

<P><STRONG><a name="[f6]"></a>ke_event_set</STRONG> (Thumb, 0 bytes, Stack size 0 bytes, syscall.txt(ABSOLUTE))
<BR><BR>[Called By]<UL><LI><a href="#[6f]">&gt;&gt;</a>&nbsp;&nbsp;&nbsp;rwip_isr_imp (via Veneer)
<LI><a href="#[29]">&gt;&gt;</a>&nbsp;&nbsp;&nbsp;hci_nb_cmp_pkts_evt_handler
</UL>

<P><STRONG><a name="[be]"></a>ke_free</STRONG> (Thumb, 0 bytes, Stack size 0 bytes, syscall.txt(ABSOLUTE))
<BR><BR>[Called By]<UL><LI><a href="#[bb]">&gt;&gt;</a>&nbsp;&nbsp;&nbsp;os_free
<LI><a href="#[7b]">&gt;&gt;</a>&nbsp;&nbsp;&nbsp;sbc_isr_imp (via Veneer)
<LI><a href="#[132]">&gt;&gt;</a>&nbsp;&nbsp;&nbsp;hf_report_speaker_volume
<LI><a href="#[129]">&gt;&gt;</a>&nbsp;&nbsp;&nbsp;hf_hang_up
[...]
<BR><BR>[Stack]<UL><LI>Max Depth = 56<LI>Call Chain = gapc_bond_ind_handler &rArr; app_connection_slave_encrypted_ind_func
</UL>
<BR>[Calls]<UL><LI><a href="#[b8]">&gt;&gt;</a>&nbsp;&nbsp;&nbsp;__aeabi_memcpy (via Veneer)
<LI><a href="#[256]">&gt;&gt;</a>&nbsp;&nbsp;&nbsp;gapc_get_bdaddr
<LI><a href="#[259]">&gt;&gt;</a>&nbsp;&nbsp;&nbsp;app_connection_slave_encrypted_ind_func
<LI><a href="#[257]">&gt;&gt;</a>&nbsp;&nbsp;&nbsp;app_connection_paring_info_ind_func
<LI><a href="#[258]">&gt;&gt;</a>&nbsp;&nbsp;&nbsp;app_connection_master_encrypted_ind_func
<LI><a href="#[251]">&gt;&gt;</a>&nbsp;&nbsp;&nbsp;gap_disconnect_req
</UL>
<BR>[Address Reference Count : 1]<UL><LI> app_sec.o(.constdata)
</UL>
<P><STRONG><a name="[57]"></a>gapc_bond_req_ind_handler</STRONG> (Thumb, 432 bytes, Stack size 56 bytes, app_sec.o(i.gapc_bond_req_ind_handler))
<BR><BR>[Stack]<UL><LI>Max Depth = 88<LI>Call Chain = gapc_bond_req_ind_handler &rArr; app_connection_paring_info_ind_func
</UL>
<BR>[Calls]<UL><LI><a href="#[14a]">&gt;&gt;</a>&nbsp;&nbsp;&nbsp;rand (via Veneer)
<LI><a href="#[b8]">&gt;&gt;</a>&nbsp;&nbsp;&nbsp;__aeabi_memcpy (via Veneer)
<LI><a href="#[1cc]">&gt;&gt;</a>&nbsp;&nbsp;&nbsp;__aeabi_memclr (via Veneer)
<LI><a href="#[c7]">&gt;&gt;</a>&nbsp;&nbsp;&nbsp;ke_msg_send
<LI><a href="#[25b]">&gt;&gt;</a>&nbsp;&nbsp;&nbsp;ke_msg_free
<LI><a href="#[c5]">&gt;&gt;</a>&nbsp;&nbsp;&nbsp;ke_msg_alloc
<LI><a href="#[25a]">&gt;&gt;</a>&nbsp;&nbsp;&nbsp;gap_paring_req_cb
<LI><a href="#[257]">&gt;&gt;</a>&nbsp;&nbsp;&nbsp;app_connection_paring_info_ind_func
</UL>
<BR>[Address Reference Count : 1]<UL><LI> app_sec.o(.constdata)
</UL>
<P><STRONG><a name="[5a]"></a>gapc_encrypt_ind_handler</STRONG> (Thumb, 52 bytes, Stack size 24 bytes, app_sec.o(i.gapc_encrypt_ind_handler))
<BR><BR>[Stack]<UL><LI>Max Depth = 56<LI>Call Chain = gapc_encrypt_ind_handler &rArr; app_connection_slave_encrypted_ind_func
</UL>
<BR>[Calls]<UL><LI><a href="#[259]">&gt;&gt;</a>&nbsp;&nbsp;&nbsp;app_connection_slave_encrypted_ind_func
<LI><a href="#[258]">&gt;&gt;</a>&nbsp;&nbsp;&nbsp;app_connection_master_encrypted_ind_func
</UL>
<BR>[Address Reference Count : 1]<UL><LI> app_sec.o(.constdata)
</UL>
<P><STRONG><a name="[59]"></a>gapc_encrypt_req_ind_handler</STRONG> (Thumb, 80 bytes, Stack size 24 bytes, app_sec.o(i.gapc_encrypt_req_ind_handler))
<BR><BR>[Stack]<UL><LI>Max Depth = 40<LI>Call Chain = gapc_encrypt_req_ind_handler &rArr; ble_sec_check_ediv_rand
</UL>
<BR>[Calls]<UL><LI><a href="#[b8]">&gt;&gt;</a>&nbsp;&nbsp;&nbsp;__aeabi_memcpy (via Veneer)
<LI><a href="#[c7]">&gt;&gt;</a>&nbsp;&nbsp;&nbsp;ke_msg_send
<LI><a href="#[c5]">&gt;&gt;</a>&nbsp;&nbsp;&nbsp;ke_msg_alloc
<LI><a href="#[244]">&gt;&gt;</a>&nbsp;&nbsp;&nbsp;ble_sec_check_ediv_rand
</UL>
<BR>[Address Reference Count : 1]<UL><LI> app_sec.o(.constdata)
</UL>
<P><STRONG><a name="[56]"></a>gapc_security_ind_handler</STRONG> (Thumb, 50 bytes, Stack size 40 bytes, app_sec.o(i.gapc_security_ind_handler))
<BR><BR>[Stack]<UL><LI>Max Depth = 40<LI>Call Chain = gapc_security_ind_handler
</UL>
<BR>[Address Reference Count : 1]<UL><LI> app_sec.o(.constdata)
</UL>
<P><STRONG><a name="[22]"></a>ble_bond_addr_resolve_cb</STRONG> (Thumb, 124 bytes, Stack size 24 bytes, user_bond_manage.o(i.ble_bond_addr_resolve_cb))
<BR><BR>[Stack]<UL><LI>Max Depth = 56<LI>Call Chain = ble_bond_addr_resolve_cb &rArr; ble_sec_init &rArr; get_stored_info_req
</UL>
<BR>[Calls]<UL><LI><a href="#[23f]">&gt;&gt;</a>&nbsp;&nbsp;&nbsp;memcmp (via Veneer)
<LI><a href="#[241]">&gt;&gt;</a>&nbsp;&nbsp;&nbsp;ble_set_evt_func
<LI><a href="#[240]">&gt;&gt;</a>&nbsp;&nbsp;&nbsp;ble_sec_init
<LI><a href="#[1fc]">&gt;&gt;</a>&nbsp;&nbsp;&nbsp;app_connection_success_ind_func
<LI><a href="#[1fa]">&gt;&gt;</a>&nbsp;&nbsp;&nbsp;app_connection_req_ind_func
</UL>
<BR>[Address Reference Count : 1]<UL><LI> user_bond_manage.o(i.ble_bond_check)
</UL>
<P><STRONG><a name="[268]"></a>gatt_clr_peer_svc</STRONG> (Thumb, 114 bytes, Stack size 8 bytes, gatt_api.o(i.gatt_clr_peer_svc))
<BR><BR>[Stack]<UL><LI>Max Depth = 8<LI>Call Chain = gatt_clr_peer_svc
</UL>
<BR>[Calls]<UL><LI><a href="#[be]">&gt;&gt;</a>&nbsp;&nbsp;&nbsp;ke_free
</UL>
<BR>[Called By]<UL><LI><a href="#[269]">&gt;&gt;</a>&nbsp;&nbsp;&nbsp;gatt_msg_default_handler_imp
</UL>

<P><STRONG><a name="[26e]"></a>gatt_get_desc_hdl_from_peer_db</STRONG> (Thumb, 54 bytes, Stack size 8 bytes, gatt_api.o(i.gatt_get_desc_hdl_from_peer_db))
<BR><BR>[Stack]<UL><LI>Max Depth = 8<LI>Call Chain = gatt_get_desc_hdl_from_peer_db
</UL>
<BR>[Called By]<UL><LI><a href="#[269]">&gt;&gt;</a>&nbsp;&nbsp;&nbsp;gatt_msg_default_handler_imp
</UL>

<P><STRONG><a name="[26d]"></a>gatt_get_hdl_from_peer_db</STRONG> (Thumb, 58 bytes, Stack size 8 bytes, gatt_api.o(i.gatt_get_hdl_from_peer_db))
<BR><BR>[Stack]<UL><LI>Max Depth = 8<LI>Call Chain = gatt_get_hdl_from_peer_db
</UL>
<BR>[Called By]<UL><LI><a href="#[269]">&gt;&gt;</a>&nbsp;&nbsp;&nbsp;gatt_msg_default_handler_imp
</UL>

<P><STRONG><a name="[24]"></a>gatt_msg_default_handler</STRONG> (Thumb, 14 bytes, Stack size 8 bytes, gatt_api.o(i.gatt_msg_default_handler))
<BR><BR>[Stack]<UL><LI>Max Depth = 424<LI>Call Chain = gatt_msg_default_handler &rArr; gatt_msg_default_handler_imp &rArr; gatt_store_peer_prf_info &rArr; prf_extract_svc_info_uuid_128
</UL>
<BR>[Calls]<UL><LI><a href="#[269]">&gt;&gt;</a>&nbsp;&nbsp;&nbsp;gatt_msg_default_handler_imp
</UL>
<BR>[Address Reference Count : 1]<UL><LI> gatt_api.o(i.gatt_service_init)
</UL>
<P><STRONG><a name="[269]"></a>gatt_msg_default_handler_imp</STRONG> (Thumb, 1610 bytes, Stack size 296 bytes, gatt_api.o(i.gatt_msg_default_handler_imp))
<BR><BR>[Stack]<UL><LI>Max Depth = 416<LI>Call Chain = gatt_msg_default_handler_imp &rArr; gatt_store_peer_prf_info &rArr; prf_extract_svc_info_uuid_128
</UL>
<BR>[Calls]<UL><LI><a href="#[9d]">&gt;&gt;</a>&nbsp;&nbsp;&nbsp;os_msg_post
<LI><a href="#[131]">&gt;&gt;</a>&nbsp;&nbsp;&nbsp;__aeabi_memclr4 (via Veneer)
<LI><a href="#[c7]">&gt;&gt;</a>&nbsp;&nbsp;&nbsp;ke_msg_send
<LI><a href="#[25b]">&gt;&gt;</a>&nbsp;&nbsp;&nbsp;ke_msg_free
<LI><a href="#[c5]">&gt;&gt;</a>&nbsp;&nbsp;&nbsp;ke_msg_alloc
<LI><a href="#[26a]">&gt;&gt;</a>&nbsp;&nbsp;&nbsp;get_active_service_id
<LI><a href="#[26b]">&gt;&gt;</a>&nbsp;&nbsp;&nbsp;gatt_store_peer_prf_info
<LI><a href="#[26c]">&gt;&gt;</a>&nbsp;&nbsp;&nbsp;gatt_regist_peer_prf_info
<LI><a href="#[26d]">&gt;&gt;</a>&nbsp;&nbsp;&nbsp;gatt_get_hdl_from_peer_db
<LI><a href="#[26e]">&gt;&gt;</a>&nbsp;&nbsp;&nbsp;gatt_get_desc_hdl_from_peer_db
<LI><a href="#[268]">&gt;&gt;</a>&nbsp;&nbsp;&nbsp;gatt_clr_peer_svc
<LI><a href="#[26f]">&gt;&gt;</a>&nbsp;&nbsp;&nbsp;gatt_write_peer_svc_to_flash
</UL>
<BR>[Called By]<UL><LI><a href="#[24]">&gt;&gt;</a>&nbsp;&nbsp;&nbsp;gatt_msg_default_handler
</UL>

<P><STRONG><a name="[26c]"></a>gatt_regist_peer_prf_info</STRONG> (Thumb, 146 bytes, Stack size 16 bytes, gatt_api.o(i.gatt_regist_peer_prf_info))
<BR><BR>[Stack]<UL><LI>Max Depth = 16<LI>Call Chain = gatt_regist_peer_prf_info
</UL>
<BR>[Calls]<UL><LI><a href="#[c7]">&gt;&gt;</a>&nbsp;&nbsp;&nbsp;ke_msg_send
<LI><a href="#[c5]">&gt;&gt;</a>&nbsp;&nbsp;&nbsp;ke_msg_alloc
</UL>
<BR>[Called By]<UL><LI><a href="#[269]">&gt;&gt;</a>&nbsp;&nbsp;&nbsp;gatt_msg_default_handler_imp
</UL>

<P><STRONG><a name="[92]"></a>gatt_service_connection_cleanup</STRONG> (Thumb, 98 bytes, Stack size 32 bytes, gatt_api.o(i.gatt_service_connection_cleanup))
<BR><BR>[Stack]<UL><LI>Max Depth = 32<LI>Call Chain = gatt_service_connection_cleanup
</UL>
<BR>[Address Reference Count : 1]<UL><LI> gatt_api.o(.data)
</UL>
<P><STRONG><a name="[91]"></a>gatt_service_connection_created</STRONG> (Thumb, 102 bytes, Stack size 32 bytes, gatt_api.o(i.gatt_service_connection_created))
<BR><BR>[Stack]<UL><LI>Max Depth = 32<LI>Call Chain = gatt_service_connection_created
</UL>
<BR>[Address Reference Count : 1]<UL><LI> gatt_api.o(.data)
</UL>
<P><STRONG><a name="[90]"></a>gatt_service_destroy</STRONG> (Thumb, 2 bytes, Stack size 0 bytes, gatt_api.o(i.gatt_service_destroy))
<BR>[Address Reference Count : 1]<UL><LI> gatt_api.o(.data)
</UL>
<P><STRONG><a name="[8f]"></a>gatt_service_init</STRONG> (Thumb, 972 bytes, Stack size 72 bytes, gatt_api.o(i.gatt_service_init))
<BR><BR>[Stack]<UL><LI>Max Depth = 128<LI>Call Chain = gatt_service_init &rArr; attm_svc_create_db_ext
</UL>
<BR>[Calls]<UL><LI><a href="#[b8]">&gt;&gt;</a>&nbsp;&nbsp;&nbsp;__aeabi_memcpy (via Veneer)
<LI><a href="#[1]">&gt;&gt;</a>&nbsp;&nbsp;&nbsp;__2printf
<LI><a href="#[be]">&gt;&gt;</a>&nbsp;&nbsp;&nbsp;ke_free
<LI><a href="#[271]">&gt;&gt;</a>&nbsp;&nbsp;&nbsp;attm_svc_create_db
<LI><a href="#[272]">&gt;&gt;</a>&nbsp;&nbsp;&nbsp;attm_att_set_value
<LI><a href="#[250]">&gt;&gt;</a>&nbsp;&nbsp;&nbsp;from_task_func_to_msg_handle
<LI><a href="#[270]">&gt;&gt;</a>&nbsp;&nbsp;&nbsp;os_zalloc
<LI><a href="#[229]">&gt;&gt;</a>&nbsp;&nbsp;&nbsp;attm_svc_create_db_ext
</UL>
<BR>[Address Reference Count : 1]<UL><LI> gatt_api.o(.data)
</UL>
<P><STRONG><a name="[26b]"></a>gatt_store_peer_prf_info</STRONG> (Thumb, 352 bytes, Stack size 32 bytes, gatt_api.o(i.gatt_store_peer_prf_info))
<BR><BR>[Stack]<UL><LI>Max Depth = 120<LI>Call Chain = gatt_store_peer_prf_info &rArr; prf_extract_svc_info_uuid_128
</UL>
<BR>[Calls]<UL><LI><a href="#[1]">&gt;&gt;</a>&nbsp;&nbsp;&nbsp;__2printf
<LI><a href="#[270]">&gt;&gt;</a>&nbsp;&nbsp;&nbsp;os_zalloc
<LI><a href="#[273]">&gt;&gt;</a>&nbsp;&nbsp;&nbsp;prf_extract_svc_info_uuid_128
</UL>
<BR>[Called By]<UL><LI><a href="#[269]">&gt;&gt;</a>&nbsp;&nbsp;&nbsp;gatt_msg_default_handler_imp
</UL>

<P><STRONG><a name="[26a]"></a>get_active_service_id</STRONG> (Thumb, 60 bytes, Stack size 12 bytes, gatt_api.o(i.get_active_service_id))
<BR><BR>[Stack]<UL><LI>Max Depth = 12<LI>Call Chain = get_active_service_id
</UL>
<BR>[Called By]<UL><LI><a href="#[269]">&gt;&gt;</a>&nbsp;&nbsp;&nbsp;gatt_msg_default_handler_imp
</UL>

<P><STRONG><a name="[1ba]"></a>ClientComplete</STRONG> (Thumb, 94 bytes, Stack size 24 bytes, obclient.o(i.ClientComplete))
<BR><BR>[Stack]<UL><LI>Max Depth = 24<LI>Call Chain = ClientComplete
</UL>
<BR>[Called By]<UL><LI><a href="#[5e]">&gt;&gt;</a>&nbsp;&nbsp;&nbsp;ProcessSimpleOpEvents
<LI><a href="#[5f]">&gt;&gt;</a>&nbsp;&nbsp;&nbsp;ProcessPutEvents
<LI><a href="#[60]">&gt;&gt;</a>&nbsp;&nbsp;&nbsp;ProcessGetEvents
<LI><a href="#[b]">&gt;&gt;</a>&nbsp;&nbsp;&nbsp;ObClientEventInd
</UL>

<P><STRONG><a name="[1bd]"></a>ObParserSendPacket</STRONG> (Thumb, 492 bytes, Stack size 48 bytes, obparse.o(i.ObParserSendPacket))
<BR><BR>[Stack]<UL><LI>Max Depth = 120<LI>Call Chain = ObParserSendPacket &rArr; ObParserTxBuffAvail &rArr;  ObParserSendPacket (Cycle)
</UL>
<BR>[Calls]<UL><LI><a href="#[1bf]">&gt;&gt;</a>&nbsp;&nbsp;&nbsp;StoreBE16
<LI><a href="#[1b6]">&gt;&gt;</a>&nbsp;&nbsp;&nbsp;ObParserTxBuffAvail
<LI><a href="#[1b8]">&gt;&gt;</a>&nbsp;&nbsp;&nbsp;OBSTACK_GetTxBuffer
<LI><a href="#[1c2]">&gt;&gt;</a>&nbsp;&nbsp;&nbsp;ObServerReadHeaderBlockFlex
<LI><a href="#[1c4]">&gt;&gt;</a>&nbsp;&nbsp;&nbsp;ObServerReadHeaderBlock
<LI><a href="#[1c0]">&gt;&gt;</a>&nbsp;&nbsp;&nbsp;ObServerGetHeaderBlockLen
<LI><a href="#[1c3]">&gt;&gt;</a>&nbsp;&nbsp;&nbsp;ObClientReadHeaderBlockFlex
<LI><a href="#[1bc]">&gt;&gt;</a>&nbsp;&nbsp;&nbsp;ObClientReadHeaderBlock
<LI><a href="#[1c1]">&gt;&gt;</a>&nbsp;&nbsp;&nbsp;ObClientGetHeaderBlockLen
</UL>
<BR>[Called By]<UL><LI><a href="#[1b7]">&gt;&gt;</a>&nbsp;&nbsp;&nbsp;ObParserTxDone
<LI><a href="#[1b6]">&gt;&gt;</a>&nbsp;&nbsp;&nbsp;ObParserTxBuffAvail
<LI><a href="#[1b3]">&gt;&gt;</a>&nbsp;&nbsp;&nbsp;ObServerSendResponse
<LI><a href="#[1af]">&gt;&gt;</a>&nbsp;&nbsp;&nbsp;ObClientSendCommand
</UL>

<P><STRONG><a name="[1be]"></a>ParseHeaderType</STRONG> (Thumb, 34 bytes, Stack size 0 bytes, obparse.o(i.ParseHeaderType))
<BR><BR>[Called By]<UL><LI><a href="#[1b5]">&gt;&gt;</a>&nbsp;&nbsp;&nbsp;ObParseRx
</UL>

<P><STRONG><a name="[152]"></a>AppCallback</STRONG> (Thumb, 200 bytes, Stack size 16 bytes, observer.o(i.AppCallback))
<BR><BR>[Stack]<UL><LI>Max Depth = 16<LI>Call Chain = AppCallback
</UL>
<BR>[Calls]<UL><LI><a href="#[153]">&gt;&gt;</a>&nbsp;&nbsp;&nbsp;BEtoHost32 (via Veneer)
</UL>
<BR>[Called By]<UL><LI><a href="#[5c]">&gt;&gt;</a>&nbsp;&nbsp;&nbsp;ProcessPut
<LI><a href="#[5d]">&gt;&gt;</a>&nbsp;&nbsp;&nbsp;ProcessGet
<LI><a href="#[5b]">&gt;&gt;</a>&nbsp;&nbsp;&nbsp;ProcessGeneral
</UL>

<P><STRONG><a name="[154]"></a>AssociateConn</STRONG> (Thumb, 386 bytes, Stack size 16 bytes, observer.o(i.AssociateConn))
<BR><BR>[Stack]<UL><LI>Max Depth = 16<LI>Call Chain = AssociateConn
</UL>
<BR>[Calls]<UL><LI><a href="#[b8]">&gt;&gt;</a>&nbsp;&nbsp;&nbsp;__aeabi_memcpy (via Veneer)
<LI><a href="#[155]">&gt;&gt;</a>&nbsp;&nbsp;&nbsp;OS_MemCmp
</UL>
<BR>[Called By]<UL><LI><a href="#[5c]">&gt;&gt;</a>&nbsp;&nbsp;&nbsp;ProcessPut
<LI><a href="#[5d]">&gt;&gt;</a>&nbsp;&nbsp;&nbsp;ProcessGet
<LI><a href="#[5b]">&gt;&gt;</a>&nbsp;&nbsp;&nbsp;ProcessGeneral
</UL>

<P><STRONG><a name="[1b2]"></a>CancelOperation</STRONG> (Thumb, 28 bytes, Stack size 0 bytes, observer.o(i.CancelOperation))
<BR><BR>[Called By]<UL><LI><a href="#[1a8]">&gt;&gt;</a>&nbsp;&nbsp;&nbsp;OBEX_ServerSendResponse
<LI><a href="#[199]">&gt;&gt;</a>&nbsp;&nbsp;&nbsp;OBEX_ServerAbort
<LI><a href="#[5c]">&gt;&gt;</a>&nbsp;&nbsp;&nbsp;ProcessPut
<LI><a href="#[5d]">&gt;&gt;</a>&nbsp;&nbsp;&nbsp;ProcessGet
<LI><a href="#[1c2]">&gt;&gt;</a>&nbsp;&nbsp;&nbsp;ObServerReadHeaderBlockFlex
<LI><a href="#[1c4]">&gt;&gt;</a>&nbsp;&nbsp;&nbsp;ObServerReadHeaderBlock
</UL>

<P><STRONG><a name="[61]"></a>BTSTACK_DisconnectReq</STRONG> (Thumb, 14 bytes, Stack size 8 bytes, obxbtstk.o(i.BTSTACK_DisconnectReq))
<BR><BR>[Stack]<UL><LI>Max Depth = 8<LI>Call Chain = BTSTACK_DisconnectReq
</UL>
<BR>[Calls]<UL><LI><a href="#[161]">&gt;&gt;</a>&nbsp;&nbsp;&nbsp;RF_CloseChannel
</UL>
<BR>[Address Reference Count : 1]<UL><LI> obxbtstk.o(.constdata)
</UL>
<P><STRONG><a name="[64]"></a>BTSTACK_GetTpConnInfo</STRONG> (Thumb, 60 bytes, Stack size 16 bytes, obxbtstk.o(i.BTSTACK_GetTpConnInfo))
<BR><BR>[Stack]<UL><LI>Max Depth = 16<LI>Call Chain = BTSTACK_GetTpConnInfo
</UL>
<BR>[Calls]<UL><LI><a href="#[168]">&gt;&gt;</a>&nbsp;&nbsp;&nbsp;RF_RemoteDevice
<LI><a href="#[167]">&gt;&gt;</a>&nbsp;&nbsp;&nbsp;RF_FrameSize
</UL>
<BR>[Address Reference Count : 1]<UL><LI> obxbtstk.o(.constdata)
</UL>
<P><STRONG><a name="[62]"></a>BTSTACK_MaxTxSize</STRONG> (Thumb, 30 bytes, Stack size 8 bytes, obxbtstk.o(i.BTSTACK_MaxTxSize))
<BR><BR>[Stack]<UL><LI>Max Depth = 8<LI>Call Chain = BTSTACK_MaxTxSize
</UL>
<BR>[Calls]<UL><LI><a href="#[167]">&gt;&gt;</a>&nbsp;&nbsp;&nbsp;RF_FrameSize
</UL>
<BR>[Address Reference Count : 1]<UL><LI> obxbtstk.o(.constdata)
</UL>
<P><STRONG><a name="[63]"></a>BTSTACK_SendTxBuffer</STRONG> (Thumb, 50 bytes, Stack size 24 bytes, obxbtstk.o(i.BTSTACK_SendTxBuffer))
<BR><BR>[Stack]<UL><LI>Max Depth = 40<LI>Call Chain = BTSTACK_SendTxBuffer &rArr; OBPROT_ReturnTxBuffer
</UL>
<BR>[Calls]<UL><LI><a href="#[169]">&gt;&gt;</a>&nbsp;&nbsp;&nbsp;RF_SendData
<LI><a href="#[16a]">&gt;&gt;</a>&nbsp;&nbsp;&nbsp;OBPROT_ReturnTxBuffer
</UL>
<BR>[Address Reference Count : 1]<UL><LI> obxbtstk.o(.constdata)
</UL>
<P><STRONG><a name="[5]"></a>BtClientCallBack</STRONG> (Thumb, 228 bytes, Stack size 32 bytes, obxbtstk.o(i.BtClientCallBack))
<BR><BR>[Stack]<UL><LI>Max Depth = 200<LI>Call Chain = BtClientCallBack &rArr; OBPROT_TxDone &rArr; ObParserTxDone &rArr; ObParserSendPacket &rArr; ObParserTxBuffAvail &rArr;  ObParserSendPacket (Cycle)
</UL>
<BR>[Calls]<UL><LI><a href="#[16d]">&gt;&gt;</a>&nbsp;&nbsp;&nbsp;RF_OpenClientChannel
<LI><a href="#[161]">&gt;&gt;</a>&nbsp;&nbsp;&nbsp;RF_CloseChannel
<LI><a href="#[16f]">&gt;&gt;</a>&nbsp;&nbsp;&nbsp;RF_AdvanceCredit
<LI><a href="#[162]">&gt;&gt;</a>&nbsp;&nbsp;&nbsp;CMGR_IsLinkUp (via Veneer)
<LI><a href="#[171]">&gt;&gt;</a>&nbsp;&nbsp;&nbsp;OS_UnlockObex
<LI><a href="#[16b]">&gt;&gt;</a>&nbsp;&nbsp;&nbsp;OS_LockObex
<LI><a href="#[170]">&gt;&gt;</a>&nbsp;&nbsp;&nbsp;OBPROT_TxDone
<LI><a href="#[16a]">&gt;&gt;</a>&nbsp;&nbsp;&nbsp;OBPROT_ReturnTxBuffer
<LI><a href="#[16e]">&gt;&gt;</a>&nbsp;&nbsp;&nbsp;OBPROT_ParseRx
<LI><a href="#[16c]">&gt;&gt;</a>&nbsp;&nbsp;&nbsp;OBPROT_Connected
<LI><a href="#[163]">&gt;&gt;</a>&nbsp;&nbsp;&nbsp;BtDisconnectClientLink
</UL>
<BR>[Address Reference Count : 1]<UL><LI> obxbtstk.o(i.BTSTACK_ClientInit)
</UL>
<P><STRONG><a name="[3]"></a>BtClientCmgrCallback</STRONG> (Thumb, 98 bytes, Stack size 24 bytes, obxbtstk.o(i.BtClientCmgrCallback))
<BR><BR>[Stack]<UL><LI>Max Depth = 72<LI>Call Chain = BtClientCmgrCallback &rArr; BtDisconnectClientLink &rArr; OBPROT_Disconnected &rArr; ObParserDisconnectInd
</UL>
<BR>[Calls]<UL><LI><a href="#[171]">&gt;&gt;</a>&nbsp;&nbsp;&nbsp;OS_UnlockObex
<LI><a href="#[16b]">&gt;&gt;</a>&nbsp;&nbsp;&nbsp;OS_LockObex
<LI><a href="#[173]">&gt;&gt;</a>&nbsp;&nbsp;&nbsp;OBPROT_Disconnected
<LI><a href="#[172]">&gt;&gt;</a>&nbsp;&nbsp;&nbsp;BtStartServiceQuery
<LI><a href="#[163]">&gt;&gt;</a>&nbsp;&nbsp;&nbsp;BtDisconnectClientLink
</UL>
<BR>[Address Reference Count : 1]<UL><LI> obxbtstk.o(i.BTSTACK_ClientInit)
</UL>
<P><STRONG><a name="[4]"></a>BtClientGeneralCallback</STRONG> (Thumb, 304 bytes, Stack size 24 bytes, obxbtstk.o(i.BtClientGeneralCallback))
<BR><BR>[Stack]<UL><LI>Max Depth = 72<LI>Call Chain = BtClientGeneralCallback &rArr; BtDisconnectClientLink &rArr; OBPROT_Disconnected &rArr; ObParserDisconnectInd
</UL>
<BR>[Calls]<UL><LI><a href="#[16d]">&gt;&gt;</a>&nbsp;&nbsp;&nbsp;RF_OpenClientChannel
<LI><a href="#[162]">&gt;&gt;</a>&nbsp;&nbsp;&nbsp;CMGR_IsLinkUp (via Veneer)
<LI><a href="#[171]">&gt;&gt;</a>&nbsp;&nbsp;&nbsp;OS_UnlockObex
<LI><a href="#[16b]">&gt;&gt;</a>&nbsp;&nbsp;&nbsp;OS_LockObex
<LI><a href="#[173]">&gt;&gt;</a>&nbsp;&nbsp;&nbsp;OBPROT_Disconnected
<LI><a href="#[174]">&gt;&gt;</a>&nbsp;&nbsp;&nbsp;BtVerifySdpQueryRsp
<LI><a href="#[172]">&gt;&gt;</a>&nbsp;&nbsp;&nbsp;BtStartServiceQuery
<LI><a href="#[163]">&gt;&gt;</a>&nbsp;&nbsp;&nbsp;BtDisconnectClientLink
</UL>
<BR>[Address Reference Count : 1]<UL><LI> obxbtstk.o(i.BTSTACK_ClientInit)
</UL>
<P><STRONG><a name="[163]"></a>BtDisconnectClientLink</STRONG> (Thumb, 66 bytes, Stack size 16 bytes, obxbtstk.o(i.BtDisconnectClientLink))
<BR><BR>[Stack]<UL><LI>Max Depth = 48<LI>Call Chain = BtDisconnectClientLink &rArr; OBPROT_Disconnected &rArr; ObParserDisconnectInd
</UL>
<BR>[Calls]<UL><LI><a href="#[175]">&gt;&gt;</a>&nbsp;&nbsp;&nbsp;CMGR_RemoveDataLink (via Veneer)
<LI><a href="#[162]">&gt;&gt;</a>&nbsp;&nbsp;&nbsp;CMGR_IsLinkUp (via Veneer)
<LI><a href="#[173]">&gt;&gt;</a>&nbsp;&nbsp;&nbsp;OBPROT_Disconnected
</UL>
<BR>[Called By]<UL><LI><a href="#[160]">&gt;&gt;</a>&nbsp;&nbsp;&nbsp;BTSTACK_ClientDisconnect
<LI><a href="#[4]">&gt;&gt;</a>&nbsp;&nbsp;&nbsp;BtClientGeneralCallback
<LI><a href="#[3]">&gt;&gt;</a>&nbsp;&nbsp;&nbsp;BtClientCmgrCallback
<LI><a href="#[5]">&gt;&gt;</a>&nbsp;&nbsp;&nbsp;BtClientCallBack
</UL>

<P><STRONG><a name="[172]"></a>BtStartServiceQuery</STRONG> (Thumb, 48 bytes, Stack size 16 bytes, obxbtstk.o(i.BtStartServiceQuery))
<BR><BR>[Stack]<UL><LI>Max Depth = 16<LI>Call Chain = BtStartServiceQuery
</UL>
<BR>[Calls]<UL><LI><a href="#[176]">&gt;&gt;</a>&nbsp;&nbsp;&nbsp;SDP_Query
<LI><a href="#[162]">&gt;&gt;</a>&nbsp;&nbsp;&nbsp;CMGR_IsLinkUp (via Veneer)
</UL>
<BR>[Called By]<UL><LI><a href="#[4]">&gt;&gt;</a>&nbsp;&nbsp;&nbsp;BtClientGeneralCallback
<LI><a href="#[3]">&gt;&gt;</a>&nbsp;&nbsp;&nbsp;BtClientCmgrCallback
</UL>

<P><STRONG><a name="[174]"></a>BtVerifySdpQueryRsp</STRONG> (Thumb, 136 bytes, Stack size 16 bytes, obxbtstk.o(i.BtVerifySdpQueryRsp))
<BR><BR>[Stack]<UL><LI>Max Depth = 16<LI>Call Chain = BtVerifySdpQueryRsp
</UL>
<BR>[Calls]<UL><LI><a href="#[177]">&gt;&gt;</a>&nbsp;&nbsp;&nbsp;SDP_ParseAttributes
</UL>
<BR>[Called By]<UL><LI><a href="#[4]">&gt;&gt;</a>&nbsp;&nbsp;&nbsp;BtClientGeneralCallback
</UL>
<P>
<H3>
Undefined Global Symbols
</H3><HR></body></html>
