Component: Arm Compiler for Embedded 6.18 Tool: armlink [5e4cc100]

==============================================================================

Section Cross References

    proj_main.o(.text.bt_find_device) refers to proj_main.o(.data.user_bt_env) for user_bt_env
    proj_main.o(.ARM.exidx.text.bt_find_device) refers to proj_main.o(.text.bt_find_device) for [Anonymous Symbol]
    proj_main.o(.text.bt_find_free_dev_index) refers to proj_main.o(.data.user_bt_env) for user_bt_env
    proj_main.o(.ARM.exidx.text.bt_find_free_dev_index) refers to proj_main.o(.text.bt_find_free_dev_index) for [Anonymous Symbol]
    proj_main.o(.text.proj_bt_me_evt_func) refers to puts.o(.text) for puts
    proj_main.o(.text.proj_bt_me_evt_func) refers to bt_api.o(i.bt_set_accessible_mode_c) for bt_set_accessible_mode_c
    proj_main.o(.text.proj_bt_me_evt_func) refers to bt_api.o(i.bt_start_inquiry) for bt_start_inquiry
    proj_main.o(.text.proj_bt_me_evt_func) refers to proj_main.o(.text.bt_find_free_dev_index) for bt_find_free_dev_index
    proj_main.o(.text.proj_bt_me_evt_func) refers to proj_main.o(.text.bt_find_device) for bt_find_device
    proj_main.o(.text.proj_bt_me_evt_func) refers to user_bt.o(.text.bt_reconnect) for bt_reconnect
    proj_main.o(.text.proj_bt_me_evt_func) refers to bt_api.o(i.bt_set_accessible_mode_nc) for bt_set_accessible_mode_nc
    proj_main.o(.text.proj_bt_me_evt_func) refers to proj_main.o(.data.user_bt_env) for user_bt_env
    proj_main.o(.text.proj_bt_me_evt_func) refers to proj_main.o(.rodata.str1.1) for [Anonymous Symbol]
    proj_main.o(.ARM.exidx.text.proj_bt_me_evt_func) refers to proj_main.o(.text.proj_bt_me_evt_func) for [Anonymous Symbol]
    proj_main.o(ram_code) refers to patch.o(ram_code) for frspim_rd
    proj_main.o(ram_code) refers to app_at.o(ram_code) for app_at_init_app
    proj_main.o(.ARM.exidxram_code) refers to proj_main.o(ram_code) for [Anonymous Symbol]
    proj_main.o(.ARM.exidx.text.porj_button_evt_func) refers to proj_main.o(.text.porj_button_evt_func) for [Anonymous Symbol]
    proj_main.o(.text.user_custom_parameters) refers to putchar.o(.text) for putchar
    proj_main.o(.text.user_custom_parameters) refers to puts.o(.text) for puts
    proj_main.o(.text.user_custom_parameters) refers to proj_main.o(compile_date_sec) for compile_date
    proj_main.o(.text.user_custom_parameters) refers to proj_main.o(.rodata.str1.1) for [Anonymous Symbol]
    proj_main.o(.text.user_custom_parameters) refers to proj_main.o(compile_time_sec) for compile_time
    proj_main.o(.ARM.exidx.text.user_custom_parameters) refers to proj_main.o(.text.user_custom_parameters) for [Anonymous Symbol]
    proj_main.o(.text.user_entry_before_stack_init) refers to puts.o(.text) for puts
    proj_main.o(.text.user_entry_before_stack_init) refers to sys_utils.o(ram_code) for co_delay_100us
    proj_main.o(.text.user_entry_before_stack_init) refers to proj_main.o(.bss.count) for count
    proj_main.o(.ARM.exidx.text.user_entry_before_stack_init) refers to proj_main.o(.text.user_entry_before_stack_init) for [Anonymous Symbol]
    proj_main.o(.text.user_entry_after_stack_init) refers to puts.o(.text) for puts
    proj_main.o(.text.user_entry_after_stack_init) refers to user_task.o(.text.user_task_init) for user_task_init
    proj_main.o(.text.user_entry_after_stack_init) refers to app_at.o(ram_code) for app_at_init_app
    proj_main.o(.text.user_entry_after_stack_init) refers to sys_utils.o(i.system_sleep_disable) for system_sleep_disable
    proj_main.o(.text.user_entry_after_stack_init) refers to test_drivers.o(.text.test_drivers) for test_drivers
    proj_main.o(.ARM.exidx.text.user_entry_after_stack_init) refers to proj_main.o(.text.user_entry_after_stack_init) for [Anonymous Symbol]
    app_at.o(.text.app_at_cmd_recv_handler) refers to puts.o(.text) for puts
    app_at.o(.text.app_at_cmd_recv_handler) refers to bt_api.o(i.bt_start_inquiry) for bt_start_inquiry
    app_at.o(.text.app_at_cmd_recv_handler) refers to sys_utils.o(i.ascii_strn2val) for ascii_strn2val
    app_at.o(.text.app_at_cmd_recv_handler) refers to app_at.o(.text.OUTLINED_FUNCTION_0) for OUTLINED_FUNCTION_0
    app_at.o(.text.app_at_cmd_recv_handler) refers to putchar.o(.text) for putchar
    app_at.o(.text.app_at_cmd_recv_handler) refers to patch.o(ram_code) for frspim_wr
    app_at.o(.text.app_at_cmd_recv_handler) refers to a2dp_api.o(i.bt_get_a2dp_type) for bt_get_a2dp_type
    app_at.o(.text.app_at_cmd_recv_handler) refers to app_bt_new.o(i.bt_set_a2dp_type) for bt_set_a2dp_type
    app_at.o(.text.app_at_cmd_recv_handler) refers to a2dp_api.o(i.a2dp_suspend_stream) for a2dp_suspend_stream
    app_at.o(.text.app_at_cmd_recv_handler) refers to bt_api.o(i.bt_cancel_inquiry) for bt_cancel_inquiry
    app_at.o(.text.app_at_cmd_recv_handler) refers to bt_api.o(i.bt_set_accessible_mode_nc) for bt_set_accessible_mode_nc
    app_at.o(.text.app_at_cmd_recv_handler) refers to bt_api.o(i.bt_start_sniff) for bt_start_sniff
[...]
    Long Thumb to Thumb Veneer to sch_prog_end_isr 0x20005245   Thumb Code    10  anon$$obj.o(Veneer$$Code)
    Long Thumb to Thumb Veneer to sch_prog_tx_isr 0x2000524f   Thumb Code    10  anon$$obj.o(Veneer$$Code)
    Long Thumb to Thumb Veneer to rwip_timer_hus_set 0x20005259   Thumb Code    10  anon$$obj.o(Veneer$$Code)
    Long Thumb to Thumb Veneer to ld_inq_stop 0x20005263   Thumb Code    10  anon$$obj.o(Veneer$$Code)
    Long Thumb to Thumb Veneer to rwip_sw_int_req 0x2000526d   Thumb Code    10  anon$$obj.o(Veneer$$Code)
    Long Thumb to Thumb Veneer to lld_rxdesc_check 0x20005277   Thumb Code    10  anon$$obj.o(Veneer$$Code)
    Long Thumb to Thumb Veneer to qspi_stig_cmd 0x20005281   Thumb Code    10  anon$$obj.o(Veneer$$Code)
    pmu_gpio_isr_ram                         0x2000528b   Thumb Code    34  proj_main.o(ram_code)
    user_entry_before_sleep_imp              0x200052ad   Thumb Code     6  proj_main.o(ram_code)
    user_entry_after_sleep_imp               0x200052b3   Thumb Code    16  proj_main.o(ram_code)
    app_at_uart_recv                         0x200052c5   Thumb Code   116  app_at.o(ram_code)
    app_at_init_app                          0x20005345   Thumb Code    56  app_at.o(ram_code)
    uart_isr_ram                             0x20005385   Thumb Code    96  app_at.o(ram_code)
    pmu_set_ioldo_voltage                    0x200053f1   Thumb Code    42  driver_pmu.o(ram_code)
    pmu_shutdown                             0x2000541d   Thumb Code    36  driver_pmu.o(ram_code)
    charge_isr_ram                           0x20005445   Thumb Code    12  driver_pmu.o(ram_code)
    lvd_isr_ram                              0x20005451   Thumb Code     6  driver_pmu.o(ram_code)
    otd_isr_ram                              0x20005457   Thumb Code     6  driver_pmu.o(ram_code)
    onkey_isr_ram                            0x20005479   Thumb Code     8  driver_pmu.o(ram_code)
    pmu_adkey0_isr_ram                       0x20005485   Thumb Code     8  driver_pmu.o(ram_code)
    pmu_adkey1_isr_ram                       0x2000549d   Thumb Code     8  driver_pmu.o(ram_code)
    pmu_onkey_isr_ram                        0x200054c9   Thumb Code     8  driver_pmu.o(ram_code)
    timer0_isr_ram                           0x200054d5   Thumb Code     8  driver_timer.o(ram_code)
    timer1_isr_ram                           0x200054e1   Thumb Code     8  driver_timer.o(ram_code)
    rtc_isr_ram                              0x200054ed   Thumb Code     8  driver_rtc.o(ram_code)
    system_set_pclk                          0x20005501   Thumb Code    20  driver_syscntl.o(ram_code)
    system_get_pclk_config                   0x2000551d   Thumb Code     8  driver_syscntl.o(ram_code)
    system_set_port_pull_up                  0x20005529   Thumb Code    32  driver_syscntl.o(ram_code)
    system_set_port_mux                      0x2000554d   Thumb Code    32  driver_syscntl.o(ram_code)
    ipc_msg_send                             0x20005571   Thumb Code    80  driver_ipc.o(ram_code)
    ipc_msg_with_payload_send                0x200055c9   Thumb Code   176  driver_ipc.o(ram_code)
    ipc_msg_flush                            0x20005681   Thumb Code    52  driver_ipc.o(ram_code)
    ipc_clear_sending_msg                    0x200056b9   Thumb Code    16  driver_ipc.o(ram_code)
    ipc_isr_ram                              0x200056cd   Thumb Code   172  driver_ipc.o(ram_code)
    sbc_init_imp                             0x200057f5   Thumb Code   100  audio_codec_new.o(ram_code)
    digital_codec_init_imp                   0x20005859   Thumb Code    92  audio_codec_new.o(ram_code)
    audio_codec_init_imp                     0x200058b5   Thumb Code    28  audio_codec_new.o(ram_code)
    sbc_isr_imp                              0x200058d1   Thumb Code   462  audio_codec_new.o(ram_code)
    NVIC_EnableIRQ_imp                       0x20005abd   Thumb Code    26  patch.o(ram_code)
    enable_cache                             0x20005ad7   Thumb Code    96  patch.o(ram_code)
    disable_cache                            0x20005b37   Thumb Code    40  patch.o(ram_code)
    flash_write                              0x20005b5f   Thumb Code    62  patch.o(ram_code)
    flash_erase                              0x20005b9d   Thumb Code    58  patch.o(ram_code)
    app_msg_calibration_end_handler_imp      0x20005bd7   Thumb Code   168  patch.o(ram_code)
    frspim_wr                                0x20005de9   Thumb Code   166  patch.o(ram_code)
    NVIC_SetPriority_imp                     0x20005fa3   Thumb Code    32  patch.o(ram_code)
    frspim_rd                                0x20005fc3   Thumb Code   162  patch.o(ram_code)
    low_power_save_entry_patch               0x20006065   Thumb Code   138  patch.o(ram_code)
    low_power_restore_entry_patch            0x200060ef   Thumb Code   262  patch.o(ram_code)
    rwip_param_if_reset                      0x200061f5   Thumb Code    16  patch.o(ram_code)
    system_set_diagport                      0x20006205   Thumb Code    40  patch.o(ram_code)
    retry_handshake                          0x2000622d   Thumb Code    50  patch.o(ram_code)
    pmu_calibration_func                     0x200062a9   Thumb Code   124  pmu_patch.o(ram_code)
    pmu_isr_imp                              0x20006325   Thumb Code   632  pmu_patch.o(ram_code)
    rf_sleep_imp                             0x2000659d   Thumb Code    24  rf_patch.o(ram_code)
    rf_rssi_convert_imp                      0x200065b5   Thumb Code     6  rf_patch.o(ram_code)
    rf_txpwr_dec_imp                         0x200065bb   Thumb Code    60  rf_patch.o(ram_code)
    rf_txpwr_inc_imp                         0x200065f7   Thumb Code    74  rf_patch.o(ram_code)
    rf_txpwr_max_set_imp                     0x20006641   Thumb Code    26  rf_patch.o(ram_code)
    rf_init_imp                              0x2000665b   Thumb Code  1894  rf_patch.o(ram_code)
    rwip_timer_hus_handler_imp               0x20006dc1   Thumb Code    56  rf_patch.o(ram_code)
    ld_acl_clk_isr_imp                       0x20006df9   Thumb Code   386  rf_patch.o(ram_code)
    rwip_wakeup_end_imp                      0x20006f7b   Thumb Code   218  rf_patch.o(ram_code)
    rwip_isr_imp                             0x20007055   Thumb Code   278  rf_patch.o(ram_code)
    rwbt_isr_imp                             0x2000716b   Thumb Code   190  rf_patch.o(ram_code)
    rwble_isr_imp                            0x20007229   Thumb Code   144  rf_patch.o(ram_code)
    __asm___11_sys_utils_c_60d3efd0__cpu_delay 0x200072bd   Thumb Code     6  sys_utils.o(ram_code)
    co_delay_100us                           0x200072c3   Thumb Code    74  sys_utils.o(ram_code)
    co_delay_10us                            0x2000730d   Thumb Code    78  sys_utils.o(ram_code)
    FPB_CompSet_imp                          0x2000735d   Thumb Code    34  fpb_patch.o(ram_code)
    fpb_patch                                0x2000737f   Thumb Code    78  fpb_patch.o(ram_code)
    svc_exception_handler_imp                0x200073cd   Thumb Code    52  fpb_patch.o(ram_code)
    sch_arb_prog_timer_imp                   0x20007411   Thumb Code   238  protocol_patch.o(ram_code)
    sch_arb_event_start_isr_imp              0x200074ff   Thumb Code   608  protocol_patch.o(ram_code)
    lld_con_frm_cbk_imp                      0x2000775f   Thumb Code   320  protocol_patch.o(ram_code)
    flash_OTP_write                          0x200078b9   Thumb Code   234  driver_flash.o(ram_code)
    flash_OTP_read                           0x200079a3   Thumb Code   102  driver_flash.o(ram_code)
    flash_OTP_erase                          0x20007a09   Thumb Code   112  driver_flash.o(ram_code)
    flash_wait_wip_clear                     0x20007a79   Thumb Code    42  driver_flash.o(ram_code)
    flash_read_status_imp                    0x20007aa3   Thumb Code    42  driver_flash.o(ram_code)
    flash_write_status_imp                   0x20007acd   Thumb Code    46  driver_flash.o(ram_code)
    flash_protect_enable                     0x20007afb   Thumb Code    28  driver_flash.o(ram_code)
    flash_protect_disable                    0x20007b17   Thumb Code    24  driver_flash.o(ram_code)
    flash_protect_enable_nonvolatile         0x20007b2f   Thumb Code    66  driver_flash.o(ram_code)
    Image$$ER_RW$$RW$$Base                   0x20007bc0   Number         0  anon$$obj.o ABSOLUTE
    mic_loop_start_flag                      0x20007bc0   Data           1  audio_codec_new.o(.data)
    sbc_callback                             0x20007bc4   Data           4  audio_codec_new.o(.data)
    audio_type                               0x20007bc8   Data           1  audio_codec_new.o(.data)
    sin_wav                                  0x20007bca   Data          16  audio_codec_new.o(.data)
    NVIC_EnableIRQ                           0x20007bdc   Data           4  patch.o(.data)
    cali_len                                 0x20007be0   Data           4  patch.o(.data)
    bt_reconnect_notify_flag                 0x20007be4   Data           1  patch.o(.data)
    cali_cnt                                 0x20007be5   Data           1  patch.o(.data)
    last_sleep_duration                      0x20007be8   Data           4  patch.o(.data)
    rxrssi                                   0x20007bec   Data           1  patch.o(.data)
    secParms                                 0x20007bf0   Data           2  app_bt_new.o(.data)
    bt_a2dp_type                             0x20007bf2   Data           1  app_bt_new.o(.data)
    bt_hid_type                              0x20007bf3   Data           1  app_bt_new.o(.data)
    bt_hf_audio_source_mode                  0x20007bf4   Data           1  app_bt_new.o(.data)
    disconnect_save_flag                     0x20007bf9   Data           2  app_bt_new.o(.data)
    avdev_disc_stream_list                   0x20007bfc   Data           8  app_bt_new.o(.data)
    avdev_get_cap_list                       0x20007c04   Data           8  app_bt_new.o(.data)
    tone_is_support                          0x20007c0e   Data           1  app_bt_new.o(.data)
    device_save                              0x20007c10   Data           4  app_bt_new.o(.data)
    a2dp_dsp_ready_flag                      0x20007c14   Data           1  app_bt_new.o(.data)
    a2dp_stream_start_flag                   0x20007c15   Data           1  app_bt_new.o(.data)
    a2dp_decorder_type                       0x20007c16   Data           1  app_bt_new.o(.data)
    pincode                                  0x20007c17   Data           7  app_bt_new.o(.data)
    pin_len                                  0x20007c1e   Data           1  app_bt_new.o(.data)
    bt_hid_check_conn                        0x20007c20   Data           4  app_bt_new.o(.data)
    me_evt_func                              0x20007c24   Data           4  bt_api.o(.data)
    prevent_sniff_flag                       0x20007c28   Data           1  bt_api.o(.data)
    active_to_sniff                          0x20007c29   Data           1  bt_api.o(.data)
    avrcp_evt_func                           0x20007c2c   Data           4  avrcp_api.o(.data)
    a2dp_connecting_state                    0x20007c30   Data           1  a2dp_api.o(.data)
    sbc_bitpool                              0x20007c31   Data           1  a2dp_api.o(.data)
    a2dp_evt_func                            0x20007c34   Data           4  a2dp_api.o(.data)
    hf_evt_func                              0x20007c38   Data           4  hf_api.o(.data)
    spp_evt_func                             0x20007c3c   Data           4  spp_api.o(.data)
    ke_task_env                              0x20007c40   Data           4  os_task.o(.data)
    tx_pwr_table                             0x20007c44   Data           6  rf_patch.o(.data)
    last_tx_pwr                              0x20007c4a   Data           1  rf_patch.o(.data)
    max_pwr_index                            0x20007c4b   Data           1  rf_patch.o(.data)
    btdm_active_cnt                          0x20007c4c   Data           4  rf_patch.o(.data)
    rwip_sleep_flag                          0x20007c50   Data           1  rf_patch.o(.data)
    appm_activity_op_list                    0x20007c58   Data           8  app_ble_new.o(.data)
    pbaclient_cb_func                        0x20007c60   Data           4  pbap_app.o(.data)
    hid_evt_func                             0x20007c64   Data           4  hid_app.o(.data)
    HidDescriptorList_app                    0x20007c68   Data          58  hid_app.o(.data)
    hid_sdp_attribute                        0x20007ca4   Data           4  hid_app.o(.data)
    hid_sdp_attribute_num                    0x20007ca8   Data           1  hid_app.o(.data)
    patch_elements                           0x20007cc0   Data         128  fpb_patch.o(.data)
    patch_map                                0x20007d40   Data          64  fpb_patch.o(.data)
    bt_inq_cnt                               0x20007d84   Data           1  protocol_patch.o(.data)
    ble_conn_latency_enable                  0x20007d85   Data           1  protocol_patch.o(.data)
    ble_rx_ok_flag                           0x20007d86   Data           1  protocol_patch.o(.data)
    recv_comp_packet_during_evt              0x20007d87   Data           1  protocol_patch.o(.data)
    pkt_num                                  0x20007d88   Data           2  protocol_patch.o(.data)
    button_evt_func                          0x20007d8c   Data           4  driver_button.o(.data)
    appm_ble_state                           0x20007d90   Data           1  app_ble_task_new.o(.data)
    appm_conn_act_env                        0x20007d91   Data           7  app_conn.o(.data)
    gap_bond_active_dev_idx                  0x20007db0   Data           1  user_bond_manage.o(.data)
    system_clk_map                           0x20007de4   Data           4  driver_syscntl.o(.data..L_MergedGlobals)
    system_regs                              0x20007de8   Data           4  driver_syscntl.o(.data..L_MergedGlobals)
    pwm_ctrl                                 0x20007dec   Data           4  driver_pwm.o(.data.pwm_ctrl)
    user_bt_env                              0x20007df0   Data           4  proj_main.o(.data.user_bt_env)
    Image$$ER_ZI$$ZI$$Base                   0x20007df4   Number         0  anon$$obj.o ABSOLUTE
    securityHandler                          0x20007e00   Data          16  app_bt_new.o(.bss)
    globalHandler                            0x20007e10   Data          16  app_bt_new.o(.bss)
    avrcp_rsp_params                         0x20007e40   Data         128  app_bt_new.o(.bss)
    local_name_save                          0x20007ec0   Data          24  app_bt_new.o(.bss)
    app_ble_new_env                          0x20007ed8   Data         104  app_ble_new.o(.bss)
    adv_defer                                0x20007f40   Data          24  app_ble_new.o(.bss)
    PbaClient                                0x20007f58   Data         284  pbap_app.o(.bss)
    GoeClient                                0x20008074   Data        1216  goep.o(.bss)
    GoeServer                                0x20008534   Data         932  goep.o(.bss)
    Pbap                                     0x200088d8   Data         764  pbap.o(.bss)
    app_sec_env                              0x20008bd4   Data          54  app_sec.o(.bss)
    ObexData                                 0x20008e10   Data        1552  obxalloc.o(.bss)
    count                                    0x20009444   Data           2  proj_main.o(.bss.count)
    user_task_id                             0x20009450   Data           2  user_task.o(.bss.user_task_id)
    Image$$ER_ZI$$ZI$$Limit                  0x20009454   Number         0  anon$$obj.o ABSOLUTE
    __initial_sp                             0x40014000   Number         0  syscall.txt ABSOLUTE



==============================================================================

Memory Map of the image

  Image Entry point : 0x01003001

  Load Region ROM (Base: 0x01003000, Size: 0x000110cc, Max: 0x00050000, ABSOLUTE)

    Execution Region ER_ENTRY (Exec base: 0x01003000, Load base: 0x01003000, Size: 0x0000000c, Max: 0xffffffff, ABSOLUTE, FIXED)

    Exec Addr    Load Addr    Size         Type   Attr      Idx    E Section Name        Object

    0x01003000   0x01003000   0x0000000c   Code   RO          523  * entry_code          5080_host.lib(patch.o)


    Execution Region ER_RO (Exec base: 0x0100300c, Load base: 0x0100300c, Size: 0x0000e204, Max: 0xffffffff, ABSOLUTE)

    Exec Addr    Load Addr    Size         Type   Attr      Idx    E Section Name        Object

    0x0100300c   0x0100300c   0x0000004c   Code   RO           98    .text               app_boot_vectors.o
    0x01003058   0x01003058   0x0000000c   Code   RO         1992    .text               c_w.l(putchar.o)
    0x01003064   0x01003064   0x0000002c   Code   RO         1994    .text               c_w.l(puts.o)
    0x01003090   0x01003090   0x00000158   Code   RO          105    .text.HardFault_Handler_C  hardfault.o
    0x010031e8   0x010031e8   0x00000008   Code   RO           35    .text.OUTLINED_FUNCTION_0  app_at.o
    0x010031f0   0x010031f0   0x0000000a   Code   RO           76    .text.OUTLINED_FUNCTION_0  user_bt.o
    0x010031fa   0x010031fa   0x00000008   Code   RO           37    .text.OUTLINED_FUNCTION_1  app_at.o
    0x01003202   0x01003202   0x0000000a   Code   RO           39    .text.OUTLINED_FUNCTION_2  app_at.o
    0x0100320c   0x0100320c   0x00000364   Code   RO           31    .text.app_at_cmd_recv_handler  app_at.o
    0x01003570   0x01003570   0x00000060   Code   RO           70    .text.bt_disconnect  user_bt.o
    0x010035d0   0x010035d0   0x000000fc   Code   RO           68    .text.bt_reconnect  user_bt.o
    0x010036cc   0x010036cc   0x00000080   Code   RO           72    .text.bt_set_spk_volume  user_bt.o
    0x0100374c   0x0100374c   0x00000024   Code   RO          149    .text.pmu_clear_isr_state  driver_pmu.o
    0x01003770   0x01003770   0x00000034   Code   RO          415    .text.pwm_init      driver_pwm.o
    0x010037a4   0x010037a4   0x00000024   Code   RO          419    .text.pwm_start     driver_pwm.o
    0x010037c8   0x010037c8   0x00000034   Code   RO           64    .text.reconnect_according_to_profile  user_bt.o
    0x010037fc   0x010037fc   0x00000014   Code   RO          334    .text.system_get_pclk  driver_syscntl.o
    0x01003810   0x01003810   0x0000002c   Code   RO           88    .text.test_drivers  test_drivers.o
    0x0100383c   0x0100383c   0x00000022   Code   RO           86    .text.test_pwm      test_drivers.o
    0x0100385e   0x0100385e   0x00000002   PAD
    0x01003860   0x01003860   0x000000c8   Code   RO           12    .text.user_custom_parameters  proj_main.o
    0x01003928   0x01003928   0x00000040   Code   RO           16    .text.user_entry_after_stack_init  proj_main.o
    0x01003968   0x01003968   0x0000005c   Code   RO           14    .text.user_entry_before_stack_init  proj_main.o
    0x010039c4   0x010039c4   0x00000012   Code   RO           53    .text.user_task_func  user_task.o
    0x010039d6   0x010039d6   0x00000002   PAD
    0x010039d8   0x010039d8   0x00000018   Code   RO           51    .text.user_task_init  user_task.o
    0x010039f0   0x010039f0   0x0000000a   Ven    RO         2003    Veneer$$Code        anon$$obj.o
    0x010039fa   0x010039fa   0x0000000a   Ven    RO         2004    Veneer$$Code        anon$$obj.o
    0x01003a04   0x01003a04   0x0000000a   Ven    RO         2005    Veneer$$Code        anon$$obj.o
    0x01003a0e   0x01003a0e   0x0000000a   Ven    RO         2006    Veneer$$Code        anon$$obj.o
    0x01003a18   0x01003a18   0x0000000a   Ven    RO         2007    Veneer$$Code        anon$$obj.o
    0x01003a22   0x01003a22   0x0000000a   Ven    RO         2008    Veneer$$Code        anon$$obj.o
    0x01003a2c   0x01003a2c   0x0000000a   Ven    RO         2009    Veneer$$Code        anon$$obj.o
    0x01003a36   0x01003a36   0x0000000a   Ven    RO         2010    Veneer$$Code        anon$$obj.o
    0x01003a40   0x01003a40   0x0000000a   Ven    RO         2011    Veneer$$Code        anon$$obj.o
    0x01003a4a   0x01003a4a   0x0000000a   Ven    RO         2012    Veneer$$Code        anon$$obj.o
    0x01003a54   0x01003a54   0x0000000a   Ven    RO         2013    Veneer$$Code        anon$$obj.o
    0x01003a5e   0x01003a5e   0x0000000a   Ven    RO         2014    Veneer$$Code        anon$$obj.o
    0x01003a68   0x01003a68   0x0000000a   Ven    RO         2015    Veneer$$Code        anon$$obj.o
    0x01003a72   0x01003a72   0x0000000a   Ven    RO         2016    Veneer$$Code        anon$$obj.o
    0x01003a7c   0x01003a7c   0x0000000a   Ven    RO         2017    Veneer$$Code        anon$$obj.o
    0x01003a86   0x01003a86   0x0000000a   Ven    RO         2018    Veneer$$Code        anon$$obj.o
    0x01003a90   0x01003a90   0x0000000a   Ven    RO         2019    Veneer$$Code        anon$$obj.o
    0x01003a9a   0x01003a9a   0x0000000a   Ven    RO         2020    Veneer$$Code        anon$$obj.o
    0x01003aa4   0x01003aa4   0x0000000a   Ven    RO         2021    Veneer$$Code        anon$$obj.o
    0x01003aae   0x01003aae   0x0000000a   Ven    RO         2022    Veneer$$Code        anon$$obj.o
    0x01003ab8   0x01003ab8   0x0000000a   Ven    RO         2023    Veneer$$Code        anon$$obj.o
    0x01003ac2   0x01003ac2   0x0000000a   Ven    RO         2024    Veneer$$Code        anon$$obj.o
    0x01003acc   0x01003acc   0x0000000a   Ven    RO         2025    Veneer$$Code        anon$$obj.o
    0x01003ad6   0x01003ad6   0x0000000a   Ven    RO         2026    Veneer$$Code        anon$$obj.o
    0x01003ae0   0x01003ae0   0x0000000a   Ven    RO         2027    Veneer$$Code        anon$$obj.o
    0x01003aea   0x01003aea   0x0000000a   Ven    RO         2028    Veneer$$Code        anon$$obj.o
    0x01003af4   0x01003af4   0x0000000a   Ven    RO         2029    Veneer$$Code        anon$$obj.o
    0x01003afe   0x01003afe   0x0000000a   Ven    RO         2030    Veneer$$Code        anon$$obj.o
    0x01003b08   0x01003b08   0x0000000a   Ven    RO         2031    Veneer$$Code        anon$$obj.o
    0x01003b12   0x01003b12   0x0000000a   Ven    RO         2032    Veneer$$Code        anon$$obj.o
    0x01003b1c   0x01003b1c   0x0000000a   Ven    RO         2033    Veneer$$Code        anon$$obj.o
    0x01003b26   0x01003b26   0x0000000a   Ven    RO         2034    Veneer$$Code        anon$$obj.o
    0x01003b30   0x01003b30   0x0000000a   Ven    RO         2035    Veneer$$Code        anon$$obj.o
    0x01003b3a   0x01003b3a   0x0000000a   Ven    RO         2036    Veneer$$Code        anon$$obj.o
    0x01003b44   0x01003b44   0x0000000a   Ven    RO         2037    Veneer$$Code        anon$$obj.o
    0x01003b4e   0x01003b4e   0x0000000a   Ven    RO         2038    Veneer$$Code        anon$$obj.o
    0x01003b58   0x01003b58   0x0000000a   Ven    RO         2039    Veneer$$Code        anon$$obj.o
    0x01003b62   0x01003b62   0x0000000a   Ven    RO         2040    Veneer$$Code        anon$$obj.o
    0x01003b6c   0x01003b6c   0x0000000a   Ven    RO         2041    Veneer$$Code        anon$$obj.o
    0x01003b76   0x01003b76   0x0000000a   Ven    RO         2042    Veneer$$Code        anon$$obj.o
    0x01003b80   0x01003b80   0x0000000a   Ven    RO         2043    Veneer$$Code        anon$$obj.o
    0x01003b8a   0x01003b8a   0x0000000a   Ven    RO         2044    Veneer$$Code        anon$$obj.o
    0x01003b94   0x01003b94   0x0000000a   Ven    RO         2045    Veneer$$Code        anon$$obj.o
    0x01003b9e   0x01003b9e   0x0000000a   Ven    RO         2046    Veneer$$Code        anon$$obj.o
    0x01003ba8   0x01003ba8   0x0000000a   Ven    RO         2047    Veneer$$Code        anon$$obj.o
    0x01003bb2   0x01003bb2   0x0000000a   Ven    RO         2048    Veneer$$Code        anon$$obj.o
    0x01003bbc   0x01003bbc   0x0000000a   Ven    RO         2049    Veneer$$Code        anon$$obj.o
    0x01003bc6   0x01003bc6   0x0000000a   Ven    RO         2050    Veneer$$Code        anon$$obj.o
    0x01003bd0   0x01003bd0   0x0000000a   Ven    RO         2051    Veneer$$Code        anon$$obj.o
    0x01003bda   0x01003bda   0x0000000a   Ven    RO         2052    Veneer$$Code        anon$$obj.o
    0x01003be4   0x01003be4   0x0000000a   Ven    RO         2053    Veneer$$Code        anon$$obj.o
    0x01003bee   0x01003bee   0x0000000a   Ven    RO         2054    Veneer$$Code        anon$$obj.o
    0x01003bf8   0x01003bf8   0x0000000a   Ven    RO         2055    Veneer$$Code        anon$$obj.o
    0x01003c02   0x01003c02   0x0000000a   Ven    RO         2056    Veneer$$Code        anon$$obj.o
    0x01003c0c   0x01003c0c   0x0000000a   Ven    RO         2057    Veneer$$Code        anon$$obj.o
    0x01003c16   0x01003c16   0x0000000a   Ven    RO         2058    Veneer$$Code        anon$$obj.o
    0x01003c20   0x01003c20   0x0000000a   Ven    RO         2059    Veneer$$Code        anon$$obj.o
    0x01003c2a   0x01003c2a   0x0000000a   Ven    RO         2060    Veneer$$Code        anon$$obj.o
    0x01003c34   0x01003c34   0x0000000a   Ven    RO         2061    Veneer$$Code        anon$$obj.o
    0x01003c3e   0x01003c3e   0x0000000a   Ven    RO         2062    Veneer$$Code        anon$$obj.o
    0x01003c48   0x01003c48   0x0000000a   Ven    RO         2063    Veneer$$Code        anon$$obj.o
    0x01003c52   0x01003c52   0x0000000a   Ven    RO         2064    Veneer$$Code        anon$$obj.o
    0x01003c5c   0x01003c5c   0x0000000a   Ven    RO         2065    Veneer$$Code        anon$$obj.o
    0x01003c66   0x01003c66   0x0000000a   Ven    RO         2066    Veneer$$Code        anon$$obj.o
    0x01003c70   0x01003c70   0x0000000a   Ven    RO         2067    Veneer$$Code        anon$$obj.o
    0x01003c7a   0x01003c7a   0x0000000a   Ven    RO         2068    Veneer$$Code        anon$$obj.o
    0x01003c84   0x01003c84   0x0000000a   Ven    RO         2069    Veneer$$Code        anon$$obj.o
    0x01003c8e   0x01003c8e   0x0000000a   Ven    RO         2070    Veneer$$Code        anon$$obj.o
    0x01003c98   0x01003c98   0x0000000a   Ven    RO         2071    Veneer$$Code        anon$$obj.o
    0x01003ca2   0x01003ca2   0x0000000a   Ven    RO         2072    Veneer$$Code        anon$$obj.o
    0x01003cac   0x01003cac   0x0000000a   Ven    RO         2073    Veneer$$Code        anon$$obj.o
    0x01003cb6   0x01003cb6   0x0000000a   Ven    RO         2074    Veneer$$Code        anon$$obj.o
    0x01003cc0   0x01003cc0   0x0000000a   Ven    RO         2075    Veneer$$Code        anon$$obj.o
    0x01003cca   0x01003cca   0x0000000a   Ven    RO         2076    Veneer$$Code        anon$$obj.o
    0x01003cd4   0x01003cd4   0x000000ac   Code   RO          999    i.A2DP_Deregister_imp  5080_host.lib(a2dp_sdp_new.o)
    0x01003d80   0x01003d80   0x00000180   Code   RO         1000    i.A2DP_Register_imp  5080_host.lib(a2dp_sdp_new.o)
    0x01003f00   0x01003f00   0x000000a4   Code   RO         1001    i.A2dpRegisterSdpService_imp  5080_host.lib(a2dp_sdp_new.o)
    0x01003fa4   0x01003fa4   0x00000070   Code   RO          709    i.AVRCP_CtGetMediaInfo  5080_host.lib(avrcp_api.o)
    0x01004014   0x01004014   0x000000be   Code   RO          710    i.AVRCP_SetPanelKey_imp  5080_host.lib(avrcp_api.o)
    0x010040d2   0x010040d2   0x00000002   PAD
    0x010040d4   0x010040d4   0x000000d0   Code   RO         1861    i.AppCallback       5080_host.lib(observer.o)
    0x010041a4   0x010041a4   0x0000002a   Code   RO         1221    i.AsciiToUnicode    5080_host.lib(goep.o)
    0x010041ce   0x010041ce   0x00000182   Code   RO         1862    i.AssociateConn     5080_host.lib(observer.o)
    0x01004350   0x01004350   0x000000cc   Code   RO         1222    i.AssociateServer   5080_host.lib(goep.o)
    0x0100441c   0x0100441c   0x00000178   Code   RO         1366    i.AvdtpSigParseCapabilityRsp_imp  5080_host.lib(protocol_patch.o)
    0x01004594   0x01004594   0x00000168   Code   RO          583    i.AvrcpHandleAdvRsp_imp  5080_host.lib(app_bt_new.o)
    0x010046fc   0x010046fc   0x00000124   Code   RO         1367    i.AvrcpHandleAdvancedResponse_imp  5080_host.lib(protocol_patch.o)
    0x01004820   0x01004820   0x000000e6   Code   RO         1368    i.AvrcpHandleGetElementAttrRsp  5080_host.lib(protocol_patch.o)
    0x01004906   0x01004906   0x00000048   Code   RO         1369    i.AvrcpHandleGetPlayStatusRsp  5080_host.lib(protocol_patch.o)
    0x0100494e   0x0100494e   0x00000002   PAD
    0x01004950   0x01004950   0x00000034   Code   RO          584    i.AvrcpHandlePanelRsp_imp  5080_host.lib(app_bt_new.o)
    0x01004984   0x01004984   0x00000058   Code   RO         1906    i.BTSTACK_ClientDisconnect  5080_host.lib(obxbtstk.o)
    0x010049dc   0x010049dc   0x00000094   Code   RO         1907    i.BTSTACK_ClientInit  5080_host.lib(obxbtstk.o)
    0x01004a70   0x01004a70   0x0000000e   Code   RO         1908    i.BTSTACK_DisconnectReq  5080_host.lib(obxbtstk.o)
    0x01004a7e   0x01004a7e   0x0000003c   Code   RO         1909    i.BTSTACK_GetTpConnInfo  5080_host.lib(obxbtstk.o)
    0x01004aba   0x01004aba   0x0000001e   Code   RO         1910    i.BTSTACK_MaxTxSize  5080_host.lib(obxbtstk.o)
    0x01004ad8   0x01004ad8   0x00000032   Code   RO         1911    i.BTSTACK_SendTxBuffer  5080_host.lib(obxbtstk.o)
    0x01004b0a   0x01004b0a   0x000000e4   Code   RO         1913    i.BtClientCallBack  5080_host.lib(obxbtstk.o)
    0x01004bee   0x01004bee   0x00000062   Code   RO         1914    i.BtClientCmgrCallback  5080_host.lib(obxbtstk.o)
    0x01004c50   0x01004c50   0x00000130   Code   RO         1915    i.BtClientGeneralCallback  5080_host.lib(obxbtstk.o)
    0x01004d80   0x01004d80   0x00000042   Code   RO         1916    i.BtDisconnectClientLink  5080_host.lib(obxbtstk.o)
    0x01004dc2   0x01004dc2   0x00000030   Code   RO         1919    i.BtStartServiceQuery  5080_host.lib(obxbtstk.o)
    0x01004df2   0x01004df2   0x00000088   Code   RO         1920    i.BtVerifySdpQueryRsp  5080_host.lib(obxbtstk.o)
    0x01004e7a   0x01004e7a   0x0000001c   Code   RO         1863    i.CancelOperation   5080_host.lib(observer.o)
    0x01004e96   0x01004e96   0x000002a6   Code   RO         1223    i.ClientBuildHeaders  5080_host.lib(goep.o)
    0x0100513c   0x0100513c   0x00000068   Code   RO         1781    i.ClientComplete    5080_host.lib(obclient.o)
    0x010051a4   0x010051a4   0x000001a4   Code   RO         1372    i.DDB_AddRecord_imp  5080_host.lib(protocol_patch.o)
    0x01005348   0x01005348   0x00000070   Code   RO         1225    i.DoUniHeaderCopy   5080_host.lib(goep.o)
    0x010053b8   0x010053b8   0x00000034   Code   RO         1322    i.FindPbapClient    5080_host.lib(pbap.o)
    0x010053ec   0x010053ec   0x000000f4   Code   RO         1230    i.GOEP_Connect      5080_host.lib(goep.o)
    0x010054e0   0x010054e0   0x0000009c   Code   RO         1232    i.GOEP_GetConnectionId  5080_host.lib(goep.o)
    0x0100557c   0x0100557c   0x00000080   Code   RO         1235    i.GOEP_Init         5080_host.lib(goep.o)
    0x010055fc   0x010055fc   0x00000040   Code   RO         1238    i.GOEP_RegisterClientSecurityRecord  5080_host.lib(goep.o)
    0x0100563c   0x0100563c   0x000001e8   Code   RO         1239    i.GOEP_RegisterClnt  5080_host.lib(goep.o)
    0x01005824   0x01005824   0x000000e4   Code   RO         1252    i.GOEP_TpDisconnect  5080_host.lib(goep.o)
    0x01005908   0x01005908   0x00000054   Code   RO         1255    i.GetFreeConnId     5080_host.lib(goep.o)
    0x0100595c   0x0100595c   0x000000f6   Code   RO         1256    i.GoepClientProcessHeaders  5080_host.lib(goep.o)
    0x01005a52   0x01005a52   0x00000002   PAD
    0x01005a54   0x01005a54   0x0000008c   Code   RO         1257    i.GoepClientSecAccessRequest  5080_host.lib(goep.o)
    0x01005ae0   0x01005ae0   0x00000124   Code   RO         1259    i.GoepClntCallback  5080_host.lib(goep.o)
    0x01005c04   0x01005c04   0x000000dc   Code   RO         1260    i.GoepSecCallback   5080_host.lib(goep.o)
    0x01005ce0   0x01005ce0   0x00000188   Code   RO         1063    i.HID_Register_app  5080_host.lib(hid_app.o)
    0x01005e68   0x01005e68   0x00000050   Code   RO          585    i.HfRfCallback_imp  5080_host.lib(app_bt_new.o)
    0x01005eb8   0x01005eb8   0x000000a8   Code   RO         1373    i.HfStateConnPending_imp  5080_host.lib(protocol_patch.o)
    0x01005f60   0x01005f60   0x000000a0   Code   RO         1064    i.HidRegisterSdp_app  5080_host.lib(hid_app.o)
    0x01006000   0x01006000   0x000002ac   Code   RO         1374    i.L2CAP_HciReceive_imp  5080_host.lib(protocol_patch.o)
    0x010062ac   0x010062ac   0x0000001c   Code   RO          452    i.NVIC_DisableIRQ   5080_host.lib(audio_codec_new.o)
    0x010062c8   0x010062c8   0x00000028   Code   RO          524    i.NVIC_SetPriority  5080_host.lib(patch.o)
    0x010062f0   0x010062f0   0x000000d4   Code   RO         1264    i.NotifyAllClients  5080_host.lib(goep.o)
    0x010063c4   0x010063c4   0x0000004a   Code   RO         1266    i.NotifyCurrClient  5080_host.lib(goep.o)
    0x0100640e   0x0100640e   0x00000094   Code   RO         1267    i.NotifyCurrServer  5080_host.lib(goep.o)
    0x010064a2   0x010064a2   0x00000044   Code   RO         1809    i.OBEXH_Build1Byte  5080_host.lib(obheader.o)
    0x010064e6   0x010064e6   0x0000004c   Code   RO         1810    i.OBEXH_Build4Byte  5080_host.lib(obheader.o)
    0x01006532   0x01006532   0x00000086   Code   RO         1811    i.OBEXH_BuildByteSeq  5080_host.lib(obheader.o)
    0x010065b8   0x010065b8   0x00000030   Code   RO         1812    i.OBEXH_BuildUnicode  5080_host.lib(obheader.o)
    0x010065e8   0x010065e8   0x00000012   Code   RO         1813    i.OBEXH_FlushHeaders  5080_host.lib(obheader.o)
    0x010065fa   0x010065fa   0x00000044   Code   RO         1814    i.OBEXH_GetAvailableTxHeaderLen  5080_host.lib(obheader.o)
    0x0100663e   0x0100663e   0x000000da   Code   RO         1783    i.OBEX_ClientBuildProtocolHeader  5080_host.lib(obclient.o)
    0x01006718   0x01006718   0x00000084   Code   RO         1784    i.OBEX_ClientInit   5080_host.lib(obclient.o)
    0x0100679c   0x0100679c   0x00000110   Code   RO         1787    i.OBEX_ClientSendRequest  5080_host.lib(obclient.o)
    0x010068ac   0x010068ac   0x00000004   Code   RO         1183    i.OBEX_EnumTransports  5080_host.lib(obstack.o)
    0x010068b0   0x010068b0   0x00000044   Code   RO         1184    i.OBEX_GetTpConnInfo  5080_host.lib(obstack.o)
    0x010068f4   0x010068f4   0x00000080   Code   RO         1185    i.OBEX_Init         5080_host.lib(obstack.o)
    0x01006974   0x01006974   0x00000088   Code   RO         1865    i.OBEX_ServerAbort  5080_host.lib(observer.o)
    0x010069fc   0x010069fc   0x00000032   Code   RO         1868    i.OBEX_ServerGetConnInfo  5080_host.lib(observer.o)
    0x01006a2e   0x01006a2e   0x00000002   PAD
    0x01006a30   0x01006a30   0x00000130   Code   RO         1871    i.OBEX_ServerSendResponse  5080_host.lib(observer.o)
    0x01006b60   0x01006b60   0x00000076   Code   RO         1187    i.OBEX_TpDisconnect  5080_host.lib(obstack.o)
    0x01006bd6   0x01006bd6   0x00000002   PAD
    0x01006bd8   0x01006bd8   0x00000054   Code   RO         1188    i.OBPROT_Connected  5080_host.lib(obstack.o)
    0x01006c2c   0x01006c2c   0x00000098   Code   RO         1189    i.OBPROT_Disconnected  5080_host.lib(obstack.o)
    0x01006cc4   0x01006cc4   0x00000014   Code   RO         1191    i.OBPROT_ParseRx    5080_host.lib(obstack.o)
    0x01006cd8   0x01006cd8   0x00000018   Code   RO         1192    i.OBPROT_ReturnTxBuffer  5080_host.lib(obstack.o)
    0x01006cf0   0x01006cf0   0x000001a0   Code   RO         1194    i.OBPROT_TxDone     5080_host.lib(obstack.o)
    0x01006e90   0x01006e90   0x00000058   Code   RO         1196    i.OBSTACK_ClientInit  5080_host.lib(obstack.o)
    0x01006ee8   0x01006ee8   0x00000020   Code   RO         1197    i.OBSTACK_GetTxBuffer  5080_host.lib(obstack.o)
    0x01006f08   0x01006f08   0x00000018   Code   RO         1198    i.OBSTACK_IsConnectionUp  5080_host.lib(obstack.o)
    0x01006f20   0x01006f20   0x00000014   Code   RO         1200    i.OBSTACK_VerifyClientAppHandle  5080_host.lib(obstack.o)
    0x01006f34   0x01006f34   0x00000014   Code   RO         1201    i.OBSTACK_VerifyServerAppHandle  5080_host.lib(obstack.o)
    0x01006f48   0x01006f48   0x00000028   Code   RO         1898    i.OS_LockObex       5080_host.lib(obxalloc.o)
    0x01006f70   0x01006f70   0x00000028   Code   RO         1899    i.OS_UnlockObex     5080_host.lib(obxalloc.o)
    0x01006f98   0x01006f98   0x0000012c   Code   RO         1788    i.ObClientEventInd  5080_host.lib(obclient.o)
    0x010070c4   0x010070c4   0x00000022   Code   RO         1789    i.ObClientGetHeaderBlockLen  5080_host.lib(obclient.o)
    0x010070e6   0x010070e6   0x000001d8   Code   RO         1790    i.ObClientReadHeaderBlock  5080_host.lib(obclient.o)
    0x010072be   0x010072be   0x00000062   Code   RO         1791    i.ObClientReadHeaderBlockFlex  5080_host.lib(obclient.o)
    0x01007320   0x01007320   0x00000026   Code   RO         1835    i.ObClientSendCommand  5080_host.lib(obparse.o)
    0x01007346   0x01007346   0x0000002c   Code   RO         1821    i.ObIsHeaderSpaceAvail  5080_host.lib(obheader.o)
    0x01007372   0x01007372   0x000002f4   Code   RO         1836    i.ObParseRx         5080_host.lib(obparse.o)
    0x01007666   0x01007666   0x0000001c   Code   RO         1837    i.ObParserDisconnect  5080_host.lib(obparse.o)
    0x01007682   0x01007682   0x00000028   Code   RO         1838    i.ObParserDisconnectInd  5080_host.lib(obparse.o)
    0x010076aa   0x010076aa   0x00000032   Code   RO         1840    i.ObParserMaxHbSize  5080_host.lib(obparse.o)
    0x010076dc   0x010076dc   0x000001ec   Code   RO         1841    i.ObParserSendPacket  5080_host.lib(obparse.o)
    0x010078c8   0x010078c8   0x00000018   Code   RO         1843    i.ObParserSetInitState  5080_host.lib(obparse.o)
    0x010078e0   0x010078e0   0x00000108   Code   RO         1844    i.ObParserTxBuffAvail  5080_host.lib(obparse.o)
    0x010079e8   0x010079e8   0x0000008c   Code   RO         1845    i.ObParserTxDone    5080_host.lib(obparse.o)
    0x01007a74   0x01007a74   0x00000022   Code   RO         1873    i.ObServerGetHeaderBlockLen  5080_host.lib(observer.o)
    0x01007a96   0x01007a96   0x000001ca   Code   RO         1874    i.ObServerReadHeaderBlock  5080_host.lib(observer.o)
    0x01007c60   0x01007c60   0x0000006c   Code   RO         1875    i.ObServerReadHeaderBlockFlex  5080_host.lib(observer.o)
    0x01007ccc   0x01007ccc   0x0000003e   Code   RO         1846    i.ObServerSendResponse  5080_host.lib(obparse.o)
    0x01007d0a   0x01007d0a   0x00000002   PAD
    0x01007d0c   0x01007d0c   0x0000001c   Code   RO         1949    i.PBAPOBS_Close     5080_host.lib(pbapobs.o)
    0x01007d28   0x01007d28   0x00000008   Code   RO         1950    i.PBAPOBS_GetObjectLen  5080_host.lib(pbapobs.o)
    0x01007d30   0x01007d30   0x0000003c   Code   RO         1951    i.PBAPOBS_Init      5080_host.lib(pbapobs.o)
    0x01007d6c   0x01007d6c   0x00000008   Code   RO         1953    i.PBAPOBS_Read      5080_host.lib(pbapobs.o)
    0x01007d74   0x01007d74   0x00000008   Code   RO         1954    i.PBAPOBS_ReadFlex  5080_host.lib(pbapobs.o)
    0x01007d7c   0x01007d7c   0x00000064   Code   RO         1955    i.PBAPOBS_Write     5080_host.lib(pbapobs.o)
    0x01007de0   0x01007de0   0x00000030   Code   RO         1329    i.PBAP_Init         5080_host.lib(pbap.o)
    0x01007e10   0x01007e10   0x00000138   Code   RO         1333    i.PBAP_RegisterClnt  5080_host.lib(pbap.o)
    0x01007f48   0x01007f48   0x00000048   Code   RO         1028    i.PBA_ClientInit    5080_host.lib(pbap_app.o)
    0x01007f90   0x01007f90   0x00000022   Code   RO         1847    i.ParseHeaderType   5080_host.lib(obparse.o)
    0x01007fb2   0x01007fb2   0x00000002   PAD
    0x01007fb4   0x01007fb4   0x00000290   Code   RO         1335    i.PbapGoepClientCallback  5080_host.lib(pbap.o)
    0x01008244   0x01008244   0x00000048   Code   RO         1940    i.PceAddServiceRecord  5080_host.lib(pbap_sdp.o)
    0x0100828c   0x0100828c   0x000000a4   Code   RO         1876    i.ProcessGeneral    5080_host.lib(observer.o)
    0x01008330   0x01008330   0x00000170   Code   RO         1877    i.ProcessGet        5080_host.lib(observer.o)
    0x010084a0   0x010084a0   0x000001b4   Code   RO         1792    i.ProcessGetEvents  5080_host.lib(obclient.o)
    0x01008654   0x01008654   0x00000110   Code   RO         1878    i.ProcessPut        5080_host.lib(observer.o)
    0x01008764   0x01008764   0x000001b0   Code   RO         1793    i.ProcessPutEvents  5080_host.lib(obclient.o)
    0x01008914   0x01008914   0x00000084   Code   RO         1794    i.ProcessSimpleOpEvents  5080_host.lib(obclient.o)
    0x01008998   0x01008998   0x0000003c   Code   RO         1375    i.RfAdvanceIncomingToOpenState_imp  5080_host.lib(protocol_patch.o)
    0x010089d4   0x010089d4   0x000000dc   Code   RO         1376    i.RfAdvanceToOpenTimeoutHandler_imp  5080_host.lib(protocol_patch.o)
    0x01008ab0   0x01008ab0   0x0000006c   Code   RO         1377    i.SEC_AddDeviceRecord_imp  5080_host.lib(protocol_patch.o)
    0x01008b1c   0x01008b1c   0x00000018   Code   RO         1378    i.SecGetCurrentBondingMode  5080_host.lib(protocol_patch.o)
    0x01008b34   0x01008b34   0x0000005c   Code   RO         1379    i.SecHandleConfirmReq_imp  5080_host.lib(protocol_patch.o)
    0x01008b90   0x01008b90   0x000000d4   Code   RO         1380    i.SecHandleLinkKeyNotify_imp  5080_host.lib(protocol_patch.o)
    0x01008c64   0x01008c64   0x00000120   Code   RO         1381    i.SecHandleUserIoReq_imp  5080_host.lib(protocol_patch.o)
    0x01008d84   0x01008d84   0x000002f8   Code   RO         1383    i.SecProcessSecurityToken_imp  5080_host.lib(protocol_patch.o)
    0x0100907c   0x0100907c   0x00000008   Code   RO          525    i.__set_BASEPRI     5080_host.lib(patch.o)
    0x01009084   0x01009084   0x000003c4   Code   RO          586    i.a2dp_callback_imp  5080_host.lib(app_bt_new.o)
    0x01009448   0x01009448   0x0000000e   Code   RO          741    i.a2dp_close_stream  5080_host.lib(a2dp_api.o)
    0x01009456   0x01009456   0x00000002   PAD
    0x01009458   0x01009458   0x00000028   Code   RO          743    i.a2dp_open_stream  5080_host.lib(a2dp_api.o)
    0x01009480   0x01009480   0x0000002c   Code   RO          588    i.a2dp_start_discover  5080_host.lib(app_bt_new.o)
    0x010094ac   0x010094ac   0x0000000e   Code   RO          746    i.a2dp_start_stream  5080_host.lib(a2dp_api.o)
    0x010094ba   0x010094ba   0x0000000e   Code   RO          749    i.a2dp_suspend_stream  5080_host.lib(a2dp_api.o)
    0x010094c8   0x010094c8   0x0000004c   Code   RO         1559    i.app_act_created_ind_func  5080_host.lib(app_proj_event.o)
    0x01009514   0x01009514   0x0000002c   Code   RO         1560    i.app_act_deleted_ind_func  5080_host.lib(app_proj_event.o)
    0x01009540   0x01009540   0x00000028   Code   RO         1561    i.app_addr_resolve_result_ind_func  5080_host.lib(app_proj_event.o)
    0x01009568   0x01009568   0x0000002c   Code   RO         1562    i.app_adv_complete_ind_func  5080_host.lib(app_proj_event.o)
    0x01009594   0x01009594   0x000000dc   Code   RO         1563    i.app_adv_report_ind_func  5080_host.lib(app_proj_event.o)
    0x01009670   0x01009670   0x00000194   Code   RO          589    i.app_avdev_find_prefer_codec  5080_host.lib(app_bt_new.o)
    0x01009804   0x01009804   0x00000044   Code   RO          590    i.app_avdev_search_free_stream  5080_host.lib(app_bt_new.o)
    0x01009848   0x01009848   0x00000304   Code   RO          591    i.app_bt_init_imp   5080_host.lib(app_bt_new.o)
    0x01009b4c   0x01009b4c   0x00000024   Code   RO          526    i.app_button_pressed_handler_imp  5080_host.lib(patch.o)
    0x01009b70   0x01009b70   0x0000002c   Code   RO         1564    i.app_conn_complete_ind_func  5080_host.lib(app_proj_event.o)
    0x01009b9c   0x01009b9c   0x00000006   Code   RO         1565    i.app_connection_master_encrypt_compeleted_ind_func  5080_host.lib(app_proj_event.o)
    0x01009ba2   0x01009ba2   0x00000002   PAD
    0x01009ba4   0x01009ba4   0x00000034   Code   RO         1566    i.app_connection_master_encrypted_ind_func  5080_host.lib(app_proj_event.o)
    0x01009bd8   0x01009bd8   0x00000030   Code   RO         1567    i.app_connection_paring_info_ind_func  5080_host.lib(app_proj_event.o)
    0x01009c08   0x01009c08   0x00000044   Code   RO         1568    i.app_connection_req_ind_func  5080_host.lib(app_proj_event.o)
    0x01009c4c   0x01009c4c   0x0000004c   Code   RO         1569    i.app_connection_slave_encrypted_ind_func  5080_host.lib(app_proj_event.o)
    0x01009c98   0x01009c98   0x0000003c   Code   RO         1570    i.app_connection_success_ind_func  5080_host.lib(app_proj_event.o)
    0x01009cd4   0x01009cd4   0x0000001c   Code   RO         1571    i.app_db_init_complete_ind_func  5080_host.lib(app_proj_event.o)
    0x01009cf0   0x01009cf0   0x00000034   Code   RO         1572    i.app_disconnect_ind_func  5080_host.lib(app_proj_event.o)
    0x01009d24   0x01009d24   0x00000434   Code   RO          527    i.app_entry_sub     5080_host.lib(patch.o)
    0x0100a158   0x0100a158   0x00000030   Code   RO         1488    i.app_get_current_rssi_rsp  5080_host.lib(app_ble_task_new.o)
    0x0100a188   0x0100a188   0x0000004a   Code   RO         1489    i.app_get_handler   5080_host.lib(app_ble_task_new.o)
    0x0100a1d2   0x0100a1d2   0x00000002   PAD
    0x0100a1d4   0x0100a1d4   0x0000003c   Code   RO         1573    i.app_get_info_ind_func  5080_host.lib(app_proj_event.o)
    0x0100a210   0x0100a210   0x0000002c   Code   RO         1574    i.app_per_sync_completed_ind_func  5080_host.lib(app_proj_event.o)
    0x0100a23c   0x0100a23c   0x00000034   Code   RO         1575    i.app_reset_complete_ind_func  5080_host.lib(app_proj_event.o)
    0x0100a270   0x0100a270   0x0000002c   Code   RO         1576    i.app_scanning_completed_ind_func  5080_host.lib(app_proj_event.o)
    0x0100a29c   0x0100a29c   0x00000008   Code   RO         1616    i.app_sec_msg_dflt_handler  5080_host.lib(app_sec.o)
    0x0100a2a4   0x0100a2a4   0x00000024   Code   RO         1577    i.app_set_dev_config_complete_ind_func  5080_host.lib(app_proj_event.o)
    0x0100a2c8   0x0100a2c8   0x00000018   Code   RO         1578    i.app_svc_added_ind_func  5080_host.lib(app_proj_event.o)
    0x0100a2e0   0x0100a2e0   0x00000002   Code   RO         1579    i.app_update_params_complete_ind_func  5080_host.lib(app_proj_event.o)
    0x0100a2e2   0x0100a2e2   0x00000002   PAD
    0x0100a2e4   0x0100a2e4   0x00000030   Code   RO         1580    i.app_update_params_rejected_ind_func  5080_host.lib(app_proj_event.o)
    0x0100a314   0x0100a314   0x00000048   Code   RO         1581    i.app_update_params_update_ind_func  5080_host.lib(app_proj_event.o)
    0x0100a35c   0x0100a35c   0x00000018   Code   RO         1490    i.app_user_timeout_handler  5080_host.lib(app_ble_task_new.o)
    0x0100a374   0x0100a374   0x0000000c   Code   RO          941    i.appm_adv_get_defer_op  5080_host.lib(app_ble_new.o)
    0x0100a380   0x0100a380   0x00000188   Code   RO          942    i.appm_adv_recv_gapm_cmp  5080_host.lib(app_ble_new.o)
    0x0100a508   0x0100a508   0x00000010   Code   RO          943    i.appm_adv_set_defer_op  5080_host.lib(app_ble_new.o)
    0x0100a518   0x0100a518   0x00000044   Code   RO          944    i.appm_ble_conn_param_update  5080_host.lib(app_ble_new.o)
    0x0100a55c   0x0100a55c   0x000000a4   Code   RO          945    i.appm_ble_init_imp  5080_host.lib(app_ble_new.o)
    0x0100a600   0x0100a600   0x00000030   Code   RO          528    i.appm_ble_update_conn_param_handler_imp  5080_host.lib(patch.o)
    0x0100a630   0x0100a630   0x00000064   Code   RO         1540    i.appm_conn_recv_gapm_cmp  5080_host.lib(app_conn.o)
    0x0100a694   0x0100a694   0x00000036   Code   RO          946    i.appm_create_adv_act  5080_host.lib(app_ble_new.o)
    0x0100a6ca   0x0100a6ca   0x00000002   PAD
    0x0100a6cc   0x0100a6cc   0x00000098   Code   RO          947    i.appm_create_aux_adv_act  5080_host.lib(app_ble_new.o)
    0x0100a764   0x0100a764   0x0000002c   Code   RO         1542    i.appm_create_conn_act  5080_host.lib(app_conn.o)
    0x0100a790   0x0100a790   0x000000e4   Code   RO          948    i.appm_create_legacy_adv_act  5080_host.lib(app_ble_new.o)
    0x0100a874   0x0100a874   0x0000008c   Code   RO          949    i.appm_create_per_adv_act  5080_host.lib(app_ble_new.o)
    0x0100a900   0x0100a900   0x00000030   Code   RO          950    i.appm_create_per_sync_act  5080_host.lib(app_ble_new.o)
    0x0100a930   0x0100a930   0x00000040   Code   RO          951    i.appm_create_scan_act  5080_host.lib(app_ble_new.o)
    0x0100a970   0x0100a970   0x0000003c   Code   RO          953    i.appm_exc_activity_cmp  5080_host.lib(app_ble_new.o)
    0x0100a9ac   0x0100a9ac   0x00000044   Code   RO          954    i.appm_execute_activity_cmd  5080_host.lib(app_ble_new.o)
    0x0100a9f0   0x0100a9f0   0x000000d4   Code   RO         1491    i.appm_msg_handler  5080_host.lib(app_ble_task_new.o)
    0x0100aac4   0x0100aac4   0x00000060   Code   RO          955    i.appm_period_sync_recv_gapm_cmp  5080_host.lib(app_ble_new.o)
    0x0100ab24   0x0100ab24   0x00000060   Code   RO          956    i.appm_scan_recv_gapm_cmp  5080_host.lib(app_ble_new.o)
    0x0100ab84   0x0100ab84   0x0000001e   Code   RO          957    i.appm_send_gapm_reset_cmd  5080_host.lib(app_ble_new.o)
    0x0100aba2   0x0100aba2   0x00000002   PAD
    0x0100aba4   0x0100aba4   0x00000044   Code   RO          958    i.appm_set_advertising_data  5080_host.lib(app_ble_new.o)
    0x0100abe8   0x0100abe8   0x00000044   Code   RO          959    i.appm_set_per_adv_data  5080_host.lib(app_ble_new.o)
    0x0100ac2c   0x0100ac2c   0x00000048   Code   RO          960    i.appm_set_scan_response_data  5080_host.lib(app_ble_new.o)
    0x0100ac74   0x0100ac74   0x0000002e   Code   RO          905    i.ascii_char2val    5080_host.lib(sys_utils.o)
    0x0100aca2   0x0100aca2   0x00000048   Code   RO          906    i.ascii_strn2val    5080_host.lib(sys_utils.o)
    0x0100acea   0x0100acea   0x0000021a   Code   RO         1697    i.attm_svc_create_db_ext  5080_host.lib(gatt_api.o)
    0x0100af04   0x0100af04   0x00000108   Code   RO          454    i.audio_codec_buildin_sbc_imp  5080_host.lib(audio_codec_new.o)
    0x0100b00c   0x0100b00c   0x0000011c   Code   RO          455    i.audio_codec_clear_state_imp  5080_host.lib(audio_codec_new.o)
    0x0100b128   0x0100b128   0x00000032   Code   RO          458    i.audio_codec_mic_loop_handler_imp  5080_host.lib(audio_codec_new.o)
    0x0100b15a   0x0100b15a   0x0000003e   Code   RO          459    i.audio_codec_mic_only_handler_imp  5080_host.lib(audio_codec_new.o)
    0x0100b198   0x0100b198   0x0000003e   Code   RO          460    i.audio_codec_native_playback_handler_imp  5080_host.lib(audio_codec_new.o)
    0x0100b1d6   0x0100b1d6   0x00000002   PAD
    0x0100b1d8   0x0100b1d8   0x00000080   Code   RO          461    i.audio_codec_off_handler_imp  5080_host.lib(audio_codec_new.o)
    0x0100b258   0x0100b258   0x00000070   Code   RO          462    i.audio_codec_sbc_handler_imp  5080_host.lib(audio_codec_new.o)
    0x0100b2c8   0x0100b2c8   0x00000064   Code   RO          463    i.audio_codec_sco_handler_imp  5080_host.lib(audio_codec_new.o)
    0x0100b32c   0x0100b32c   0x000000ec   Code   RO          464    i.audio_codec_tone_handler_imp  5080_host.lib(audio_codec_new.o)
    0x0100b418   0x0100b418   0x00000092   Code   RO          592    i.avctp_callback_imp  5080_host.lib(app_bt_new.o)
    0x0100b4aa   0x0100b4aa   0x00000002   PAD
    0x0100b4ac   0x0100b4ac   0x000001f4   Code   RO          593    i.avdev_callback_imp  5080_host.lib(app_bt_new.o)
    0x0100b6a0   0x0100b6a0   0x0000019c   Code   RO          594    i.avrcp_callback_imp  5080_host.lib(app_bt_new.o)
    0x0100b83c   0x0100b83c   0x0000002a   Code   RO          714    i.avrcp_ct_get_media_info  5080_host.lib(avrcp_api.o)
    0x0100b866   0x0100b866   0x0000000c   Code   RO          718    i.avrcp_disconnect  5080_host.lib(avrcp_api.o)
    0x0100b872   0x0100b872   0x00000014   Code   RO          719    i.avrcp_set_panel_key  5080_host.lib(avrcp_api.o)
    0x0100b886   0x0100b886   0x0000002a   Code   RO          720    i.avrcp_tg_set_absolute_volume  5080_host.lib(avrcp_api.o)
    0x0100b8b0   0x0100b8b0   0x00000040   Code   RO          962    i.ble_add_svc       5080_host.lib(app_ble_new.o)
    0x0100b8f0   0x0100b8f0   0x0000008c   Code   RO         1662    i.ble_bond_addr_resolve_cb  5080_host.lib(user_bond_manage.o)
    0x0100b97c   0x0100b97c   0x00000120   Code   RO         1663    i.ble_bond_check    5080_host.lib(user_bond_manage.o)
    0x0100ba9c   0x0100ba9c   0x00000046   Code   RO          965    i.ble_gap_set_dev_config  5080_host.lib(app_ble_new.o)
    0x0100bae2   0x0100bae2   0x00000002   PAD
    0x0100bae4   0x0100bae4   0x00000030   Code   RO         1617    i.ble_sec_check_ediv_rand  5080_host.lib(app_sec.o)
    0x0100bb14   0x0100bb14   0x0000000c   Code   RO         1618    i.ble_sec_get_bond_status  5080_host.lib(app_sec.o)
    0x0100bb20   0x0100bb20   0x0000006c   Code   RO         1619    i.ble_sec_init      5080_host.lib(app_sec.o)
    0x0100bb8c   0x0100bb8c   0x00000046   Code   RO         1621    i.ble_sec_resolve_address  5080_host.lib(app_sec.o)
    0x0100bbd2   0x0100bbd2   0x00000002   PAD
    0x0100bbd4   0x0100bbd4   0x00000010   Code   RO          966    i.ble_set_evt_func  5080_host.lib(app_ble_new.o)
    0x0100bbe4   0x0100bbe4   0x00000008   Code   RO          649    i.bt_cancel_inquiry  5080_host.lib(bt_api.o)
    0x0100bbec   0x0100bbec   0x00000094   Code   RO          529    i.bt_dev0_enter_sniff_handler  5080_host.lib(patch.o)
    0x0100bc80   0x0100bc80   0x0000000c   Code   RO          753    i.bt_get_a2dp_type  5080_host.lib(a2dp_api.o)
    0x0100bc8c   0x0100bc8c   0x00000008   Code   RO          653    i.bt_get_current_mode  5080_host.lib(bt_api.o)
    0x0100bc94   0x0100bc94   0x00000034   Code   RO          655    i.bt_get_last_device  5080_host.lib(bt_api.o)
    0x0100bcc8   0x0100bcc8   0x00000034   Code   RO          887    i.bt_notify_error_func  5080_host.lib(rf_patch.o)
    0x0100bcfc   0x0100bcfc   0x00000002   Code   RO          659    i.bt_notify_name_func  5080_host.lib(bt_api.o)
    0x0100bcfe   0x0100bcfe   0x00000002   PAD
    0x0100bd00   0x0100bd00   0x00000320   Code   RO          599    i.bt_set_a2dp_type  5080_host.lib(app_bt_new.o)
    0x0100c020   0x0100c020   0x00000010   Code   RO          667    i.bt_set_accessible_mode_nc  5080_host.lib(bt_api.o)
    0x0100c030   0x0100c030   0x00000018   Code   RO          668    i.bt_start_inquiry  5080_host.lib(bt_api.o)
    0x0100c048   0x0100c048   0x00000010   Code   RO          669    i.bt_start_sniff    5080_host.lib(bt_api.o)
    0x0100c058   0x0100c058   0x00000006   Code   RO          602    i.bt_user_confirm_func  5080_host.lib(app_bt_new.o)
    0x0100c05e   0x0100c05e   0x00000002   PAD
    0x0100c060   0x0100c060   0x0000002c   Code   RO          470    i.cdc_isr_imp       5080_host.lib(audio_codec_new.o)
    0x0100c08c   0x0100c08c   0x0000004c   Code   RO         1967    i.check_timer_handle  5080_host.lib(os_timer.o)
    0x0100c0d8   0x0100c0d8   0x00000002   Code   RO          471    i.codec_aac_reg_config  5080_host.lib(audio_codec_new.o)
    0x0100c0da   0x0100c0da   0x00000002   Code   RO          472    i.codec_audio_reg_config  5080_host.lib(audio_codec_new.o)
    0x0100c0dc   0x0100c0dc   0x00000002   Code   RO          474    i.codec_init_reg_config  5080_host.lib(audio_codec_new.o)
    0x0100c0de   0x0100c0de   0x00000002   Code   RO          475    i.codec_mic_loop_reg_config  5080_host.lib(audio_codec_new.o)
    0x0100c0e0   0x0100c0e0   0x00000002   Code   RO          476    i.codec_mic_only_reg_config  5080_host.lib(audio_codec_new.o)
    0x0100c0e2   0x0100c0e2   0x00000002   Code   RO          477    i.codec_native_playback_reg_config  5080_host.lib(audio_codec_new.o)
    0x0100c0e4   0x0100c0e4   0x00000002   Code   RO          478    i.codec_off_reg_config  5080_host.lib(audio_codec_new.o)
    0x0100c0e6   0x0100c0e6   0x00000002   Code   RO          479    i.codec_sbc_reg_config  5080_host.lib(audio_codec_new.o)
    0x0100c0e8   0x0100c0e8   0x00000006   Code   RO          480    i.codec_tone_reg_config  5080_host.lib(audio_codec_new.o)
    0x0100c0ee   0x0100c0ee   0x00000002   PAD
    0x0100c0f0   0x0100c0f0   0x0000002c   Code   RO          850    i.from_task_func_to_msg_handle  5080_host.lib(os_task.o)
    0x0100c11c   0x0100c11c   0x00000036   Code   RO         1109    i.gap_disconnect_req  5080_host.lib(gap_api.o)
    0x0100c152   0x0100c152   0x00000002   PAD
    0x0100c154   0x0100c154   0x0000000c   Code   RO         1111    i.gap_get_connect_status  5080_host.lib(gap_api.o)
    0x0100c160   0x0100c160   0x0000000c   Code   RO         1112    i.gap_get_dev_appearance  5080_host.lib(gap_api.o)
    0x0100c16c   0x0100c16c   0x0000001c   Code   RO         1113    i.gap_get_dev_name  5080_host.lib(gap_api.o)
    0x0100c188   0x0100c188   0x000000a0   Code   RO         1628    i.gap_paring_req_cb  5080_host.lib(app_sec.o)
    0x0100c228   0x0100c228   0x00000068   Code   RO         1132    i.gap_start_advertising  5080_host.lib(gap_api.o)
    0x0100c290   0x0100c290   0x00000060   Code   RO         1136    i.gap_stop_advertising  5080_host.lib(gap_api.o)
    0x0100c2f0   0x0100c2f0   0x000000f8   Code   RO         1629    i.gapc_bond_ind_handler  5080_host.lib(app_sec.o)
    0x0100c3e8   0x0100c3e8   0x000001bc   Code   RO         1630    i.gapc_bond_req_ind_handler  5080_host.lib(app_sec.o)
    0x0100c5a4   0x0100c5a4   0x0000008c   Code   RO         1492    i.gapc_cmp_evt_handler  5080_host.lib(app_ble_task_new.o)
    0x0100c630   0x0100c630   0x000000d4   Code   RO         1493    i.gapc_connection_req_ind_handler  5080_host.lib(app_ble_task_new.o)
    0x0100c704   0x0100c704   0x00000038   Code   RO         1494    i.gapc_disconnect_ind_handler  5080_host.lib(app_ble_task_new.o)
    0x0100c73c   0x0100c73c   0x00000038   Code   RO         1631    i.gapc_encrypt_ind_handler  5080_host.lib(app_sec.o)
    0x0100c774   0x0100c774   0x00000054   Code   RO         1632    i.gapc_encrypt_req_ind_handler  5080_host.lib(app_sec.o)
    0x0100c7c8   0x0100c7c8   0x00000098   Code   RO         1495    i.gapc_get_dev_info_req_ind_handler  5080_host.lib(app_ble_task_new.o)
    0x0100c860   0x0100c860   0x0000003c   Code   RO          530    i.gapc_hci_handler_imp  5080_host.lib(patch.o)
    0x0100c89c   0x0100c89c   0x0000004c   Code   RO         1496    i.gapc_param_update_req_ind_handler  5080_host.lib(app_ble_task_new.o)
    0x0100c8e8   0x0100c8e8   0x0000001c   Code   RO         1497    i.gapc_peer_features_ind_handler  5080_host.lib(app_ble_task_new.o)
    0x0100c904   0x0100c904   0x0000003c   Code   RO         1498    i.gapc_peer_ver_ind_handler  5080_host.lib(app_ble_task_new.o)
    0x0100c940   0x0100c940   0x00000038   Code   RO         1633    i.gapc_security_ind_handler  5080_host.lib(app_sec.o)
    0x0100c978   0x0100c978   0x00000030   Code   RO         1499    i.gapc_set_dev_info_req_ind_handler  5080_host.lib(app_ble_task_new.o)
    0x0100c9a8   0x0100c9a8   0x0000003c   Code   RO         1500    i.gapm_activity_created_ind_handler  5080_host.lib(app_ble_task_new.o)
    0x0100c9e4   0x0100c9e4   0x00000084   Code   RO         1501    i.gapm_activity_stopped_ind_handler  5080_host.lib(app_ble_task_new.o)
    0x0100ca68   0x0100ca68   0x0000001e   Code   RO         1502    i.gapm_addr_solved_ind_handler  5080_host.lib(app_ble_task_new.o)
    0x0100ca86   0x0100ca86   0x00000002   PAD
    0x0100ca88   0x0100ca88   0x0000018c   Code   RO         1503    i.gapm_cmp_evt_handler  5080_host.lib(app_ble_task_new.o)
    0x0100cc14   0x0100cc14   0x00000024   Code   RO         1504    i.gapm_enc_block_ind_handler  5080_host.lib(app_ble_task_new.o)
    0x0100cc38   0x0100cc38   0x00000018   Code   RO         1505    i.gapm_ext_adv_report_ind_handler  5080_host.lib(app_ble_task_new.o)
    0x0100cc50   0x0100cc50   0x0000003c   Code   RO         1506    i.gapm_gen_rand_nb_ind_handler  5080_host.lib(app_ble_task_new.o)
    0x0100cc8c   0x0100cc8c   0x0000002a   Code   RO         1507    i.gapm_profile_added_ind_handler  5080_host.lib(app_ble_task_new.o)
    0x0100ccb6   0x0100ccb6   0x00000008   Code   RO         1508    i.gapm_sync_established_ind_handler  5080_host.lib(app_ble_task_new.o)
    0x0100ccbe   0x0100ccbe   0x00000002   PAD
    0x0100ccc0   0x0100ccc0   0x00000060   Code   RO         1703    i.gatt_clear_remote_svc  5080_host.lib(gatt_api.o)
    0x0100cd20   0x0100cd20   0x00000078   Code   RO         1708    i.gatt_clr_peer_svc  5080_host.lib(gatt_api.o)
    0x0100cd98   0x0100cd98   0x00000044   Code   RO         1712    i.gatt_get_desc_hdl_from_peer_db  5080_host.lib(gatt_api.o)
    0x0100cddc   0x0100cddc   0x00000048   Code   RO         1714    i.gatt_get_hdl_from_peer_db  5080_host.lib(gatt_api.o)
    0x0100ce24   0x0100ce24   0x0000000e   Code   RO         1719    i.gatt_msg_default_handler  5080_host.lib(gatt_api.o)
    0x0100ce32   0x0100ce32   0x00000002   PAD
    0x0100ce34   0x0100ce34   0x0000065c   Code   RO         1720    i.gatt_msg_default_handler_imp  5080_host.lib(gatt_api.o)
    0x0100d490   0x0100d490   0x000000a4   Code   RO         1725    i.gatt_regist_peer_prf_info  5080_host.lib(gatt_api.o)
    0x0100d534   0x0100d534   0x00000068   Code   RO         1727    i.gatt_service_connection_cleanup  5080_host.lib(gatt_api.o)
    0x0100d59c   0x0100d59c   0x00000070   Code   RO         1728    i.gatt_service_connection_created  5080_host.lib(gatt_api.o)
    0x0100d60c   0x0100d60c   0x00000002   Code   RO         1729    i.gatt_service_destroy  5080_host.lib(gatt_api.o)
    0x0100d60e   0x0100d60e   0x00000002   PAD
    0x0100d610   0x0100d610   0x000003f8   Code   RO         1730    i.gatt_service_init  5080_host.lib(gatt_api.o)
    0x0100da08   0x0100da08   0x00000190   Code   RO         1731    i.gatt_store_peer_prf_info  5080_host.lib(gatt_api.o)
    0x0100db98   0x0100db98   0x00000002   Code   RO         1674    i.gatt_write_peer_svc_to_flash  5080_host.lib(user_bond_manage.o)
    0x0100db9a   0x0100db9a   0x00000008   Code   RO         1509    i.gattc_event_ind_handler  5080_host.lib(app_ble_task_new.o)
    0x0100dba2   0x0100dba2   0x00000002   PAD
    0x0100dba4   0x0100dba4   0x00000040   Code   RO         1733    i.get_active_service_id  5080_host.lib(gatt_api.o)
    0x0100dbe4   0x0100dbe4   0x00000008   Code   RO         1734    i.get_gatt_default_itf  5080_host.lib(gatt_api.o)
    0x0100dbec   0x0100dbec   0x00000028   Code   RO         1582    i.get_stored_info_req  5080_host.lib(app_proj_event.o)
    0x0100dc14   0x0100dc14   0x0000000c   Code   RO          603    i.get_tone_support  5080_host.lib(app_bt_new.o)
    0x0100dc20   0x0100dc20   0x00000060   Code   RO          532    i.hci_acl_data_handler_imp  5080_host.lib(patch.o)
    0x0100dc80   0x0100dc80   0x0000009c   Code   RO          533    i.hci_disc_cmp_evt_handler_imp  5080_host.lib(patch.o)
    0x0100dd1c   0x0100dd1c   0x0000005e   Code   RO          534    i.hci_event_handler_imp  5080_host.lib(patch.o)
    0x0100dd7a   0x0100dd7a   0x00000040   Code   RO          535    i.hci_host_tx_cmd_handler_imp  5080_host.lib(patch.o)
    0x0100ddba   0x0100ddba   0x00000002   PAD
    0x0100ddbc   0x0100ddbc   0x00000050   Code   RO         1387    i.hci_host_tx_data_handler_imp  5080_host.lib(protocol_patch.o)
    0x0100de0c   0x0100de0c   0x00000058   Code   RO          536    i.hci_nb_cmp_pkts_evt_handler  5080_host.lib(patch.o)
    0x0100de64   0x0100de64   0x00000020   Code   RO         1388    i.hci_rfcomm_close_to_handler  5080_host.lib(protocol_patch.o)
    0x0100de84   0x0100de84   0x00000018   Code   RO         1389    i.hci_rfcomm_open_to_handler  5080_host.lib(protocol_patch.o)
    0x0100de9c   0x0100de9c   0x00000514   Code   RO         1390    i.hci_stack_tx_data_dispatch_imp  5080_host.lib(protocol_patch.o)
    0x0100e3b0   0x0100e3b0   0x0000014c   Code   RO         1391    i.hfHandleNegotiateComplete_imp  5080_host.lib(protocol_patch.o)
    0x0100e4fc   0x0100e4fc   0x0000003a   Code   RO         1392    i.hfHandleNegotiateIndFail  5080_host.lib(protocol_patch.o)
    0x0100e536   0x0100e536   0x0000002a   Code   RO          771    i.hf_answer_call    5080_host.lib(hf_api.o)
    0x0100e560   0x0100e560   0x00000238   Code   RO          604    i.hf_callback_imp   5080_host.lib(app_bt_new.o)
    0x0100e798   0x0100e798   0x00000034   Code   RO          773    i.hf_connect        5080_host.lib(hf_api.o)
    0x0100e7cc   0x0100e7cc   0x0000000c   Code   RO          777    i.hf_disconnect     5080_host.lib(hf_api.o)
    0x0100e7d8   0x0100e7d8   0x0000000c   Code   RO          778    i.hf_disconnect_audio_link  5080_host.lib(hf_api.o)
    0x0100e7e4   0x0100e7e4   0x00000032   Code   RO          781    i.hf_enable_voice_recognition  5080_host.lib(hf_api.o)
    0x0100e816   0x0100e816   0x0000002a   Code   RO          785    i.hf_hang_up        5080_host.lib(hf_api.o)
    0x0100e840   0x0100e840   0x0000002a   Code   RO          793    i.hf_redial         5080_host.lib(hf_api.o)
    0x0100e86a   0x0100e86a   0x00000032   Code   RO          795    i.hf_report_speaker_volume  5080_host.lib(hf_api.o)
    0x0100e89c   0x0100e89c   0x00000070   Code   RO          605    i.hid_callback_imp  5080_host.lib(app_bt_new.o)
    0x0100e90c   0x0100e90c   0x0000000c   Code   RO         1393    i.is_ble_conn_latency_enabled  5080_host.lib(protocol_patch.o)
    0x0100e918   0x0100e918   0x00000284   Code   RO          537    i.ke_handler_search_get_imp  5080_host.lib(patch.o)
    0x0100eb9c   0x0100eb9c   0x000000a0   Code   RO         1394    i.lc_lmp_rx_handler_imp  5080_host.lib(protocol_patch.o)
    0x0100ec3c   0x0100ec3c   0x00000090   Code   RO         1395    i.lc_op_detach_ind_handler_imp  5080_host.lib(protocol_patch.o)
    0x0100eccc   0x0100eccc   0x00000032   Code   RO          538    i.lc_send_pdu_vers_req_imp  5080_host.lib(patch.o)
    0x0100ecfe   0x0100ecfe   0x00000002   PAD
    0x0100ed00   0x0100ed00   0x00000414   Code   RO         1396    i.lc_sniff_peer_request_imp  5080_host.lib(protocol_patch.o)
    0x0100f114   0x0100f114   0x0000002c   Code   RO          539    i.lc_version_imp    5080_host.lib(patch.o)
    0x0100f140   0x0100f140   0x00000040   Code   RO          540    i.ld_acl_rx_sync_end_imp  5080_host.lib(patch.o)
    0x0100f180   0x0100f180   0x00000340   Code   RO         1398    i.ld_acl_start_imp  5080_host.lib(protocol_patch.o)
    0x0100f4c0   0x0100f4c0   0x00000034   Code   RO         1400    i.llc_ll_length_rsp_pdu_send_imp  5080_host.lib(protocol_patch.o)
    0x0100f4f4   0x0100f4f4   0x000000e8   Code   RO         1401    i.llc_rem_dl_upd_proc_imp  5080_host.lib(protocol_patch.o)
    0x0100f5dc   0x0100f5dc   0x0000049c   Code   RO         1402    i.lld_con_sched_imp  5080_host.lib(protocol_patch.o)
    0x0100fa78   0x0100fa78   0x000000ac   Code   RO         1403    i.lm_get_sync_offset_imp  5080_host.lib(protocol_patch.o)
    0x0100fb24   0x0100fb24   0x000000fc   Code   RO         1404    i.lmp_name_res_handler_imp  5080_host.lib(protocol_patch.o)
    0x0100fc20   0x0100fc20   0x00000174   Code   RO         1405    i.lmp_reats_res_ext_handler_imp  5080_host.lib(protocol_patch.o)
    0x0100fd94   0x0100fd94   0x000000e4   Code   RO         1406    i.lmp_set_afh_handler_imp  5080_host.lib(protocol_patch.o)
    0x0100fe78   0x0100fe78   0x000000a0   Code   RO         1407    i.lmp_sniff_req_handler_imp  5080_host.lib(protocol_patch.o)
    0x0100ff18   0x0100ff18   0x0000008c   Code   RO         1408    i.lmp_ver_req_handler_imp  5080_host.lib(protocol_patch.o)
    0x0100ffa4   0x0100ffa4   0x00000180   Code   RO          606    i.me_callback_imp   5080_host.lib(app_bt_new.o)
    0x01010124   0x01010124   0x0000003a   Code   RO          853    i.os_build_task_desc  5080_host.lib(os_task.o)
    0x0101015e   0x0101015e   0x00000002   PAD
    0x01010160   0x01010160   0x00000044   Code   RO          854    i.os_default_task_func  5080_host.lib(os_task.o)
    0x010101a4   0x010101a4   0x0000000c   Code   RO          835    i.os_free           5080_host.lib(os_mem.o)
    0x010101b0   0x010101b0   0x00000020   Code   RO          856    i.os_get_free_task_type  5080_host.lib(os_task.o)
    0x010101d0   0x010101d0   0x0000006c   Code   RO          843    i.os_msg_post       5080_host.lib(os_msg_q.o)
    0x0101023c   0x0101023c   0x0000001a   Code   RO          857    i.os_task_create    5080_host.lib(os_task.o)
    0x01010256   0x01010256   0x00000002   PAD
    0x01010258   0x01010258   0x00000060   Code   RO          858    i.os_task_create_x  5080_host.lib(os_task.o)
    0x010102b8   0x010102b8   0x0000001c   Code   RO          837    i.os_zalloc         5080_host.lib(os_mem.o)
    0x010102d4   0x010102d4   0x00000468   Code   RO          877    i.pmu_init_imp      5080_host.lib(pmu_patch.o)
    0x0101073c   0x0101073c   0x0000025a   Code   RO         1735    i.prf_extract_svc_info_uuid_128  5080_host.lib(gatt_api.o)
    0x01010996   0x01010996   0x00000026   Code   RO         1409    i.prf_itf_get_imp   5080_host.lib(protocol_patch.o)
    0x010109bc   0x010109bc   0x0000003c   Code   RO          676    i.pskeys_update_app_data  5080_host.lib(bt_api.o)
    0x010109f8   0x010109f8   0x00000006   Code   RO          541    i.rwip_param_dummy_del  5080_host.lib(patch.o)
    0x010109fe   0x010109fe   0x00000002   PAD
    0x01010a00   0x01010a00   0x00000040   Code   RO          542    i.rwip_param_dummy_get  5080_host.lib(patch.o)
    0x01010a40   0x01010a40   0x00000006   Code   RO          543    i.rwip_param_dummy_set  5080_host.lib(patch.o)
    0x01010a46   0x01010a46   0x00000002   PAD
    0x01010a48   0x01010a48   0x00000064   Code   RO          607    i.security_event_handler_imp  5080_host.lib(app_bt_new.o)
    0x01010aac   0x01010aac   0x00000058   Code   RO          610    i.spp_callback_imp  5080_host.lib(app_bt_new.o)
    0x01010b04   0x01010b04   0x0000002c   Code   RO         1410    i.spp_register_imp  5080_host.lib(protocol_patch.o)
    0x01010b30   0x01010b30   0x00000040   Code   RO         1411    i.spp_rfcomm_callback_imp  5080_host.lib(protocol_patch.o)
    0x01010b70   0x01010b70   0x0000003c   Code   RO          829    i.spp_send_data     5080_host.lib(spp_api.o)
    0x01010bac   0x01010bac   0x0000002c   Code   RO          915    i.system_sleep_disable  5080_host.lib(sys_utils.o)
    0x01010bd8   0x01010bd8   0x00000014   Code   RO          545    i.user_app_bt_profile_init_end  5080_host.lib(patch.o)
    0x01010bec   0x01010bec   0x00000060   Data   RO          549    .constdata          5080_host.lib(patch.o)
    0x01010c4c   0x01010c4c   0x0000000a   Data   RO          612    .constdata          5080_host.lib(app_bt_new.o)
    0x01010c56   0x01010c56   0x00000002   PAD
    0x01010c58   0x01010c58   0x00000008   Data   RO          968    .constdata          5080_host.lib(app_ble_new.o)
    0x01010c60   0x01010c60   0x000000b9   Data   RO         1002    .constdata          5080_host.lib(a2dp_sdp_new.o)
    0x01010d19   0x01010d19   0x00000003   PAD
    0x01010d1c   0x01010d1c   0x00000228   Data   RO         1080    .constdata          5080_host.lib(hid_app.o)
    0x01010f44   0x01010f44   0x00000020   Data   RO         1337    .constdata          5080_host.lib(pbap.o)
    0x01010f64   0x01010f64   0x00000008   Data   RO         1413    .constdata          5080_host.lib(protocol_patch.o)
    0x01010f6c   0x01010f6c   0x00000010   Data   RO         1479    .constdata          5080_host.lib(driver_flash.o)
    0x01010f7c   0x01010f7c   0x000000c1   Data   RO         1510    .constdata          5080_host.lib(app_ble_task_new.o)
    0x0101103d   0x0101103d   0x00000003   PAD
    0x01011040   0x01011040   0x00000038   Data   RO         1635    .constdata          5080_host.lib(app_sec.o)
    0x01011078   0x01011078   0x00000030   Data   RO         1901    .constdata          5080_host.lib(obxalloc.o)
    0x010110a8   0x010110a8   0x00000023   Data   RO         1922    .constdata          5080_host.lib(obxbtstk.o)
    0x010110cb   0x010110cb   0x00000001   PAD
    0x010110cc   0x010110cc   0x0000008c   Data   RO         1943    .constdata          5080_host.lib(pbap_sdp.o)
    0x01011158   0x01011158   0x0000000f   Data   RO           41    .rodata.str1.1      app_at.o
    0x01011167   0x01011167   0x0000009b   Data   RO          107    .rodata.str1.1      hardfault.o
    0x01011202   0x01011202   0x0000000b   Data   RO          169    .rodata.str1.1      driver_pmu.o


    Execution Region ER_BOOT (Exec base: 0x20000000, Load base: 0x01011210, Size: 0x000000c0, Max: 0xffffffff, ABSOLUTE)

    Exec Addr    Load Addr    Size         Type   Attr      Idx    E Section Name        Object

    0x20000000   0x01011210   0x000000c0   Data   RO           97    RESET               app_boot_vectors.o


    Execution Region TIME_SEC (Exec base: 0x20004fe0, Load base: 0x010140b4, Size: 0x0000000c, Max: 0xffffffff, ABSOLUTE)

    Exec Addr    Load Addr    Size         Type   Attr      Idx    E Section Name        Object

    0x20004fe0   0x010140b4   0x00000009   Data   RO           19    compile_time_sec    proj_main.o


    Execution Region DATE_SEC (Exec base: 0x20004ff0, Load base: 0x010140c0, Size: 0x0000000c, Max: 0xffffffff, ABSOLUTE)

    Exec Addr    Load Addr    Size         Type   Attr      Idx    E Section Name        Object

    0x20004ff0   0x010140c0   0x0000000c   Data   RO           18    compile_date_sec    proj_main.o


    Execution Region ER_RE_RAM (Exec base: 0x20005000, Load base: 0x010112d0, Size: 0x00002b98, Max: 0xffffffff, ABSOLUTE)

    Exec Addr    Load Addr    Size         Type   Attr      Idx    E Section Name        Object

    0x20005000   0x010112d0   0x0000000a   Ven    RO         2077    Veneer$$Code        anon$$obj.o
    0x2000500a   0x010112da   0x0000000a   Ven    RO         2078    Veneer$$Code        anon$$obj.o
    0x20005014   0x010112e4   0x0000000a   Ven    RO         2079    Veneer$$Code        anon$$obj.o
    0x2000501e   0x010112ee   0x0000000a   Ven    RO         2080    Veneer$$Code        anon$$obj.o
    0x20005028   0x010112f8   0x0000000a   Ven    RO         2081    Veneer$$Code        anon$$obj.o
    0x20005032   0x01011302   0x0000000a   Ven    RO         2082    Veneer$$Code        anon$$obj.o
    0x2000503c   0x0101130c   0x0000000a   Ven    RO         2083    Veneer$$Code        anon$$obj.o
    0x20005046   0x01011316   0x0000000a   Ven    RO         2084    Veneer$$Code        anon$$obj.o
    0x20005050   0x01011320   0x0000000a   Ven    RO         2085    Veneer$$Code        anon$$obj.o
    0x2000505a   0x0101132a   0x0000000a   Ven    RO         2086    Veneer$$Code        anon$$obj.o
    0x20005064   0x01011334   0x0000000a   Ven    RO         2087    Veneer$$Code        anon$$obj.o
    0x2000506e   0x0101133e   0x0000000a   Ven    RO         2088    Veneer$$Code        anon$$obj.o
    0x20005078   0x01011348   0x0000000a   Ven    RO         2089    Veneer$$Code        anon$$obj.o
    0x20005082   0x01011352   0x0000000a   Ven    RO         2090    Veneer$$Code        anon$$obj.o
    0x2000508c   0x0101135c   0x0000000a   Ven    RO         2091    Veneer$$Code        anon$$obj.o
    0x20005096   0x01011366   0x0000000a   Ven    RO         2092    Veneer$$Code        anon$$obj.o
    0x200050a0   0x01011370   0x0000000a   Ven    RO         2093    Veneer$$Code        anon$$obj.o
    0x200050aa   0x0101137a   0x0000000a   Ven    RO         2094    Veneer$$Code        anon$$obj.o
    0x200050b4   0x01011384   0x0000000a   Ven    RO         2095    Veneer$$Code        anon$$obj.o
    0x200050be   0x0101138e   0x0000000a   Ven    RO         2096    Veneer$$Code        anon$$obj.o
    0x200050c8   0x01011398   0x0000000a   Ven    RO         2097    Veneer$$Code        anon$$obj.o
    0x200050d2   0x010113a2   0x0000000a   Ven    RO         2098    Veneer$$Code        anon$$obj.o
    0x200050dc   0x010113ac   0x0000000a   Ven    RO         2099    Veneer$$Code        anon$$obj.o
    0x200050e6   0x010113b6   0x0000000a   Ven    RO         2100    Veneer$$Code        anon$$obj.o
    0x200050f0   0x010113c0   0x0000000a   Ven    RO         2101    Veneer$$Code        anon$$obj.o
    0x200050fa   0x010113ca   0x0000000a   Ven    RO         2102    Veneer$$Code        anon$$obj.o
    0x20005104   0x010113d4   0x0000000a   Ven    RO         2103    Veneer$$Code        anon$$obj.o
    0x2000510e   0x010113de   0x0000000a   Ven    RO         2104    Veneer$$Code        anon$$obj.o
    0x20005118   0x010113e8   0x0000000a   Ven    RO         2105    Veneer$$Code        anon$$obj.o
    0x20005122   0x010113f2   0x0000000a   Ven    RO         2106    Veneer$$Code        anon$$obj.o
    0x2000512c   0x010113fc   0x0000000a   Ven    RO         2107    Veneer$$Code        anon$$obj.o
    0x20005136   0x01011406   0x0000000a   Ven    RO         2108    Veneer$$Code        anon$$obj.o
    0x20005140   0x01011410   0x0000000a   Ven    RO         2109    Veneer$$Code        anon$$obj.o
    0x2000514a   0x0101141a   0x0000000a   Ven    RO         2110    Veneer$$Code        anon$$obj.o
    0x20005154   0x01011424   0x0000000a   Ven    RO         2111    Veneer$$Code        anon$$obj.o
    0x2000515e   0x0101142e   0x0000000a   Ven    RO         2112    Veneer$$Code        anon$$obj.o
    0x20005168   0x01011438   0x0000000a   Ven    RO         2113    Veneer$$Code        anon$$obj.o
    0x20005172   0x01011442   0x0000000a   Ven    RO         2114    Veneer$$Code        anon$$obj.o
    0x2000517c   0x0101144c   0x0000000a   Ven    RO         2115    Veneer$$Code        anon$$obj.o
    0x20005186   0x01011456   0x0000000a   Ven    RO         2116    Veneer$$Code        anon$$obj.o
    0x20005190   0x01011460   0x0000000a   Ven    RO         2117    Veneer$$Code        anon$$obj.o
    0x2000519a   0x0101146a   0x0000000a   Ven    RO         2118    Veneer$$Code        anon$$obj.o
    0x200051a4   0x01011474   0x0000000a   Ven    RO         2119    Veneer$$Code        anon$$obj.o
    0x200051ae   0x0101147e   0x0000000a   Ven    RO         2120    Veneer$$Code        anon$$obj.o
    0x200051b8   0x01011488   0x0000000a   Ven    RO         2121    Veneer$$Code        anon$$obj.o
    0x200051c2   0x01011492   0x0000000a   Ven    RO         2122    Veneer$$Code        anon$$obj.o
    0x200051cc   0x0101149c   0x0000000a   Ven    RO         2123    Veneer$$Code        anon$$obj.o
    0x200051d6   0x010114a6   0x0000000a   Ven    RO         2124    Veneer$$Code        anon$$obj.o
    0x200051e0   0x010114b0   0x0000000a   Ven    RO         2125    Veneer$$Code        anon$$obj.o
    0x200051ea   0x010114ba   0x0000000a   Ven    RO         2126    Veneer$$Code        anon$$obj.o
    0x200051f4   0x010114c4   0x0000000a   Ven    RO         2127    Veneer$$Code        anon$$obj.o
    0x200051fe   0x010114ce   0x0000000a   Ven    RO         2128    Veneer$$Code        anon$$obj.o
    0x20005208   0x010114d8   0x0000000a   Ven    RO         2129    Veneer$$Code        anon$$obj.o
    0x20005212   0x010114e2   0x0000000a   Ven    RO         2130    Veneer$$Code        anon$$obj.o
    0x2000521c   0x010114ec   0x0000000a   Ven    RO         2131    Veneer$$Code        anon$$obj.o
    0x20005226   0x010114f6   0x0000000a   Ven    RO         2132    Veneer$$Code        anon$$obj.o
    0x20005230   0x01011500   0x0000000a   Ven    RO         2133    Veneer$$Code        anon$$obj.o
    0x2000523a   0x0101150a   0x0000000a   Ven    RO         2134    Veneer$$Code        anon$$obj.o
    0x20005244   0x01011514   0x0000000a   Ven    RO         2135    Veneer$$Code        anon$$obj.o
    0x2000524e   0x0101151e   0x0000000a   Ven    RO         2136    Veneer$$Code        anon$$obj.o
    0x20005258   0x01011528   0x0000000a   Ven    RO         2137    Veneer$$Code        anon$$obj.o
    0x20005262   0x01011532   0x0000000a   Ven    RO         2138    Veneer$$Code        anon$$obj.o
    0x2000526c   0x0101153c   0x0000000a   Ven    RO         2139    Veneer$$Code        anon$$obj.o
    0x20005276   0x01011546   0x0000000a   Ven    RO         2140    Veneer$$Code        anon$$obj.o
    0x20005280   0x01011550   0x0000000a   Ven    RO         2141    Veneer$$Code        anon$$obj.o
    0x2000528a   0x0101155a   0x00000038   Code   RO            8    ram_code            proj_main.o
    0x200052c2   0x01011592   0x00000002   PAD
    0x200052c4   0x01011594   0x0000012c   Code   RO           33    ram_code            app_at.o
    0x200053f0   0x010116c0   0x000000e4   Code   RO          127    ram_code            driver_pmu.o
    0x200054d4   0x010117a4   0x00000018   Code   RO          261    ram_code            driver_timer.o
    0x200054ec   0x010117bc   0x00000014   Code   RO          324    ram_code            driver_rtc.o
    0x20005500   0x010117d0   0x00000070   Code   RO          336    ram_code            driver_syscntl.o
    0x20005570   0x01011840   0x00000284   Code   RO          375    ram_code            driver_ipc.o
    0x200057f4   0x01011ac4   0x000002c8   Code   RO          483    ram_code            5080_host.lib(audio_codec_new.o)
    0x20005abc   0x01011d8c   0x000007ec   Code   RO          547    ram_code            5080_host.lib(patch.o)
    0x200062a8   0x01012578   0x000002f4   Code   RO          878    ram_code            5080_host.lib(pmu_patch.o)
    0x2000659c   0x0101286c   0x00000d20   Code   RO          891    ram_code            5080_host.lib(rf_patch.o)
    0x200072bc   0x0101358c   0x00000006   Code   RO          904    ram_code            5080_host.lib(sys_utils.o)
    0x200072c2   0x01013592   0x00000098   Code   RO          918    ram_code            5080_host.lib(sys_utils.o)
    0x2000735a   0x0101362a   0x00000002   PAD
    0x2000735c   0x0101362c   0x000000b4   Code   RO         1356    ram_code            5080_host.lib(fpb_patch.o)
    0x20007410   0x010136e0   0x000004a8   Code   RO         1412    ram_code            5080_host.lib(protocol_patch.o)
    0x200078b8   0x01013b88   0x000002e0   Code   RO         1478    ram_code            5080_host.lib(driver_flash.o)


    Execution Region ER_RW (Exec base: 0x20007bc0, Load base: 0x01013e80, Size: 0x00000234, Max: 0xffffffff, ABSOLUTE)

    Exec Addr    Load Addr    Size         Type   Attr      Idx    E Section Name        Object

    0x20007bc0   0x01013e80   0x0000001a   Data   RW          484    .data               5080_host.lib(audio_codec_new.o)
    0x20007bda   0x01013e9a   0x00000002   PAD
    0x20007bdc   0x01013e9c   0x00000011   Data   RW          550    .data               5080_host.lib(patch.o)
    0x20007bed   0x01013ead   0x00000003   PAD
    0x20007bf0   0x01013eb0   0x00000034   Data   RW          613    .data               5080_host.lib(app_bt_new.o)
    0x20007c24   0x01013ee4   0x00000006   Data   RW          677    .data               5080_host.lib(bt_api.o)
    0x20007c2a   0x01013eea   0x00000002   PAD
    0x20007c2c   0x01013eec   0x00000004   Data   RW          724    .data               5080_host.lib(avrcp_api.o)
    0x20007c30   0x01013ef0   0x00000008   Data   RW          754    .data               5080_host.lib(a2dp_api.o)
    0x20007c38   0x01013ef8   0x00000004   Data   RW          797    .data               5080_host.lib(hf_api.o)
    0x20007c3c   0x01013efc   0x00000004   Data   RW          830    .data               5080_host.lib(spp_api.o)
    0x20007c40   0x01013f00   0x00000004   Data   RW          861    .data               5080_host.lib(os_task.o)
    0x20007c44   0x01013f04   0x0000000d   Data   RW          892    .data               5080_host.lib(rf_patch.o)
    0x20007c51   0x01013f11   0x00000003   PAD
    0x20007c54   0x01013f14   0x00000004   Data   RW          919    .data               5080_host.lib(sys_utils.o)
    0x20007c58   0x01013f18   0x00000008   Data   RW          969    .data               5080_host.lib(app_ble_new.o)
    0x20007c60   0x01013f20   0x00000004   Data   RW         1045    .data               5080_host.lib(pbap_app.o)
    0x20007c64   0x01013f24   0x00000045   Data   RW         1081    .data               5080_host.lib(hid_app.o)
    0x20007ca9   0x01013f69   0x00000017   PAD
    0x20007cc0   0x01013f80   0x000000c0   Data   RW         1357    .data               5080_host.lib(fpb_patch.o)
    0x20007d80   0x01014040   0x0000000a   Data   RW         1414    .data               5080_host.lib(protocol_patch.o)
    0x20007d8a   0x0101404a   0x00000002   PAD
    0x20007d8c   0x0101404c   0x00000004   Data   RW         1469    .data               5080_host.lib(driver_button.o)
    0x20007d90   0x01014050   0x00000001   Data   RW         1511    .data               5080_host.lib(app_ble_task_new.o)
    0x20007d91   0x01014051   0x00000008   Data   RW         1546    .data               5080_host.lib(app_conn.o)
    0x20007d99   0x01014059   0x00000003   PAD
    0x20007d9c   0x0101405c   0x0000000c   Data   RW         1636    .data               5080_host.lib(app_sec.o)
    0x20007da8   0x01014068   0x0000001c   Data   RW         1676    .data               5080_host.lib(user_bond_manage.o)
    0x20007dc4   0x01014084   0x00000014   Data   RW         1738    .data               5080_host.lib(gatt_api.o)
    0x20007dd8   0x01014098   0x0000000c   Data   RW         1977    .data               5080_host.lib(os_timer.o)
    0x20007de4   0x010140a4   0x00000008   Data   RW          360    .data..L_MergedGlobals  driver_syscntl.o
    0x20007dec   0x010140ac   0x00000004   Data   RW          423    .data.pwm_ctrl      driver_pwm.o
    0x20007df0   0x010140b0   0x00000004   Data   RW           20    .data.user_bt_env   proj_main.o


    Execution Region ER_ZI (Exec base: 0x20007df4, Load base: 0x010140b4, Size: 0x00001660, Max: 0xffffffff, ABSOLUTE)

    Exec Addr    Load Addr    Size         Type   Attr      Idx    E Section Name        Object

    0x20007df4        -       0x0000000c   Zero   RW          548    .bss                5080_host.lib(patch.o)
    0x20007e00        -       0x000000d8   Zero   RW          611    .bss                5080_host.lib(app_bt_new.o)
    0x20007ed8        -       0x00000080   Zero   RW          967    .bss                5080_host.lib(app_ble_new.o)
    0x20007f58        -       0x0000011c   Zero   RW         1044    .bss                5080_host.lib(pbap_app.o)
    0x20008074        -       0x00000864   Zero   RW         1271    .bss                5080_host.lib(goep.o)
    0x200088d8        -       0x000002fc   Zero   RW         1336    .bss                5080_host.lib(pbap.o)
    0x20008bd4        -       0x00000036   Zero   RW         1634    .bss                5080_host.lib(app_sec.o)
    0x20008c0a   0x010140b4   0x00000002   PAD
    0x20008c0c        -       0x00000204   Zero   RW         1736    .bss                5080_host.lib(gatt_api.o)
    0x20008e10        -       0x00000610   Zero   RW         1900    .bss                5080_host.lib(obxalloc.o)
    0x20009420        -       0x00000023   Zero   RW           42    .bss..L_MergedGlobals  app_at.o
    0x20009443   0x010140b4   0x00000001   PAD
    0x20009444        -       0x00000002   Zero   RW           21    .bss.count          proj_main.o
    0x20009446   0x010140b4   0x00000002   PAD
    0x20009448        -       0x00000008   Zero   RW          405    .bss.ipc_msg_list   driver_ipc.o
    0x20009450        -       0x00000002   Zero   RW           55    .bss.user_task_id   user_task.o


==============================================================================

Image component sizes


      Code (inc. data)   RO Data    RW Data    ZI Data      Debug   Object Name

      1194        238         15          0         35       8181   app_at.o
        76          8        192          0          0        584   app_boot_vectors.o
       644         36          0          0          8       8863   driver_ipc.o
       264         56         11          0          0       7562   driver_pmu.o
        88          4          0          4          0       2627   driver_pwm.o
        20         12          0          0          0       1401   driver_rtc.o
       132         28          0          8          0       7567   driver_syscntl.o
        24          8          0          0          0        765   driver_timer.o
       344        204        155          0          0       1632   hardfault.o
       412        164         21          4          2       6883   proj_main.o
        78         28          0          0          0       1171   test_drivers.o
       538         72          0          0          0       4027   user_bt.o
        42          8          0          0          2       1169   user_task.o

    ----------------------------------------------------------------------
      5252        866        400         16         52      52432   Object Totals
      1390          0          0          0          0          0   (incl. Generated)
         6          0          6          0          5          0   (incl. Padding)

    ----------------------------------------------------------------------

      Code (inc. data)   RO Data    RW Data    ZI Data      Debug   Library Member Name

        94         10          0          8          0        380   a2dp_api.o
       720         64        185          0          0        248   a2dp_sdp_new.o
      2046        128          8          8        128       1720   app_ble_new.o
      1926        118        193          1          0       1852   app_ble_task_new.o
      5872        458         10         52        216       1568   app_bt_new.o
       144          6          0          8          0        160   app_conn.o
      1280        120          0          0          0       1956   app_proj_event.o
      1294         86         56         12         54        892   app_sec.o
      2104        102          0         26          0       1672   audio_codec_new.o
       418          0          0          4          0        504   avrcp_api.o
       186         26          0          6          0        596   bt_api.o
         0          0          0          4          0          0   driver_button.o
       736         40         16          0          0        300   driver_flash.o
       180         16          0        192          0        128   fpb_patch.o
       306         36          0          0          0        448   gap_api.o
      5008        206          0         20        516       1332   gatt_api.o
      3760         84          0          0       2148       1520   goep.o
       302          6          0          4          0        640   hf_api.o
       552         62        552         69          0        160   hid_app.o
      2630         56          0          0          0        916   obclient.o
       456          0          0          0          0        564   obheader.o
      1928         10          0          0          0        876   obparse.o
      2516         66          0          0          0        964   observer.o
      1198         74          0          0          0       1096   obstack.o
        80         36         48          0       1552        152   obxalloc.o
      1270         24         35          0          0        976   obxbtstk.o
        40          0          0          0          0        156   os_mem.o
       108         40          0          0          0         80   os_msg_q.o
       324         18          0          4          0        476   os_task.o
        76          4          0         12          0         80   os_timer.o
      4852        542         96         17         12       2296   patch.o
      1068         30         32          0        764        324   pbap.o
        72         10          0          4        284         76   pbap_app.o
        72          4        140          0          0         80   pbap_sdp.o
       212         18          0          0          0        464   pbapobs.o
      1884          6          0          0          0        192   pmu_patch.o
     12150        350          8         10          0       3424   protocol_patch.o
      3412        128          0         13          0        532   rf_patch.o
        60          6          0          4          0         80   spp_api.o
       320          4          0          4          0        404   sys_utils.o
       430         48          0         28          0        232   user_bond_manage.o
        12          6          0          0          0         68   putchar.o
        44          4          0          0          0         84   puts.o

    ----------------------------------------------------------------------
     62208       3052       1388        548       5676      30668   Library Totals
        66          0          9         38          2          0   (incl. Padding)

    ----------------------------------------------------------------------

      Code (inc. data)   RO Data    RW Data    ZI Data      Debug   Library Name

     62086       3042       1379        510       5674      30516   5080_host.lib
        56         10          0          0          0        152   c_w.l

    ----------------------------------------------------------------------
     62208       3052       1388        548       5676      30668   Library Totals

    ----------------------------------------------------------------------

==============================================================================


      Code (inc. data)   RO Data    RW Data    ZI Data      Debug   

     67460       3918       1788        564       5728      64056   Grand Totals
     67460       3918       1788        564       5728      64056   ELF Image Totals
     67460       3918       1788        564          0          0   ROM Totals

==============================================================================

    Total RO  Size (Code + RO Data)                69248 (  67.62kB)
    Total RW  Size (RW Data + ZI Data)              6292 (   6.14kB)
    Total ROM Size (Code + RO Data + RW Data)      69812 (  68.18kB)

==============================================================================

